CINDA BACKUP   BCK00220240426 169407  72453
      1) Area:2 Z=0   NN-1      bl:22    ln:51   
      2) Area:2 Z=1   H-0       bl:1     ln:2    
      3) Area:2 Z=1   H-1       bl:1031  ln:2372 
      4) Area:2 Z=1   H-2       bl:722   ln:1720 
      5) Area:2 Z=1   H-3       bl:101   ln:216  
      6) Area:2 Z=1   H-BNZ     bl:22    ln:37   
      7) Area:2 Z=1   H-CMP     bl:10    ln:14   
      8) Area:2 Z=1   H-CXX     bl:52    ln:108  
      9) Area:2 Z=1   H-D2O     bl:67    ln:116  
     10) Area:2 Z=1   H-DXX     bl:14    ln:28   
     11) Area:2 Z=1   H-MTH     bl:13    ln:17   
     12) Area:2 Z=1   H-PFN     bl:1     ln:1    
     13) Area:2 Z=1   H-PHL     bl:16    ln:26   
     14) Area:2 Z=1   H-PLE     bl:78    ln:147  
     15) Area:2 Z=1   H-WTR     bl:110   ln:192  
     16) Area:2 Z=2   HE-0      bl:5     ln:12   
     17) Area:2 Z=2   HE-3      bl:227   ln:564  
     18) Area:2 Z=2   HE-4      bl:329   ln:745  
     19) Area:2 Z=2   HE-5      bl:1     ln:2    
     20) Area:2 Z=2   HE-6      bl:12    ln:30   
     21) Area:2 Z=2   HE-8      bl:12    ln:37   
     22) Area:2 Z=3   LI-0      bl:64    ln:156  
     23) Area:2 Z=3   LI-11     bl:3     ln:7    
     24) Area:2 Z=3   LI-5      bl:1     ln:2    
     25) Area:2 Z=3   LI-6      bl:545   ln:1468 
     26) Area:2 Z=3   LI-7      bl:513   ln:1283 
     27) Area:2 Z=3   LI-8      bl:8     ln:26   
     28) Area:2 Z=3   LI-9      bl:3     ln:5    
     29) Area:2 Z=3   LI-CMP    bl:4     ln:9    
     30) Area:2 Z=4   BE-10     bl:6     ln:10   
     31) Area:2 Z=4   BE-11     bl:5     ln:13   
     32) Area:2 Z=4   BE-12     bl:1     ln:2    
     33) Area:2 Z=4   BE-14     bl:5     ln:11   
     34) Area:2 Z=4   BE-7      bl:38    ln:84   
     35) Area:2 Z=4   BE-9      bl:932   ln:2251 
     36) Area:2 Z=4   BE-CMP    bl:4     ln:4    
     37) Area:2 Z=4   BE-OXI    bl:21    ln:33   
     38) Area:2 Z=5   B-0       bl:64    ln:155  
     39) Area:2 Z=5   B-10      bl:366   ln:960  
     40) Area:2 Z=5   B-11      bl:329   ln:791  
     41) Area:2 Z=5   B-12      bl:1     ln:4    
     42) Area:2 Z=5   B-13      bl:1     ln:2    
     43) Area:2 Z=5   B-14      bl:1     ln:2    
     44) Area:2 Z=5   B-15      bl:1     ln:2    
     45) Area:2 Z=5   B-17      bl:2     ln:5    
     46) Area:2 Z=5   B-8       bl:1     ln:3    
     47) Area:2 Z=5   B-CMP     bl:6     ln:18   
     48) Area:2 Z=6   C-0       bl:385   ln:1014 
     49) Area:2 Z=6   C-10      bl:2     ln:4    
     50) Area:2 Z=6   C-11      bl:9     ln:14   
     51) Area:2 Z=6   C-12      bl:2056  ln:5383 
     52) Area:2 Z=6   C-13      bl:217   ln:541  
     53) Area:2 Z=6   C-14      bl:32    ln:82   
     54) Area:2 Z=6   C-15      bl:2     ln:3    
     55) Area:2 Z=6   C-16      bl:3     ln:7    
     56) Area:2 Z=6   C-17      bl:1     ln:1    
     57) Area:2 Z=6   C-9       bl:1     ln:2    
     58) Area:2 Z=6   C-CMP     bl:14    ln:39   
     59) Area:2 Z=7   N-0       bl:38    ln:100  
     60) Area:2 Z=7   N-13      bl:11    ln:28   
     61) Area:2 Z=7   N-14      bl:566   ln:1455 
     62) Area:2 Z=7   N-15      bl:132   ln:277  
     63) Area:2 Z=7   N-16      bl:1     ln:1    
     64) Area:2 Z=7   N-17      bl:3     ln:6    
     65) Area:2 Z=7   N-18      bl:1     ln:1    
     66) Area:2 Z=7   N-19      bl:2     ln:5    
     67) Area:2 Z=7   N-21      bl:2     ln:5    
     68) Area:2 Z=7   N-AIR     bl:1     ln:2    
     69) Area:2 Z=7   N-AMM     bl:8     ln:9    
     70) Area:2 Z=7   N-CMP     bl:2     ln:7    
     71) Area:2 Z=8   O-0       bl:61    ln:175  
     72) Area:2 Z=8   O-13      bl:1     ln:2    
     73) Area:2 Z=8   O-14      bl:12    ln:22   
     74) Area:2 Z=8   O-15      bl:7     ln:12   
     75) Area:2 Z=8   O-16      bl:882   ln:2245 
     76) Area:2 Z=8   O-17      bl:57    ln:153  
     77) Area:2 Z=8   O-18      bl:142   ln:361  
     78) Area:2 Z=8   O-19      bl:2     ln:3    
     79) Area:2 Z=8   O-20      bl:7     ln:14   
     80) Area:2 Z=8   O-21      bl:2     ln:3    
     81) Area:2 Z=8   O-22      bl:5     ln:10   
     82) Area:2 Z=8   O-23      bl:1     ln:2    
     83) Area:2 Z=8   O-24      bl:1     ln:2    
     84) Area:2 Z=8   O-CMP     bl:1     ln:2    
     85) Area:2 Z=9   F-17      bl:2     ln:4    
     86) Area:2 Z=9   F-18      bl:13    ln:36   
     87) Area:2 Z=9   F-19      bl:428   ln:1013 
     88) Area:2 Z=9   F-20      bl:4     ln:8    
     89) Area:2 Z=9   F-23      bl:1     ln:3    
     90) Area:2 Z=9   F-25      bl:1     ln:4    
     91) Area:2 Z=9   F-CMP     bl:2     ln:11   
     92) Area:2 Z=10  NE-0      bl:39    ln:94   
     93) Area:2 Z=10  NE-17     bl:7     ln:22   
     94) Area:2 Z=10  NE-18     bl:3     ln:6    
     95) Area:2 Z=10  NE-19     bl:5     ln:10   
     96) Area:2 Z=10  NE-20     bl:141   ln:362  
     97) Area:2 Z=10  NE-21     bl:22    ln:85   
     98) Area:2 Z=10  NE-22     bl:77    ln:209  
     99) Area:2 Z=10  NE-23     bl:1     ln:5    
    100) Area:2 Z=10  NE-24     bl:1     ln:2    
    101) Area:2 Z=10  NE-28     bl:1     ln:2    
    102) Area:2 Z=10  NE-29     bl:2     ln:4    
    103) Area:2 Z=10  NE-30     bl:1     ln:2    
    104) Area:2 Z=11  NA-20     bl:1     ln:2    
    105) Area:2 Z=11  NA-21     bl:2     ln:4    
    106) Area:2 Z=11  NA-22     bl:23    ln:28   
    107) Area:2 Z=11  NA-23     bl:468   ln:1114 
    108) Area:2 Z=11  NA-24     bl:12    ln:27   
    109) Area:2 Z=11  NA-CMP    bl:9     ln:14   
    110) Area:2 Z=12  MG-0      bl:156   ln:439  
    111) Area:2 Z=12  MG-23     bl:1     ln:1    
    112) Area:2 Z=12  MG-24     bl:365   ln:920  
    113) Area:2 Z=12  MG-25     bl:112   ln:273  
    114) Area:2 Z=12  MG-26     bl:151   ln:354  
    115) Area:2 Z=12  MG-27     bl:4     ln:10   
    116) Area:2 Z=12  MG-28     bl:2     ln:4    
    117) Area:2 Z=12  MG-29     bl:2     ln:4    
    118) Area:2 Z=12  MG-30     bl:2     ln:4    
    119) Area:2 Z=12  MG-31     bl:2     ln:4    
    120) Area:2 Z=12  MG-32     bl:3     ln:6    
    121) Area:2 Z=12  MG-33     bl:2     ln:4    
    122) Area:2 Z=12  MG-34     bl:3     ln:6    
    123) Area:2 Z=12  MG-35     bl:2     ln:4    
    124) Area:2 Z=12  MG-36     bl:3     ln:6    
    125) Area:2 Z=12  MG-37     bl:2     ln:4    
    126) Area:2 Z=12  MG-38     bl:2     ln:4    
    127) Area:2 Z=12  MG-CMP    bl:8     ln:11   
    128) Area:2 Z=13  AL-23     bl:5     ln:10   
    129) Area:2 Z=13  AL-25     bl:4     ln:8    
    130) Area:2 Z=13  AL-26     bl:36    ln:76   
    131) Area:2 Z=13  AL-26-M1  bl:1     ln:2    
    132) Area:2 Z=13  AL-27     bl:1418  ln:3728 
    133) Area:2 Z=13  AL-28     bl:5     ln:11   
    134) Area:2 Z=13  AL-CMP    bl:7     ln:13   
    135) Area:2 Z=13  AL-OXI    bl:4     ln:15   
    136) Area:2 Z=14  SI-0      bl:308   ln:841  
    137) Area:2 Z=14  SI-26     bl:2     ln:4    
    138) Area:2 Z=14  SI-27     bl:1     ln:1    
    139) Area:2 Z=14  SI-28     bl:647   ln:1808 
    140) Area:2 Z=14  SI-29     bl:127   ln:293  
    141) Area:2 Z=14  SI-30     bl:176   ln:396  
    142) Area:2 Z=14  SI-31     bl:5     ln:7    
    143) Area:2 Z=14  SI-32     bl:2     ln:2    
    144) Area:2 Z=14  SI-CMP    bl:2     ln:2    
    145) Area:2 Z=14  SI-OXI    bl:23    ln:54   
    146) Area:2 Z=15  P-29      bl:2     ln:2    
    147) Area:2 Z=15  P-30      bl:3     ln:5    
    148) Area:2 Z=15  P-31      bl:293   ln:678  
    149) Area:2 Z=15  P-32      bl:8     ln:10   
    150) Area:2 Z=15  P-CMP     bl:2     ln:4    
    151) Area:2 Z=16  S-0       bl:129   ln:349  
    152) Area:2 Z=16  S-28      bl:1     ln:2    
    153) Area:2 Z=16  S-30      bl:1     ln:2    
    154) Area:2 Z=16  S-32      bl:314   ln:809  
    155) Area:2 Z=16  S-33      bl:62    ln:127  
    156) Area:2 Z=16  S-34      bl:75    ln:147  
    157) Area:2 Z=16  S-35      bl:2     ln:2    
    158) Area:2 Z=16  S-36      bl:23    ln:51   
    159) Area:2 Z=16  S-37      bl:1     ln:1    
    160) Area:2 Z=16  S-38      bl:1     ln:1    
    161) Area:2 Z=16  S-39      bl:1     ln:1    
    162) Area:2 Z=16  S-40      bl:1     ln:1    
    163) Area:2 Z=16  S-41      bl:1     ln:1    
    164) Area:2 Z=16  S-42      bl:1     ln:1    
    165) Area:2 Z=16  S-43      bl:1     ln:1    
    166) Area:2 Z=16  S-44      bl:1     ln:1    
    167) Area:2 Z=16  S-45      bl:1     ln:1    
    168) Area:2 Z=16  S-CMP     bl:1     ln:2    
    169) Area:2 Z=17  CL-0      bl:87    ln:214  
    170) Area:2 Z=17  CL-34     bl:1     ln:1    
    171) Area:2 Z=17  CL-35     bl:109   ln:229  
    172) Area:2 Z=17  CL-36     bl:30    ln:83   
    173) Area:2 Z=17  CL-37     bl:74    ln:178  
    174) Area:2 Z=17  CL-38     bl:1     ln:2    
    175) Area:2 Z=17  CL-CMP    bl:11    ln:20   
    176) Area:2 Z=18  AR-0      bl:32    ln:80   
    177) Area:2 Z=18  AR-36     bl:38    ln:66   
    178) Area:2 Z=18  AR-37     bl:24    ln:58   
    179) Area:2 Z=18  AR-38     bl:31    ln:56   
    180) Area:2 Z=18  AR-39     bl:6     ln:12   
    181) Area:2 Z=18  AR-40     bl:98    ln:196  
    182) Area:2 Z=18  AR-41     bl:3     ln:3    
    183) Area:2 Z=18  AR-44     bl:1     ln:2    
    184) Area:2 Z=18  AR-46     bl:1     ln:5    
    185) Area:2 Z=19  K-0       bl:56    ln:116  
    186) Area:2 Z=19  K-39      bl:109   ln:247  
    187) Area:2 Z=19  K-40      bl:41    ln:92   
    188) Area:2 Z=19  K-41      bl:114   ln:234  
    189) Area:2 Z=19  K-42      bl:2     ln:2    
    190) Area:2 Z=19  K-CMP     bl:10    ln:15   
    191) Area:2 Z=20  CA-0      bl:138   ln:345  
    192) Area:2 Z=20  CA-40     bl:412   ln:983  
    193) Area:2 Z=20  CA-41     bl:35    ln:75   
    194) Area:2 Z=20  CA-42     bl:70    ln:145  
    195) Area:2 Z=20  CA-43     bl:54    ln:95   
    196) Area:2 Z=20  CA-44     bl:146   ln:314  
    197) Area:2 Z=20  CA-45     bl:11    ln:15   
    198) Area:2 Z=20  CA-46     bl:39    ln:86   
    199) Area:2 Z=20  CA-48     bl:125   ln:286  
    200) Area:2 Z=20  CA-CMP    bl:11    ln:20   
    201) Area:2 Z=21  SC-43     bl:1     ln:2    
    202) Area:2 Z=21  SC-44     bl:3     ln:6    
    203) Area:2 Z=21  SC-45     bl:246   ln:519  
    204) Area:2 Z=21  SC-46     bl:7     ln:13   
    205) Area:2 Z=21  SC-48     bl:1     ln:1    
    206) Area:2 Z=21  SC-51     bl:3     ln:3    
    207) Area:2 Z=21  SC-55     bl:2     ln:5    
    208) Area:2 Z=22  TI-0      bl:257   ln:669  
    209) Area:2 Z=22  TI-42     bl:1     ln:1    
    210) Area:2 Z=22  TI-44     bl:1     ln:3    
    211) Area:2 Z=22  TI-45     bl:1     ln:2    
    212) Area:2 Z=22  TI-46     bl:185   ln:452  
    213) Area:2 Z=22  TI-47     bl:154   ln:393  
    214) Area:2 Z=22  TI-48     bl:242   ln:582  
    215) Area:2 Z=22  TI-49     bl:74    ln:161  
    216) Area:2 Z=22  TI-50     bl:162   ln:391  
    217) Area:2 Z=22  TI-51     bl:4     ln:5    
    218) Area:2 Z=22  TI-CMP    bl:9     ln:12   
    219) Area:2 Z=22  TI-HYD    bl:1     ln:2    
    220) Area:2 Z=23  V-0       bl:54    ln:178  
    221) Area:2 Z=23  V-49      bl:1     ln:1    
    222) Area:2 Z=23  V-50      bl:25    ln:48   
    223) Area:2 Z=23  V-51      bl:489   ln:1246 
    224) Area:2 Z=23  V-52      bl:6     ln:10   
    225) Area:2 Z=23  V-63      bl:1     ln:2    
    226) Area:2 Z=23  V-CMP     bl:13    ln:18   
    227) Area:2 Z=24  CR-0      bl:293   ln:755  
    228) Area:2 Z=24  CR-49     bl:1     ln:1    
    229) Area:2 Z=24  CR-50     bl:252   ln:579  
    230) Area:2 Z=24  CR-51     bl:12    ln:21   
    231) Area:2 Z=24  CR-52     bl:308   ln:730  
    232) Area:2 Z=24  CR-53     bl:156   ln:402  
    233) Area:2 Z=24  CR-54     bl:125   ln:287  
    234) Area:2 Z=24  CR-55     bl:6     ln:10   
    235) Area:2 Z=24  CR-CMP    bl:14    ln:16   
    236) Area:2 Z=24  CR-OXI    bl:1     ln:2    
    237) Area:2 Z=25  MN-51     bl:1     ln:1    
    238) Area:2 Z=25  MN-52     bl:1     ln:2    
    239) Area:2 Z=25  MN-53     bl:5     ln:12   
    240) Area:2 Z=25  MN-54     bl:3     ln:4    
    241) Area:2 Z=25  MN-55     bl:502   ln:1167 
    242) Area:2 Z=25  MN-56     bl:13    ln:25   
    243) Area:2 Z=25  MN-66     bl:1     ln:2    
    244) Area:2 Z=25  MN-67     bl:1     ln:2    
    245) Area:2 Z=25  MN-CMP    bl:28    ln:30   
    246) Area:2 Z=26  FE-0      bl:642   ln:1658 
    247) Area:2 Z=26  FE-49     bl:2     ln:4    
    248) Area:2 Z=26  FE-52     bl:1     ln:1    
    249) Area:2 Z=26  FE-54     bl:447   ln:1058 
    250) Area:2 Z=26  FE-55     bl:14    ln:28   
    251) Area:2 Z=26  FE-56     bl:710   ln:1789 
    252) Area:2 Z=26  FE-57     bl:158   ln:397  
    253) Area:2 Z=26  FE-58     bl:145   ln:342  
    254) Area:2 Z=26  FE-59     bl:9     ln:15   
    255) Area:2 Z=26  FE-60     bl:2     ln:8    
    256) Area:2 Z=26  FE-67     bl:1     ln:2    
    257) Area:2 Z=26  FE-68     bl:2     ln:4    
    258) Area:2 Z=26  FE-CMP    bl:46    ln:57   
    259) Area:2 Z=27  CO-55     bl:2     ln:2    
    260) Area:2 Z=27  CO-56     bl:1     ln:1    
    261) Area:2 Z=27  CO-57     bl:3     ln:4    
    262) Area:2 Z=27  CO-58     bl:37    ln:46   
    263) Area:2 Z=27  CO-58-M1  bl:2     ln:2    
    264) Area:2 Z=27  CO-59     bl:796   ln:1939 
    265) Area:2 Z=27  CO-60     bl:22    ln:38   
    266) Area:2 Z=27  CO-68     bl:3     ln:6    
    267) Area:2 Z=27  CO-69     bl:4     ln:8    
    268) Area:2 Z=27  CO-70     bl:2     ln:4    
    269) Area:2 Z=27  CO-71     bl:2     ln:4    
    270) Area:2 Z=27  CO-CMP    bl:7     ln:10   
    271) Area:2 Z=27  CO-OXI    bl:1     ln:3    
    272) Area:2 Z=28  NI-0      bl:515   ln:1305 
    273) Area:2 Z=28  NI-56     bl:6     ln:11   
    274) Area:2 Z=28  NI-57     bl:1     ln:2    
    275) Area:2 Z=28  NI-58     bl:834   ln:2058 
    276) Area:2 Z=28  NI-59     bl:36    ln:78   
    277) Area:2 Z=28  NI-60     bl:444   ln:1001 
    278) Area:2 Z=28  NI-61     bl:169   ln:401  
    279) Area:2 Z=28  NI-62     bl:237   ln:565  
    280) Area:2 Z=28  NI-63     bl:27    ln:54   
    281) Area:2 Z=28  NI-64     bl:223   ln:520  
    282) Area:2 Z=28  NI-65     bl:10    ln:18   
    283) Area:2 Z=28  NI-66     bl:1     ln:3    
    284) Area:2 Z=28  NI-68     bl:1     ln:3    
    285) Area:2 Z=28  NI-70     bl:3     ln:6    
    286) Area:2 Z=28  NI-72     bl:3     ln:6    
    287) Area:2 Z=28  NI-73     bl:2     ln:4    
    288) Area:2 Z=28  NI-74     bl:6     ln:12   
    289) Area:2 Z=28  NI-CMP    bl:8     ln:9    
    290) Area:2 Z=28  NI-OXI    bl:1     ln:2    
    291) Area:2 Z=29  CU-0      bl:563   ln:1488 
    292) Area:2 Z=29  CU-59     bl:2     ln:3    
    293) Area:2 Z=29  CU-61     bl:1     ln:1    
    294) Area:2 Z=29  CU-63     bl:428   ln:986  
    295) Area:2 Z=29  CU-64     bl:10    ln:16   
    296) Area:2 Z=29  CU-65     bl:312   ln:747  
    297) Area:2 Z=29  CU-66     bl:5     ln:9    
    298) Area:2 Z=29  CU-74     bl:3     ln:6    
    299) Area:2 Z=29  CU-75     bl:3     ln:6    
    300) Area:2 Z=29  CU-77     bl:1     ln:2    
    301) Area:2 Z=29  CU-78     bl:1     ln:2    
    302) Area:2 Z=29  CU-79     bl:1     ln:2    
    303) Area:2 Z=29  CU-CMP    bl:9     ln:10   
    304) Area:2 Z=30  ZN-0      bl:174   ln:472  
    305) Area:2 Z=30  ZN-60     bl:1     ln:1    
    306) Area:2 Z=30  ZN-64     bl:296   ln:753  
    307) Area:2 Z=30  ZN-65     bl:13    ln:22   
    308) Area:2 Z=30  ZN-66     bl:134   ln:313  
    309) Area:2 Z=30  ZN-67     bl:77    ln:173  
    310) Area:2 Z=30  ZN-68     bl:154   ln:352  
    311) Area:2 Z=30  ZN-69     bl:3     ln:4    
    312) Area:2 Z=30  ZN-70     bl:48    ln:108  
    313) Area:2 Z=30  ZN-71     bl:1     ln:2    
    314) Area:2 Z=30  ZN-72     bl:3     ln:5    
    315) Area:2 Z=30  ZN-75     bl:2     ln:4    
    316) Area:2 Z=30  ZN-76     bl:3     ln:6    
    317) Area:2 Z=30  ZN-78     bl:2     ln:5    
    318) Area:2 Z=30  ZN-79     bl:2     ln:4    
    319) Area:2 Z=30  ZN-80     bl:3     ln:6    
    320) Area:2 Z=30  ZN-CMP    bl:3     ln:5    
    321) Area:2 Z=31  GA-0      bl:76    ln:164  
    322) Area:2 Z=31  GA-64     bl:1     ln:1    
    323) Area:2 Z=31  GA-67     bl:1     ln:1    
    324) Area:2 Z=31  GA-68     bl:1     ln:1    
    325) Area:2 Z=31  GA-69     bl:96    ln:229  
    326) Area:2 Z=31  GA-70     bl:3     ln:4    
    327) Area:2 Z=31  GA-71     bl:100   ln:248  
    328) Area:2 Z=31  GA-72     bl:4     ln:6    
    329) Area:2 Z=31  GA-80     bl:2     ln:4    
    330) Area:2 Z=31  GA-81     bl:3     ln:6    
    331) Area:2 Z=31  GA-82     bl:2     ln:4    
    332) Area:2 Z=31  GA-CMP    bl:1     ln:2    
    333) Area:2 Z=32  GE-0      bl:48    ln:115  
    334) Area:2 Z=32  GE-70     bl:101   ln:197  
    335) Area:2 Z=32  GE-71     bl:2     ln:2    
    336) Area:2 Z=32  GE-72     bl:93    ln:185  
    337) Area:2 Z=32  GE-73     bl:65    ln:119  
    338) Area:2 Z=32  GE-74     bl:123   ln:252  
    339) Area:2 Z=32  GE-75     bl:6     ln:10   
    340) Area:2 Z=32  GE-76     bl:120   ln:261  
    341) Area:2 Z=32  GE-77     bl:6     ln:9    
    342) Area:2 Z=32  GE-CMP    bl:1     ln:1    
    343) Area:2 Z=33  AS-75     bl:289   ln:648  
    344) Area:2 Z=33  AS-76     bl:3     ln:4    
    345) Area:2 Z=33  AS-77     bl:3     ln:5    
    346) Area:2 Z=33  AS-78     bl:1     ln:2    
    347) Area:2 Z=33  AS-CMP    bl:2     ln:4    
    348) Area:2 Z=33  AS-OXI    bl:1     ln:2    
    349) Area:2 Z=34  SE-0      bl:54    ln:128  
    350) Area:2 Z=34  SE-73     bl:3     ln:5    
    351) Area:2 Z=34  SE-74     bl:86    ln:201  
    352) Area:2 Z=34  SE-75     bl:6     ln:6    
    353) Area:2 Z=34  SE-76     bl:129   ln:352  
    354) Area:2 Z=34  SE-77     bl:80    ln:187  
    355) Area:2 Z=34  SE-78     bl:108   ln:304  
    356) Area:2 Z=34  SE-79     bl:23    ln:29   
    357) Area:2 Z=34  SE-80     bl:134   ln:346  
    358) Area:2 Z=34  SE-81     bl:6     ln:8    
    359) Area:2 Z=34  SE-82     bl:73    ln:227  
    360) Area:2 Z=34  SE-83     bl:3     ln:3    
    361) Area:2 Z=34  SE-87     bl:1     ln:1    
    362) Area:2 Z=34  SE-88     bl:1     ln:1    
    363) Area:2 Z=34  SE-89     bl:2     ln:4    
    364) Area:2 Z=34  SE-90     bl:2     ln:4    
    365) Area:2 Z=34  SE-CMP    bl:4     ln:4    
    366) Area:2 Z=35  BR-0      bl:60    ln:172  
    367) Area:2 Z=35  BR-76     bl:2     ln:10   
    368) Area:2 Z=35  BR-79     bl:120   ln:273  
    369) Area:2 Z=35  BR-80     bl:9     ln:11   
    370) Area:2 Z=35  BR-81     bl:132   ln:286  
    371) Area:2 Z=35  BR-82     bl:8     ln:10   
    372) Area:2 Z=35  BR-85     bl:3     ln:3    
    373) Area:2 Z=35  BR-87     bl:1     ln:1    
    374) Area:2 Z=35  BR-88     bl:1     ln:1    
    375) Area:2 Z=35  BR-89     bl:1     ln:1    
    376) Area:2 Z=35  BR-94     bl:1     ln:2    
    377) Area:2 Z=35  BR-95     bl:2     ln:4    
    378) Area:2 Z=35  BR-CMP    bl:1     ln:1    
    379) Area:2 Z=36  KR-0      bl:37    ln:102  
    380) Area:2 Z=36  KR-78     bl:37    ln:71   
    381) Area:2 Z=36  KR-79     bl:9     ln:12   
    382) Area:2 Z=36  KR-80     bl:38    ln:71   
    383) Area:2 Z=36  KR-81     bl:11    ln:14   
    384) Area:2 Z=36  KR-82     bl:48    ln:86   
    385) Area:2 Z=36  KR-83     bl:38    ln:68   
    386) Area:2 Z=36  KR-84     bl:62    ln:119  
    387) Area:2 Z=36  KR-85     bl:21    ln:27   
    388) Area:2 Z=36  KR-86     bl:54    ln:104  
    389) Area:2 Z=36  KR-87     bl:1     ln:1    
    390) Area:2 Z=36  KR-89     bl:1     ln:1    
    391) Area:2 Z=36  KR-90     bl:1     ln:1    
    392) Area:2 Z=36  KR-91     bl:1     ln:1    
    393) Area:2 Z=36  KR-95     bl:1     ln:2    
    394) Area:2 Z=36  KR-96     bl:2     ln:4    
    395) Area:2 Z=36  KR-97     bl:2     ln:4    
    396) Area:2 Z=36  KR-98     bl:1     ln:2    
    397) Area:2 Z=37  RB-0      bl:41    ln:105  
    398) Area:2 Z=37  RB-100    bl:1     ln:2    
    399) Area:2 Z=37  RB-83     bl:2     ln:4    
    400) Area:2 Z=37  RB-84     bl:5     ln:14   
    401) Area:2 Z=37  RB-85     bl:150   ln:303  
    402) Area:2 Z=37  RB-86     bl:13    ln:19   
    403) Area:2 Z=37  RB-87     bl:117   ln:237  
    404) Area:2 Z=37  RB-88     bl:1     ln:1    
    405) Area:2 Z=37  RB-91     bl:1     ln:1    
    406) Area:2 Z=37  RB-92     bl:1     ln:1    
    407) Area:2 Z=37  RB-93     bl:1     ln:1    
    408) Area:2 Z=37  RB-94     bl:1     ln:1    
    409) Area:2 Z=37  RB-97     bl:3     ln:6    
    410) Area:2 Z=37  RB-98     bl:1     ln:2    
    411) Area:2 Z=37  RB-99     bl:1     ln:2    
    412) Area:2 Z=37  RB-CMP    bl:5     ln:5    
    413) Area:2 Z=38  SR-0      bl:53    ln:126  
    414) Area:2 Z=38  SR-100    bl:4     ln:8    
    415) Area:2 Z=38  SR-101    bl:2     ln:4    
    416) Area:2 Z=38  SR-102    bl:2     ln:4    
    417) Area:2 Z=38  SR-84     bl:52    ln:130  
    418) Area:2 Z=38  SR-85     bl:3     ln:4    
    419) Area:2 Z=38  SR-86     bl:82    ln:202  
    420) Area:2 Z=38  SR-87     bl:50    ln:99   
    421) Area:2 Z=38  SR-88     bl:109   ln:227  
    422) Area:2 Z=38  SR-89     bl:16    ln:23   
    423) Area:2 Z=38  SR-90     bl:39    ln:102  
    424) Area:2 Z=38  SR-91     bl:4     ln:6    
    425) Area:2 Z=38  SR-92     bl:1     ln:2    
    426) Area:2 Z=38  SR-93     bl:1     ln:1    
    427) Area:2 Z=38  SR-94     bl:2     ln:3    
    428) Area:2 Z=38  SR-95     bl:1     ln:1    
    429) Area:2 Z=38  SR-96     bl:2     ln:3    
    430) Area:2 Z=38  SR-97     bl:1     ln:1    
    431) Area:2 Z=38  SR-CMP    bl:4     ln:5    
    432) Area:2 Z=39  Y-102     bl:2     ln:4    
    433) Area:2 Z=39  Y-103     bl:2     ln:4    
    434) Area:2 Z=39  Y-87      bl:1     ln:1    
    435) Area:2 Z=39  Y-88      bl:3     ln:3    
    436) Area:2 Z=39  Y-89      bl:347   ln:883  
    437) Area:2 Z=39  Y-90      bl:13    ln:18   
    438) Area:2 Z=39  Y-91      bl:14    ln:20   
    439) Area:2 Z=39  Y-93      bl:2     ln:3    
    440) Area:2 Z=39  Y-95      bl:1     ln:1    
    441) Area:2 Z=39  Y-96      bl:1     ln:1    
    442) Area:2 Z=39  Y-97      bl:1     ln:1    
    443) Area:2 Z=39  Y-99      bl:1     ln:1    
    444) Area:2 Z=39  Y-CMP     bl:9     ln:9    
    445) Area:2 Z=40  ZR-0      bl:159   ln:428  
    446) Area:2 Z=40  ZR-100    bl:1     ln:1    
    447) Area:2 Z=40  ZR-101    bl:1     ln:1    
    448) Area:2 Z=40  ZR-102    bl:1     ln:1    
    449) Area:2 Z=40  ZR-103    bl:1     ln:1    
    450) Area:2 Z=40  ZR-109    bl:1     ln:2    
    451) Area:2 Z=40  ZR-89     bl:2     ln:3    
    452) Area:2 Z=40  ZR-90     bl:393   ln:997  
    453) Area:2 Z=40  ZR-91     bl:141   ln:405  
    454) Area:2 Z=40  ZR-92     bl:139   ln:322  
    455) Area:2 Z=40  ZR-93     bl:57    ln:100  
    456) Area:2 Z=40  ZR-94     bl:149   ln:321  
    457) Area:2 Z=40  ZR-95     bl:19    ln:29   
    458) Area:2 Z=40  ZR-96     bl:138   ln:347  
    459) Area:2 Z=40  ZR-97     bl:5     ln:7    
    460) Area:2 Z=40  ZR-98     bl:1     ln:1    
    461) Area:2 Z=40  ZR-99     bl:1     ln:1    
    462) Area:2 Z=40  ZR-ALY    bl:1     ln:3    
    463) Area:2 Z=40  ZR-HYD    bl:33    ln:58   
    464) Area:2 Z=40  ZR-OXI    bl:1     ln:4    
    465) Area:2 Z=41  NB-101    bl:1     ln:1    
    466) Area:2 Z=41  NB-102    bl:1     ln:1    
    467) Area:2 Z=41  NB-103    bl:1     ln:1    
    468) Area:2 Z=41  NB-104    bl:1     ln:1    
    469) Area:2 Z=41  NB-109    bl:1     ln:2    
    470) Area:2 Z=41  NB-110    bl:2     ln:4    
    471) Area:2 Z=41  NB-111    bl:2     ln:4    
    472) Area:2 Z=41  NB-92     bl:6     ln:6    
    473) Area:2 Z=41  NB-93     bl:743   ln:1709 
    474) Area:2 Z=41  NB-94     bl:19    ln:32   
    475) Area:2 Z=41  NB-95     bl:19    ln:30   
    476) Area:2 Z=41  NB-99     bl:1     ln:1    
    477) Area:2 Z=41  NB-CMP    bl:6     ln:7    
    478) Area:2 Z=42  MO-0      bl:249   ln:628  
    479) Area:2 Z=42  MO-100    bl:280   ln:601  
    480) Area:2 Z=42  MO-101    bl:4     ln:4    
    481) Area:2 Z=42  MO-102    bl:1     ln:1    
    482) Area:2 Z=42  MO-103    bl:1     ln:1    
    483) Area:2 Z=42  MO-104    bl:1     ln:1    
    484) Area:2 Z=42  MO-105    bl:1     ln:1    
    485) Area:2 Z=42  MO-110    bl:1     ln:2    
    486) Area:2 Z=42  MO-111    bl:2     ln:4    
    487) Area:2 Z=42  MO-112    bl:4     ln:8    
    488) Area:2 Z=42  MO-113    bl:1     ln:2    
    489) Area:2 Z=42  MO-91     bl:2     ln:4    
    490) Area:2 Z=42  MO-92     bl:299   ln:725  
    491) Area:2 Z=42  MO-93     bl:3     ln:5    
    492) Area:2 Z=42  MO-94     bl:158   ln:365  
    493) Area:2 Z=42  MO-95     bl:179   ln:386  
    494) Area:2 Z=42  MO-96     bl:181   ln:398  
    495) Area:2 Z=42  MO-97     bl:165   ln:355  
    496) Area:2 Z=42  MO-98     bl:288   ln:606  
    497) Area:2 Z=42  MO-99     bl:19    ln:27   
    498) Area:2 Z=43  TC-100    bl:4     ln:8    
    499) Area:2 Z=43  TC-106    bl:1     ln:1    
    500) Area:2 Z=43  TC-107    bl:1     ln:1    
    501) Area:2 Z=43  TC-113    bl:1     ln:2    
    502) Area:2 Z=43  TC-114    bl:1     ln:2    
    503) Area:2 Z=43  TC-97     bl:1     ln:1    
    504) Area:2 Z=43  TC-98     bl:2     ln:2    
    505) Area:2 Z=43  TC-99     bl:169   ln:455  
    506) Area:2 Z=44  RU-0      bl:25    ln:50   
    507) Area:2 Z=44  RU-100    bl:42    ln:79   
    508) Area:2 Z=44  RU-101    bl:92    ln:164  
    509) Area:2 Z=44  RU-102    bl:123   ln:258  
    510) Area:2 Z=44  RU-103    bl:35    ln:51   
    511) Area:2 Z=44  RU-104    bl:124   ln:268  
    512) Area:2 Z=44  RU-105    bl:9     ln:11   
    513) Area:2 Z=44  RU-106    bl:29    ln:45   
    514) Area:2 Z=44  RU-108    bl:1     ln:1    
    515) Area:2 Z=44  RU-96     bl:62    ln:146  
    516) Area:2 Z=44  RU-98     bl:17    ln:40   
    517) Area:2 Z=44  RU-99     bl:38    ln:70   
    518) Area:2 Z=44  RU-CMP    bl:1     ln:2    
    519) Area:2 Z=44  RU-OXI    bl:1     ln:2    
    520) Area:2 Z=45  RH-102    bl:1     ln:1    
    521) Area:2 Z=45  RH-103    bl:337   ln:792  
    522) Area:2 Z=45  RH-104    bl:11    ln:17   
    523) Area:2 Z=45  RH-105    bl:13    ln:17   
    524) Area:2 Z=45  RH-CMP    bl:1     ln:2    
    525) Area:2 Z=46  PD-0      bl:51    ln:117  
    526) Area:2 Z=46  PD-102    bl:46    ln:80   
    527) Area:2 Z=46  PD-103    bl:2     ln:2    
    528) Area:2 Z=46  PD-104    bl:79    ln:167  
    529) Area:2 Z=46  PD-105    bl:135   ln:285  
    530) Area:2 Z=46  PD-106    bl:118   ln:237  
    531) Area:2 Z=46  PD-107    bl:89    ln:147  
    532) Area:2 Z=46  PD-108    bl:158   ln:325  
    533) Area:2 Z=46  PD-109    bl:10    ln:15   
    534) Area:2 Z=46  PD-110    bl:114   ln:247  
    535) Area:2 Z=46  PD-111    bl:2     ln:2    
    536) Area:2 Z=46  PD-112    bl:2     ln:3    
    537) Area:2 Z=46  PD-CMP    bl:1     ln:1    
    538) Area:2 Z=47  AG-0      bl:239   ln:586  
    539) Area:2 Z=47  AG-103    bl:1     ln:1    
    540) Area:2 Z=47  AG-106    bl:1     ln:2    
    541) Area:2 Z=47  AG-107    bl:226   ln:552  
    542) Area:2 Z=47  AG-108    bl:7     ln:9    
    543) Area:2 Z=47  AG-109    bl:284   ln:670  
    544) Area:2 Z=47  AG-110    bl:13    ln:18   
    545) Area:2 Z=47  AG-110-M1 bl:2     ln:2    
    546) Area:2 Z=47  AG-111    bl:7     ln:8    
    547) Area:2 Z=47  AG-112    bl:1     ln:1    
    548) Area:2 Z=47  AG-CMP    bl:5     ln:7    
    549) Area:2 Z=48  CD-0      bl:163   ln:389  
    550) Area:2 Z=48  CD-103    bl:1     ln:1    
    551) Area:2 Z=48  CD-105    bl:1     ln:2    
    552) Area:2 Z=48  CD-106    bl:53    ln:97   
    553) Area:2 Z=48  CD-108    bl:31    ln:56   
    554) Area:2 Z=48  CD-109    bl:1     ln:2    
    555) Area:2 Z=48  CD-110    bl:84    ln:194  
    556) Area:2 Z=48  CD-111    bl:89    ln:184  
    557) Area:2 Z=48  CD-112    bl:125   ln:276  
    558) Area:2 Z=48  CD-113    bl:107   ln:238  
    559) Area:2 Z=48  CD-114    bl:106   ln:230  
    560) Area:2 Z=48  CD-115    bl:10    ln:15   
    561) Area:2 Z=48  CD-115-M1 bl:2     ln:5    
    562) Area:2 Z=48  CD-116    bl:94    ln:209  
    563) Area:2 Z=48  CD-117    bl:1     ln:1    
    564) Area:2 Z=48  CD-OXI    bl:1     ln:2    
    565) Area:2 Z=49  IN-0      bl:124   ln:305  
    566) Area:2 Z=49  IN-112    bl:4     ln:9    
    567) Area:2 Z=49  IN-113    bl:87    ln:210  
    568) Area:2 Z=49  IN-114    bl:8     ln:12   
    569) Area:2 Z=49  IN-114-M1 bl:1     ln:4    
    570) Area:2 Z=49  IN-115    bl:302   ln:744  
    571) Area:2 Z=49  IN-116    bl:4     ln:4    
    572) Area:2 Z=49  IN-124    bl:1     ln:1    
    573) Area:2 Z=50  SN-0      bl:138   ln:327  
    574) Area:2 Z=50  SN-112    bl:95    ln:205  
    575) Area:2 Z=50  SN-113    bl:4     ln:4    
    576) Area:2 Z=50  SN-114    bl:33    ln:58   
    577) Area:2 Z=50  SN-115    bl:26    ln:45   
    578) Area:2 Z=50  SN-116    bl:159   ln:382  
    579) Area:2 Z=50  SN-117    bl:80    ln:165  
    580) Area:2 Z=50  SN-118    bl:156   ln:368  
    581) Area:2 Z=50  SN-119    bl:73    ln:167  
    582) Area:2 Z=50  SN-120    bl:178   ln:411  
    583) Area:2 Z=50  SN-121    bl:11    ln:17   
    584) Area:2 Z=50  SN-122    bl:98    ln:212  
    585) Area:2 Z=50  SN-123    bl:17    ln:21   
    586) Area:2 Z=50  SN-124    bl:142   ln:315  
    587) Area:2 Z=50  SN-125    bl:9     ln:14   
    588) Area:2 Z=50  SN-126    bl:12    ln:18   
    589) Area:2 Z=50  SN-130    bl:1     ln:1    
    590) Area:2 Z=50  SN-131    bl:1     ln:1    
    591) Area:2 Z=50  SN-132    bl:9     ln:24   
    592) Area:2 Z=50  SN-CMP    bl:4     ln:6    
    593) Area:2 Z=50  SN-OXI    bl:2     ln:6    
    594) Area:2 Z=51  SB-0      bl:120   ln:309  
    595) Area:2 Z=51  SB-120    bl:5     ln:9    
    596) Area:2 Z=51  SB-121    bl:134   ln:265  
    597) Area:2 Z=51  SB-122    bl:12    ln:19   
    598) Area:2 Z=51  SB-123    bl:118   ln:233  
    599) Area:2 Z=51  SB-124    bl:16    ln:26   
    600) Area:2 Z=51  SB-125    bl:15    ln:21   
    601) Area:2 Z=51  SB-126    bl:7     ln:9    
    602) Area:2 Z=51  SB-127    bl:3     ln:5    
    603) Area:2 Z=51  SB-128    bl:2     ln:3    
    604) Area:2 Z=51  SB-130    bl:1     ln:1    
    605) Area:2 Z=51  SB-131    bl:1     ln:1    
    606) Area:2 Z=51  SB-132    bl:1     ln:1    
    607) Area:2 Z=51  SB-133    bl:1     ln:1    
    608) Area:2 Z=51  SB-CMP    bl:1     ln:1    
    609) Area:2 Z=52  TE-0      bl:75    ln:174  
    610) Area:2 Z=52  TE-116    bl:1     ln:1    
    611) Area:2 Z=52  TE-117    bl:1     ln:1    
    612) Area:2 Z=52  TE-118    bl:1     ln:1    
    613) Area:2 Z=52  TE-119    bl:2     ln:2    
    614) Area:2 Z=52  TE-120    bl:23    ln:45   
    615) Area:2 Z=52  TE-121    bl:2     ln:2    
    616) Area:2 Z=52  TE-122    bl:73    ln:197  
    617) Area:2 Z=52  TE-123    bl:61    ln:149  
    618) Area:2 Z=52  TE-124    bl:60    ln:145  
    619) Area:2 Z=52  TE-125    bl:55    ln:115  
    620) Area:2 Z=52  TE-126    bl:70    ln:150  
    621) Area:2 Z=52  TE-127    bl:15    ln:22   
    622) Area:2 Z=52  TE-127-M1 bl:2     ln:2    
    623) Area:2 Z=52  TE-128    bl:108   ln:240  
    624) Area:2 Z=52  TE-129    bl:14    ln:21   
    625) Area:2 Z=52  TE-129-M1 bl:2     ln:2    
    626) Area:2 Z=52  TE-130    bl:109   ln:240  
    627) Area:2 Z=52  TE-131    bl:9     ln:14   
    628) Area:2 Z=52  TE-132    bl:8     ln:10   
    629) Area:2 Z=52  TE-133    bl:2     ln:2    
    630) Area:2 Z=52  TE-134    bl:1     ln:1    
    631) Area:2 Z=52  TE-135    bl:1     ln:1    
    632) Area:2 Z=52  TE-CMP    bl:1     ln:2    
    633) Area:2 Z=53  I-125     bl:4     ln:7    
    634) Area:2 Z=53  I-126     bl:1     ln:1    
    635) Area:2 Z=53  I-127     bl:356   ln:836  
    636) Area:2 Z=53  I-128     bl:8     ln:12   
    637) Area:2 Z=53  I-129     bl:106   ln:234  
    638) Area:2 Z=53  I-130     bl:12    ln:17   
    639) Area:2 Z=53  I-131     bl:15    ln:20   
    640) Area:2 Z=53  I-132     bl:1     ln:1    
    641) Area:2 Z=53  I-133     bl:6     ln:8    
    642) Area:2 Z=53  I-134     bl:1     ln:1    
    643) Area:2 Z=53  I-135     bl:12    ln:14   
    644) Area:2 Z=53  I-136     bl:1     ln:1    
    645) Area:2 Z=53  I-137     bl:1     ln:1    
    646) Area:2 Z=53  I-138     bl:1     ln:1    
    647) Area:2 Z=54  XE-0      bl:36    ln:118  
    648) Area:2 Z=54  XE-124    bl:37    ln:89   
    649) Area:2 Z=54  XE-125    bl:2     ln:3    
    650) Area:2 Z=54  XE-126    bl:30    ln:64   
    651) Area:2 Z=54  XE-127    bl:2     ln:5    
    652) Area:2 Z=54  XE-128    bl:40    ln:102  
    653) Area:2 Z=54  XE-129    bl:39    ln:105  
    654) Area:2 Z=54  XE-130    bl:36    ln:90   
    655) Area:2 Z=54  XE-131    bl:71    ln:161  
    656) Area:2 Z=54  XE-132    bl:57    ln:139  
    657) Area:2 Z=54  XE-133    bl:15    ln:22   
    658) Area:2 Z=54  XE-134    bl:45    ln:106  
    659) Area:2 Z=54  XE-135    bl:33    ln:40   
    660) Area:2 Z=54  XE-136    bl:46    ln:96   
    661) Area:2 Z=54  XE-137    bl:1     ln:1    
    662) Area:2 Z=54  XE-138    bl:1     ln:1    
    663) Area:2 Z=54  XE-139    bl:1     ln:1    
    664) Area:2 Z=54  XE-140    bl:1     ln:1    
    665) Area:2 Z=55  CS-132    bl:2     ln:5    
    666) Area:2 Z=55  CS-133    bl:285   ln:617  
    667) Area:2 Z=55  CS-134    bl:26    ln:38   
    668) Area:2 Z=55  CS-135    bl:67    ln:131  
    669) Area:2 Z=55  CS-136    bl:13    ln:17   
    670) Area:2 Z=55  CS-137    bl:56    ln:117  
    671) Area:2 Z=55  CS-139    bl:1     ln:1    
    672) Area:2 Z=55  CS-140    bl:1     ln:1    
    673) Area:2 Z=55  CS-141    bl:1     ln:1    
    674) Area:2 Z=55  CS-142    bl:1     ln:1    
    675) Area:2 Z=55  CS-143    bl:1     ln:1    
    676) Area:2 Z=55  CS-CMP    bl:24    ln:39   
    677) Area:2 Z=56  BA-0      bl:55    ln:134  
    678) Area:2 Z=56  BA-130    bl:47    ln:101  
    679) Area:2 Z=56  BA-131    bl:3     ln:3    
    680) Area:2 Z=56  BA-132    bl:44    ln:103  
    681) Area:2 Z=56  BA-133    bl:1     ln:1    
    682) Area:2 Z=56  BA-134    bl:93    ln:256  
    683) Area:2 Z=56  BA-135    bl:79    ln:221  
    684) Area:2 Z=56  BA-136    bl:105   ln:281  
    685) Area:2 Z=56  BA-137    bl:102   ln:244  
    686) Area:2 Z=56  BA-138    bl:163   ln:427  
    687) Area:2 Z=56  BA-139    bl:4     ln:4    
    688) Area:2 Z=56  BA-140    bl:14    ln:18   
    689) Area:2 Z=56  BA-141    bl:1     ln:1    
    690) Area:2 Z=56  BA-142    bl:1     ln:1    
    691) Area:2 Z=56  BA-143    bl:1     ln:1    
    692) Area:2 Z=56  BA-144    bl:1     ln:1    
    693) Area:2 Z=56  BA-145    bl:1     ln:1    
    694) Area:2 Z=56  BA-146    bl:1     ln:1    
    695) Area:2 Z=56  BA-CMP    bl:1     ln:1    
    696) Area:2 Z=57  LA-0      bl:8     ln:22   
    697) Area:2 Z=57  LA-138    bl:16    ln:29   
    698) Area:2 Z=57  LA-139    bl:292   ln:661  
    699) Area:2 Z=57  LA-140    bl:12    ln:13   
    700) Area:2 Z=57  LA-144    bl:2     ln:3    
    701) Area:2 Z=57  LA-145    bl:1     ln:1    
    702) Area:2 Z=57  LA-CMP    bl:2     ln:5    
    703) Area:2 Z=58  CE-0      bl:74    ln:188  
    704) Area:2 Z=58  CE-132    bl:1     ln:4    
    705) Area:2 Z=58  CE-133    bl:1     ln:4    
    706) Area:2 Z=58  CE-134    bl:1     ln:4    
    707) Area:2 Z=58  CE-135    bl:1     ln:4    
    708) Area:2 Z=58  CE-136    bl:16    ln:30   
    709) Area:2 Z=58  CE-137    bl:3     ln:6    
    710) Area:2 Z=58  CE-138    bl:15    ln:30   
    711) Area:2 Z=58  CE-139    bl:1     ln:4    
    712) Area:2 Z=58  CE-140    bl:165   ln:358  
    713) Area:2 Z=58  CE-141    bl:17    ln:25   
    714) Area:2 Z=58  CE-142    bl:119   ln:273  
    715) Area:2 Z=58  CE-143    bl:10    ln:11   
    716) Area:2 Z=58  CE-144    bl:26    ln:42   
    717) Area:2 Z=58  CE-CMP    bl:4     ln:5    
    718) Area:2 Z=59  PR-139    bl:1     ln:1    
    719) Area:2 Z=59  PR-141    bl:242   ln:608  
    720) Area:2 Z=59  PR-142    bl:12    ln:16   
    721) Area:2 Z=59  PR-143    bl:14    ln:22   
    722) Area:2 Z=59  PR-145    bl:3     ln:4    
    723) Area:2 Z=59  PR-CMP    bl:1     ln:1    
    724) Area:2 Z=60  ND-0      bl:58    ln:135  
    725) Area:2 Z=60  ND-139    bl:1     ln:1    
    726) Area:2 Z=60  ND-140    bl:1     ln:1    
    727) Area:2 Z=60  ND-141    bl:1     ln:1    
    728) Area:2 Z=60  ND-142    bl:106   ln:270  
    729) Area:2 Z=60  ND-143    bl:157   ln:385  
    730) Area:2 Z=60  ND-144    bl:115   ln:284  
    731) Area:2 Z=60  ND-145    bl:129   ln:297  
    732) Area:2 Z=60  ND-146    bl:131   ln:322  
    733) Area:2 Z=60  ND-147    bl:36    ln:51   
    734) Area:2 Z=60  ND-148    bl:133   ln:333  
    735) Area:2 Z=60  ND-149    bl:3     ln:3    
    736) Area:2 Z=60  ND-150    bl:127   ln:300  
    737) Area:2 Z=60  ND-151    bl:5     ln:5    
    738) Area:2 Z=60  ND-CMP    bl:2     ln:2    
    739) Area:2 Z=61  PM-147    bl:90    ln:177  
    740) Area:2 Z=61  PM-148    bl:33    ln:50   
    741) Area:2 Z=61  PM-148-M1 bl:6     ln:15   
    742) Area:2 Z=61  PM-149    bl:18    ln:31   
    743) Area:2 Z=61  PM-151    bl:8     ln:10   
    744) Area:2 Z=62  SM-0      bl:72    ln:173  
    745) Area:2 Z=62  SM-143    bl:2     ln:4    
    746) Area:2 Z=62  SM-144    bl:83    ln:189  
    747) Area:2 Z=62  SM-145    bl:1     ln:2    
    748) Area:2 Z=62  SM-147    bl:129   ln:286  
    749) Area:2 Z=62  SM-148    bl:111   ln:239  
    750) Area:2 Z=62  SM-149    bl:168   ln:369  
    751) Area:2 Z=62  SM-150    bl:118   ln:241  
    752) Area:2 Z=62  SM-151    bl:94    ln:194  
    753) Area:2 Z=62  SM-152    bl:169   ln:368  
    754) Area:2 Z=62  SM-153    bl:22    ln:30   
    755) Area:2 Z=62  SM-154    bl:140   ln:316  
    756) Area:2 Z=62  SM-155    bl:6     ln:6    
    757) Area:2 Z=62  SM-156    bl:3     ln:4    
    758) Area:2 Z=63  EU-0      bl:49    ln:125  
    759) Area:2 Z=63  EU-151    bl:162   ln:340  
    760) Area:2 Z=63  EU-152    bl:27    ln:40   
    761) Area:2 Z=63  EU-153    bl:148   ln:303  
    762) Area:2 Z=63  EU-154    bl:42    ln:53   
    763) Area:2 Z=63  EU-155    bl:49    ln:84   
    764) Area:2 Z=63  EU-156    bl:15    ln:20   
    765) Area:2 Z=63  EU-157    bl:7     ln:9    
    766) Area:2 Z=63  EU-158    bl:1     ln:1    
    767) Area:2 Z=63  EU-CMP    bl:1     ln:1    
    768) Area:2 Z=64  GD-0      bl:72    ln:185  
    769) Area:2 Z=64  GD-152    bl:43    ln:77   
    770) Area:2 Z=64  GD-153    bl:13    ln:21   
    771) Area:2 Z=64  GD-154    bl:58    ln:124  
    772) Area:2 Z=64  GD-155    bl:114   ln:323  
    773) Area:2 Z=64  GD-156    bl:106   ln:234  
    774) Area:2 Z=64  GD-157    bl:125   ln:366  
    775) Area:2 Z=64  GD-158    bl:103   ln:234  
    776) Area:2 Z=64  GD-159    bl:10    ln:11   
    777) Area:2 Z=64  GD-160    bl:86    ln:190  
    778) Area:2 Z=64  GD-161    bl:5     ln:5    
    779) Area:2 Z=65  TB-159    bl:209   ln:513  
    780) Area:2 Z=65  TB-160    bl:17    ln:21   
    781) Area:2 Z=65  TB-161    bl:3     ln:4    
    782) Area:2 Z=65  TB-CMP    bl:3     ln:4    
    783) Area:2 Z=66  DY-0      bl:45    ln:123  
    784) Area:2 Z=66  DY-156    bl:21    ln:42   
    785) Area:2 Z=66  DY-157    bl:3     ln:3    
    786) Area:2 Z=66  DY-158    bl:19    ln:34   
    787) Area:2 Z=66  DY-159    bl:2     ln:2    
    788) Area:2 Z=66  DY-160    bl:38    ln:84   
    789) Area:2 Z=66  DY-161    bl:57    ln:133  
    790) Area:2 Z=66  DY-162    bl:67    ln:153  
    791) Area:2 Z=66  DY-163    bl:73    ln:163  
    792) Area:2 Z=66  DY-164    bl:128   ln:280  
    793) Area:2 Z=66  DY-165    bl:14    ln:24   
    794) Area:2 Z=66  DY-165-M1 bl:1     ln:4    
    795) Area:2 Z=66  DY-CMP    bl:1     ln:1    
    796) Area:2 Z=67  HO-163    bl:2     ln:5    
    797) Area:2 Z=67  HO-164    bl:1     ln:2    
    798) Area:2 Z=67  HO-165    bl:274   ln:661  
    799) Area:2 Z=67  HO-166    bl:14    ln:27   
    800) Area:2 Z=67  HO-166-M1 bl:3     ln:8    
    801) Area:2 Z=67  HO-CMP    bl:1     ln:2    
    802) Area:2 Z=68  ER-0      bl:51    ln:128  
    803) Area:2 Z=68  ER-162    bl:32    ln:73   
    804) Area:2 Z=68  ER-163    bl:4     ln:4    
    805) Area:2 Z=68  ER-164    bl:34    ln:78   
    806) Area:2 Z=68  ER-165    bl:5     ln:6    
    807) Area:2 Z=68  ER-166    bl:72    ln:180  
    808) Area:2 Z=68  ER-167    bl:73    ln:157  
    809) Area:2 Z=68  ER-168    bl:69    ln:137  
    810) Area:2 Z=68  ER-169    bl:6     ln:9    
    811) Area:2 Z=68  ER-170    bl:70    ln:163  
    812) Area:2 Z=68  ER-171    bl:4     ln:5    
    813) Area:2 Z=68  ER-CMP    bl:5     ln:8    
    814) Area:2 Z=69  TM-169    bl:180   ln:499  
    815) Area:2 Z=69  TM-170    bl:13    ln:16   
    816) Area:2 Z=69  TM-171    bl:11    ln:40   
    817) Area:2 Z=70  YB-0      bl:42    ln:99   
    818) Area:2 Z=70  YB-168    bl:29    ln:77   
    819) Area:2 Z=70  YB-169    bl:2     ln:2    
    820) Area:2 Z=70  YB-170    bl:33    ln:106  
    821) Area:2 Z=70  YB-171    bl:31    ln:76   
    822) Area:2 Z=70  YB-172    bl:33    ln:86   
    823) Area:2 Z=70  YB-173    bl:30    ln:74   
    824) Area:2 Z=70  YB-174    bl:66    ln:167  
    825) Area:2 Z=70  YB-175    bl:6     ln:9    
    826) Area:2 Z=70  YB-176    bl:86    ln:209  
    827) Area:2 Z=70  YB-177    bl:4     ln:4    
    828) Area:2 Z=71  LU-0      bl:31    ln:68   
    829) Area:2 Z=71  LU-173    bl:4     ln:15   
    830) Area:2 Z=71  LU-175    bl:122   ln:269  
    831) Area:2 Z=71  LU-176    bl:78    ln:169  
    832) Area:2 Z=71  LU-177    bl:8     ln:10   
    833) Area:2 Z=71  LU-177-M1 bl:7     ln:26   
    834) Area:2 Z=71  LU-178    bl:3     ln:3    
    835) Area:2 Z=72  HF-0      bl:70    ln:193  
    836) Area:2 Z=72  HF-174    bl:43    ln:118  
    837) Area:2 Z=72  HF-175    bl:5     ln:5    
    838) Area:2 Z=72  HF-176    bl:48    ln:150  
    839) Area:2 Z=72  HF-177    bl:73    ln:206  
    840) Area:2 Z=72  HF-178    bl:86    ln:216  
    841) Area:2 Z=72  HF-178-M2 bl:4     ln:11   
    842) Area:2 Z=72  HF-179    bl:88    ln:216  
    843) Area:2 Z=72  HF-180    bl:107   ln:263  
    844) Area:2 Z=72  HF-181    bl:8     ln:11   
    845) Area:2 Z=72  HF-182    bl:5     ln:13   
    846) Area:2 Z=72  HF-CMP    bl:2     ln:3    
    847) Area:2 Z=73  TA-0      bl:45    ln:144  
    848) Area:2 Z=73  TA-179    bl:4     ln:9    
    849) Area:2 Z=73  TA-180    bl:6     ln:6    
    850) Area:2 Z=73  TA-180-M1 bl:2     ln:10   
    851) Area:2 Z=73  TA-181    bl:484   ln:1114 
    852) Area:2 Z=73  TA-182    bl:16    ln:23   
    853) Area:2 Z=73  TA-CMP    bl:5     ln:8    
    854) Area:2 Z=74  W-0       bl:200   ln:551  
    855) Area:2 Z=74  W-180     bl:16    ln:29   
    856) Area:2 Z=74  W-181     bl:2     ln:2    
    857) Area:2 Z=74  W-182     bl:123   ln:277  
    858) Area:2 Z=74  W-183     bl:105   ln:265  
    859) Area:2 Z=74  W-184     bl:147   ln:357  
    860) Area:2 Z=74  W-185     bl:10    ln:16   
    861) Area:2 Z=74  W-186     bl:209   ln:459  
    862) Area:2 Z=74  W-187     bl:6     ln:6    
    863) Area:2 Z=74  W-CMP     bl:2     ln:4    
    864) Area:2 Z=75  RE-0      bl:30    ln:79   
    865) Area:2 Z=75  RE-185    bl:48    ln:99   
    866) Area:2 Z=75  RE-186    bl:7     ln:10   
    867) Area:2 Z=75  RE-187    bl:73    ln:128  
    868) Area:2 Z=75  RE-188    bl:5     ln:6    
    869) Area:2 Z=76  OS-0      bl:12    ln:17   
    870) Area:2 Z=76  OS-184    bl:17    ln:34   
    871) Area:2 Z=76  OS-186    bl:15    ln:42   
    872) Area:2 Z=76  OS-187    bl:29    ln:74   
    873) Area:2 Z=76  OS-188    bl:30    ln:66   
    874) Area:2 Z=76  OS-189    bl:28    ln:52   
    875) Area:2 Z=76  OS-190    bl:49    ln:99   
    876) Area:2 Z=76  OS-191    bl:4     ln:7    
    877) Area:2 Z=76  OS-192    bl:59    ln:133  
    878) Area:2 Z=76  OS-193    bl:1     ln:5    
    879) Area:2 Z=77  IR-0      bl:36    ln:76   
    880) Area:2 Z=77  IR-189    bl:1     ln:1    
    881) Area:2 Z=77  IR-190    bl:1     ln:1    
    882) Area:2 Z=77  IR-191    bl:89    ln:180  
    883) Area:2 Z=77  IR-192    bl:8     ln:11   
    884) Area:2 Z=77  IR-193    bl:69    ln:135  
    885) Area:2 Z=77  IR-194    bl:5     ln:6    
    886) Area:2 Z=78  PT-0      bl:64    ln:180  
    887) Area:2 Z=78  PT-190    bl:8     ln:17   
    888) Area:2 Z=78  PT-192    bl:23    ln:75   
    889) Area:2 Z=78  PT-193    bl:4     ln:7    
    890) Area:2 Z=78  PT-194    bl:42    ln:113  
    891) Area:2 Z=78  PT-195    bl:35    ln:124  
    892) Area:2 Z=78  PT-196    bl:47    ln:121  
    893) Area:2 Z=78  PT-198    bl:74    ln:190  
    894) Area:2 Z=78  PT-199    bl:1     ln:1    
    895) Area:2 Z=78  PT-CMP    bl:2     ln:2    
    896) Area:2 Z=79  AU-193    bl:1     ln:1    
    897) Area:2 Z=79  AU-194    bl:1     ln:1    
    898) Area:2 Z=79  AU-195    bl:1     ln:1    
    899) Area:2 Z=79  AU-196    bl:1     ln:1    
    900) Area:2 Z=79  AU-197    bl:871   ln:2381 
    901) Area:2 Z=79  AU-198    bl:20    ln:30   
    902) Area:2 Z=79  AU-199    bl:1     ln:1    
    903) Area:2 Z=79  AU-CMP    bl:2     ln:3    
    904) Area:2 Z=80  HG-0      bl:93    ln:234  
    905) Area:2 Z=80  HG-180    bl:4     ln:12   
    906) Area:2 Z=80  HG-194    bl:2     ln:2    
    907) Area:2 Z=80  HG-195    bl:4     ln:4    
    908) Area:2 Z=80  HG-196    bl:45    ln:73   
    909) Area:2 Z=80  HG-197    bl:4     ln:4    
    910) Area:2 Z=80  HG-198    bl:63    ln:136  
    911) Area:2 Z=80  HG-199    bl:80    ln:164  
    912) Area:2 Z=80  HG-200    bl:46    ln:58   
    913) Area:2 Z=80  HG-201    bl:54    ln:110  
    914) Area:2 Z=80  HG-202    bl:57    ln:93   
    915) Area:2 Z=80  HG-203    bl:3     ln:6    
    916) Area:2 Z=80  HG-204    bl:45    ln:75   
    917) Area:2 Z=80  HG-CMP    bl:1     ln:2    
    918) Area:2 Z=81  TL-0      bl:59    ln:141  
    919) Area:2 Z=81  TL-203    bl:70    ln:158  
    920) Area:2 Z=81  TL-204    bl:7     ln:10   
    921) Area:2 Z=81  TL-205    bl:61    ln:131  
    922) Area:2 Z=81  TL-206    bl:3     ln:3    
    923) Area:2 Z=81  TL-CMP    bl:3     ln:4    
    924) Area:2 Z=81  TL-OXI    bl:1     ln:2    
    925) Area:2 Z=82  PB-0      bl:682   ln:1718 
    926) Area:2 Z=82  PB-194    bl:1     ln:1    
    927) Area:2 Z=82  PB-198    bl:1     ln:1    
    928) Area:2 Z=82  PB-202    bl:1     ln:1    
    929) Area:2 Z=82  PB-204    bl:109   ln:262  
    930) Area:2 Z=82  PB-205    bl:9     ln:14   
    931) Area:2 Z=82  PB-206    bl:178   ln:455  
    932) Area:2 Z=82  PB-207    bl:152   ln:383  
    933) Area:2 Z=82  PB-208    bl:622   ln:1519 
    934) Area:2 Z=82  PB-209    bl:4     ln:4    
    935) Area:2 Z=82  PB-210    bl:2     ln:4    
    936) Area:2 Z=82  PB-CMP    bl:1     ln:1    
    937) Area:2 Z=83  BI-208    bl:5     ln:5    
    938) Area:2 Z=83  BI-209    bl:677   ln:1797 
    939) Area:2 Z=83  BI-210    bl:5     ln:9    
    940) Area:2 Z=83  BI-CMP    bl:3     ln:5    
    941) Area:2 Z=84  PO-204    bl:1     ln:1    
    942) Area:2 Z=84  PO-210    bl:8     ln:12   
    943) Area:2 Z=84  PO-212    bl:1     ln:1    
    944) Area:2 Z=85  AT-205    bl:1     ln:2    
    945) Area:2 Z=85  AT-206    bl:1     ln:2    
    946) Area:2 Z=86  RN-204    bl:1     ln:2    
    947) Area:2 Z=86  RN-205    bl:1     ln:2    
    948) Area:2 Z=86  RN-206    bl:2     ln:3    
    949) Area:2 Z=86  RN-207    bl:1     ln:2    
    950) Area:2 Z=86  RN-208    bl:1     ln:2    
    951) Area:2 Z=86  RN-209    bl:1     ln:2    
    952) Area:2 Z=86  RN-214    bl:1     ln:1    
    953) Area:2 Z=87  FR-206    bl:1     ln:2    
    954) Area:2 Z=87  FR-207    bl:1     ln:2    
    955) Area:2 Z=87  FR-208    bl:1     ln:2    
    956) Area:2 Z=87  FR-209    bl:1     ln:2    
    957) Area:2 Z=87  FR-210    bl:1     ln:2    
    958) Area:2 Z=87  FR-211    bl:1     ln:2    
    959) Area:2 Z=87  FR-212    bl:1     ln:2    
    960) Area:2 Z=87  FR-217    bl:1     ln:2    
    961) Area:2 Z=87  FR-218    bl:1     ln:2    
    962) Area:2 Z=88  RA-209    bl:1     ln:2    
    963) Area:2 Z=88  RA-210    bl:2     ln:5    
    964) Area:2 Z=88  RA-211    bl:2     ln:5    
    965) Area:2 Z=88  RA-212    bl:2     ln:5    
    966) Area:2 Z=88  RA-213    bl:2     ln:5    
    967) Area:2 Z=88  RA-214    bl:2     ln:5    
    968) Area:2 Z=88  RA-215    bl:2     ln:5    
    969) Area:2 Z=88  RA-216    bl:2     ln:4    
    970) Area:2 Z=88  RA-217    bl:2     ln:5    
    971) Area:2 Z=88  RA-218    bl:2     ln:5    
    972) Area:2 Z=88  RA-219    bl:2     ln:5    
    973) Area:2 Z=88  RA-223    bl:11    ln:15   
    974) Area:2 Z=88  RA-224    bl:9     ln:13   
    975) Area:2 Z=88  RA-225    bl:8     ln:12   
    976) Area:2 Z=88  RA-226    bl:43    ln:96   
    977) Area:2 Z=88  RA-227    bl:1     ln:1    
    978) Area:2 Z=88  RA-228    bl:2     ln:2    
    979) Area:2 Z=89  AC-212    bl:1     ln:2    
    980) Area:2 Z=89  AC-213    bl:2     ln:4    
    981) Area:2 Z=89  AC-214    bl:2     ln:4    
    982) Area:2 Z=89  AC-215    bl:2     ln:5    
    983) Area:2 Z=89  AC-216    bl:2     ln:5    
    984) Area:2 Z=89  AC-217    bl:2     ln:5    
    985) Area:2 Z=89  AC-218    bl:2     ln:5    
    986) Area:2 Z=89  AC-219    bl:3     ln:7    
    987) Area:2 Z=89  AC-220    bl:3     ln:7    
    988) Area:2 Z=89  AC-221    bl:2     ln:5    
    989) Area:2 Z=89  AC-222    bl:2     ln:5    
    990) Area:2 Z=89  AC-223    bl:4     ln:8    
    991) Area:2 Z=89  AC-224    bl:1     ln:2    
    992) Area:2 Z=89  AC-225    bl:11    ln:16   
    993) Area:2 Z=89  AC-226    bl:9     ln:13   
    994) Area:2 Z=89  AC-227    bl:34    ln:59   
    995) Area:2 Z=89  AC-229    bl:1     ln:1    
    996) Area:2 Z=89  AC-231    bl:1     ln:1    
    997) Area:2 Z=90  TH-217    bl:1     ln:2    
    998) Area:2 Z=90  TH-218    bl:1     ln:2    
    999) Area:2 Z=90  TH-219    bl:1     ln:2    
   1000) Area:2 Z=90  TH-220    bl:1     ln:2    
   1001) Area:2 Z=90  TH-221    bl:4     ln:10   
   1002) Area:2 Z=90  TH-222    bl:4     ln:10   
   1003) Area:2 Z=90  TH-223    bl:3     ln:7    
   1004) Area:2 Z=90  TH-224    bl:4     ln:9    
   1005) Area:2 Z=90  TH-225    bl:4     ln:10   
   1006) Area:2 Z=90  TH-226    bl:6     ln:14   
   1007) Area:2 Z=90  TH-227    bl:23    ln:56   
   1008) Area:2 Z=90  TH-228    bl:34    ln:54   
   1009) Area:2 Z=90  TH-229    bl:82    ln:156  
   1010) Area:2 Z=90  TH-230    bl:108   ln:169  
   1011) Area:2 Z=90  TH-231    bl:12    ln:13   
   1012) Area:2 Z=90  TH-232    bl:885   ln:2256 
   1013) Area:2 Z=90  TH-233    bl:36    ln:51   
   1014) Area:2 Z=90  TH-234    bl:19    ln:27   
   1015) Area:2 Z=90  TH-236    bl:1     ln:3    
   1016) Area:2 Z=90  TH-CMP    bl:3     ln:6    
   1017) Area:2 Z=90  TH-OXI    bl:2     ln:4    
   1018) Area:2 Z=91  PA-223    bl:1     ln:1    
   1019) Area:2 Z=91  PA-224    bl:1     ln:2    
   1020) Area:2 Z=91  PA-225    bl:3     ln:5    
   1021) Area:2 Z=91  PA-226    bl:2     ln:5    
   1022) Area:2 Z=91  PA-227    bl:3     ln:6    
   1023) Area:2 Z=91  PA-228    bl:4     ln:10   
   1024) Area:2 Z=91  PA-229    bl:5     ln:9    
   1025) Area:2 Z=91  PA-230    bl:6     ln:9    
   1026) Area:2 Z=91  PA-231    bl:116   ln:237  
   1027) Area:2 Z=91  PA-232    bl:26    ln:36   
   1028) Area:2 Z=91  PA-233    bl:43    ln:85   
   1029) Area:2 Z=91  PA-234    bl:3     ln:3    
   1030) Area:2 Z=91  PA-235    bl:1     ln:1    
   1031) Area:2 Z=91  PA-237    bl:1     ln:1    
   1032) Area:2 Z=91  PA-238    bl:1     ln:1    
   1033) Area:2 Z=91  PA-OXI    bl:1     ln:2    
   1034) Area:2 Z=92  U-0       bl:245   ln:523  
   1035) Area:2 Z=92  U-230     bl:2     ln:3    
   1036) Area:2 Z=92  U-231     bl:5     ln:6    
   1037) Area:2 Z=92  U-232     bl:83    ln:163  
   1038) Area:2 Z=92  U-233     bl:574   ln:1394 
   1039) Area:2 Z=92  U-234     bl:198   ln:433  
   1040) Area:2 Z=92  U-235     bl:1742  ln:4495 
   1041) Area:2 Z=92  U-236     bl:209   ln:451  
   1042) Area:2 Z=92  U-237     bl:48    ln:65   
   1043) Area:2 Z=92  U-238     bl:1474  ln:3612 
   1044) Area:2 Z=92  U-239     bl:20    ln:25   
   1045) Area:2 Z=92  U-240     bl:2     ln:4    
   1046) Area:2 Z=92  U-242     bl:1     ln:3    
   1047) Area:2 Z=92  U-244     bl:1     ln:3    
   1048) Area:2 Z=92  U-246     bl:1     ln:3    
   1049) Area:2 Z=92  U-248     bl:1     ln:3    
   1050) Area:2 Z=92  U-CMP     bl:7     ln:12   
   1051) Area:2 Z=92  U-OXI     bl:14    ln:36   
   1052) Area:2 Z=93  NP-231    bl:1     ln:1    
   1053) Area:2 Z=93  NP-233    bl:6     ln:6    
   1054) Area:2 Z=93  NP-234    bl:4     ln:4    
   1055) Area:2 Z=93  NP-235    bl:8     ln:10   
   1056) Area:2 Z=93  NP-236    bl:17    ln:20   
   1057) Area:2 Z=93  NP-237    bl:458   ln:1221 
   1058) Area:2 Z=93  NP-238    bl:69    ln:122  
   1059) Area:2 Z=93  NP-239    bl:15    ln:27   
   1060) Area:2 Z=93  NP-240    bl:1     ln:1    
   1061) Area:2 Z=93  NP-241    bl:1     ln:1    
   1062) Area:2 Z=93  NP-243    bl:1     ln:1    
   1063) Area:2 Z=94  PU-232    bl:1     ln:3    
   1064) Area:2 Z=94  PU-233    bl:1     ln:1    
   1065) Area:2 Z=94  PU-234    bl:3     ln:5    
   1066) Area:2 Z=94  PU-235    bl:2     ln:2    
   1067) Area:2 Z=94  PU-236    bl:55    ln:88   
   1068) Area:2 Z=94  PU-237    bl:23    ln:25   
   1069) Area:2 Z=94  PU-238    bl:180   ln:324  
   1070) Area:2 Z=94  PU-239    bl:1090  ln:2732 
   1071) Area:2 Z=94  PU-240    bl:476   ln:1097 
   1072) Area:2 Z=94  PU-240-L  bl:2     ln:5    
   1073) Area:2 Z=94  PU-241    bl:431   ln:986  
   1074) Area:2 Z=94  PU-242    bl:302   ln:640  
   1075) Area:2 Z=94  PU-243    bl:23    ln:24   
   1076) Area:2 Z=94  PU-244    bl:81    ln:159  
   1077) Area:2 Z=94  PU-245    bl:2     ln:2    
   1078) Area:2 Z=94  PU-246    bl:6     ln:10   
   1079) Area:2 Z=94  PU-248    bl:1     ln:3    
   1080) Area:2 Z=95  AM-237    bl:3     ln:3    
   1081) Area:2 Z=95  AM-238    bl:3     ln:3    
   1082) Area:2 Z=95  AM-239    bl:5     ln:5    
   1083) Area:2 Z=95  AM-240    bl:6     ln:7    
   1084) Area:2 Z=95  AM-241    bl:327   ln:758  
   1085) Area:2 Z=95  AM-242    bl:122   ln:190  
   1086) Area:2 Z=95  AM-242-M1 bl:16    ln:54   
   1087) Area:2 Z=95  AM-243    bl:185   ln:395  
   1088) Area:2 Z=95  AM-244    bl:33    ln:42   
   1089) Area:2 Z=95  AM-244-M1 bl:3     ln:3    
   1090) Area:2 Z=95  AM-245    bl:2     ln:2    
   1091) Area:2 Z=95  AM-247    bl:1     ln:1    
   1092) Area:2 Z=96  CM-238    bl:1     ln:3    
   1093) Area:2 Z=96  CM-240    bl:7     ln:11   
   1094) Area:2 Z=96  CM-241    bl:22    ln:28   
   1095) Area:2 Z=96  CM-242    bl:80    ln:131  
   1096) Area:2 Z=96  CM-243    bl:76    ln:130  
   1097) Area:2 Z=96  CM-244    bl:125   ln:253  
   1098) Area:2 Z=96  CM-245    bl:108   ln:207  
   1099) Area:2 Z=96  CM-246    bl:86    ln:148  
   1100) Area:2 Z=96  CM-247    bl:73    ln:110  
   1101) Area:2 Z=96  CM-248    bl:112   ln:209  
   1102) Area:2 Z=96  CM-249    bl:29    ln:35   
   1103) Area:2 Z=96  CM-250    bl:21    ln:27   
   1104) Area:2 Z=96  CM-252    bl:1     ln:3    
   1105) Area:2 Z=96  CM-254    bl:3     ln:5    
   1106) Area:2 Z=97  BK-243    bl:2     ln:2    
   1107) Area:2 Z=97  BK-244    bl:2     ln:2    
   1108) Area:2 Z=97  BK-245    bl:3     ln:3    
   1109) Area:2 Z=97  BK-246    bl:2     ln:2    
   1110) Area:2 Z=97  BK-247    bl:12    ln:14   
   1111) Area:2 Z=97  BK-248    bl:1     ln:1    
   1112) Area:2 Z=97  BK-249    bl:39    ln:49   
   1113) Area:2 Z=97  BK-250    bl:21    ln:27   
   1114) Area:2 Z=97  BK-251    bl:1     ln:1    
   1115) Area:2 Z=98  CF-242    bl:1     ln:3    
   1116) Area:2 Z=98  CF-244    bl:1     ln:3    
   1117) Area:2 Z=98  CF-246    bl:6     ln:8    
   1118) Area:2 Z=98  CF-248    bl:5     ln:7    
   1119) Area:2 Z=98  CF-249    bl:86    ln:189  
   1120) Area:2 Z=98  CF-250    bl:53    ln:92   
   1121) Area:2 Z=98  CF-251    bl:72    ln:131  
   1122) Area:2 Z=98  CF-252    bl:410   ln:900  
   1123) Area:2 Z=98  CF-253    bl:10    ln:10   
   1124) Area:2 Z=98  CF-254    bl:24    ln:30   
   1125) Area:2 Z=98  CF-256    bl:1     ln:1    
   1126) Area:2 Z=99  ES-251    bl:2     ln:2    
   1127) Area:2 Z=99  ES-252    bl:2     ln:2    
   1128) Area:2 Z=99  ES-253    bl:15    ln:15   
   1129) Area:2 Z=99  ES-254    bl:29    ln:36   
   1130) Area:2 Z=99  ES-254-M1 bl:1     ln:1    
   1131) Area:2 Z=99  ES-255    bl:14    ln:18   
   1132) Area:2 Z=100 FM-242    bl:1     ln:3    
   1133) Area:2 Z=100 FM-244    bl:3     ln:5    
   1134) Area:2 Z=100 FM-246    bl:3     ln:5    
   1135) Area:2 Z=100 FM-248    bl:2     ln:4    
   1136) Area:2 Z=100 FM-250    bl:1     ln:3    
   1137) Area:2 Z=100 FM-252    bl:3     ln:5    
   1138) Area:2 Z=100 FM-254    bl:10    ln:13   
   1139) Area:2 Z=100 FM-255    bl:18    ln:23   
   1140) Area:2 Z=100 FM-256    bl:11    ln:25   
   1141) Area:2 Z=100 FM-257    bl:10    ln:21   
   1142) Area:2 Z=100 FM-258    bl:9     ln:12   
   1143) Area:2 Z=100 FM-259    bl:4     ln:4    
   1144) Area:2 Z=101 MD-256    bl:1     ln:1    
   1145) Area:2 Z=101 MD-257    bl:1     ln:1    
   1146) Area:2 Z=101 MD-259    bl:3     ln:3    
   1147) Area:2 Z=101 MD-260    bl:4     ln:5    
   1148) Area:2 Z=102 NO-250    bl:1     ln:3    
   1149) Area:2 Z=102 NO-252    bl:4     ln:6    
   1150) Area:2 Z=102 NO-254    bl:1     ln:3    
   1151) Area:2 Z=102 NO-256    bl:4     ln:6    
   1152) Area:2 Z=102 NO-258    bl:5     ln:7    
   1153) Area:2 Z=102 NO-260    bl:4     ln:6    
   1154) Area:2 Z=102 NO-262    bl:3     ln:5    
   1155) Area:2 Z=102 NO-263    bl:1     ln:1    
   1156) Area:2 Z=102 NO-264    bl:1     ln:3    
   1157) Area:2 Z=102 NO-266    bl:1     ln:3    
   1158) Area:2 Z=103 LR-261    bl:1     ln:1    
   1159) Area:2 Z=104 RF-254    bl:1     ln:3    
   1160) Area:2 Z=104 RF-256    bl:3     ln:5    
   1161) Area:2 Z=104 RF-258    bl:3     ln:5    
   1162) Area:2 Z=104 RF-260    bl:5     ln:7    
   1163) Area:2 Z=104 RF-262    bl:2     ln:4    
   1164) Area:2 Z=104 RF-264    bl:2     ln:4    
   1165) Area:2 Z=104 RF-266    bl:1     ln:1    
   1166) Area:2 Z=105 DB-263    bl:1     ln:1    
   1167) Area:2 Z=999 FPROD     bl:47    ln:59   
   1168) Area:2 Z=999 MANY      bl:742   ln:988  
