CINDA BACKUP   BCK00420241224 113913  42218
      1) Area:4 Z=0   NN-1      bl:8     ln:24   
      2) Area:4 Z=1   H-0       bl:1     ln:3    
      3) Area:4 Z=1   H-1       bl:123   ln:334  
      4) Area:4 Z=1   H-2       bl:196   ln:518  
      5) Area:4 Z=1   H-3       bl:84    ln:256  
      6) Area:4 Z=1   H-BNZ     bl:9     ln:28   
      7) Area:4 Z=1   H-CMP     bl:4     ln:7    
      8) Area:4 Z=1   H-CXX     bl:10    ln:27   
      9) Area:4 Z=1   H-D2O     bl:7     ln:15   
     10) Area:4 Z=1   H-DXX     bl:1     ln:1    
     11) Area:4 Z=1   H-MTH     bl:2     ln:3    
     12) Area:4 Z=1   H-PFN     bl:4     ln:8    
     13) Area:4 Z=1   H-PHL     bl:4     ln:11   
     14) Area:4 Z=1   H-PLE     bl:8     ln:15   
     15) Area:4 Z=1   H-TXX     bl:2     ln:2    
     16) Area:4 Z=1   H-WTR     bl:38    ln:81   
     17) Area:4 Z=2   HE-3      bl:87    ln:233  
     18) Area:4 Z=2   HE-4      bl:132   ln:374  
     19) Area:4 Z=2   HE-6      bl:2     ln:5    
     20) Area:4 Z=2   HE-8      bl:3     ln:8    
     21) Area:4 Z=3   LI-0      bl:36    ln:94   
     22) Area:4 Z=3   LI-11     bl:1     ln:2    
     23) Area:4 Z=3   LI-6      bl:252   ln:666  
     24) Area:4 Z=3   LI-7      bl:284   ln:852  
     25) Area:4 Z=3   LI-8      bl:1     ln:2    
     26) Area:4 Z=3   LI-9      bl:1     ln:2    
     27) Area:4 Z=3   LI-CMP    bl:7     ln:20   
     28) Area:4 Z=4   BE-10     bl:1     ln:2    
     29) Area:4 Z=4   BE-7      bl:7     ln:19   
     30) Area:4 Z=4   BE-9      bl:335   ln:964  
     31) Area:4 Z=4   BE-CMP    bl:1     ln:2    
     32) Area:4 Z=4   BE-OXI    bl:6     ln:11   
     33) Area:4 Z=5   B-0       bl:50    ln:114  
     34) Area:4 Z=5   B-10      bl:89    ln:268  
     35) Area:4 Z=5   B-11      bl:105   ln:297  
     36) Area:4 Z=5   B-7       bl:1     ln:2    
     37) Area:4 Z=5   B-8       bl:1     ln:2    
     38) Area:4 Z=5   B-9       bl:1     ln:2    
     39) Area:4 Z=5   B-CMP     bl:2     ln:5    
     40) Area:4 Z=6   C-0       bl:43    ln:107  
     41) Area:4 Z=6   C-12      bl:469   ln:1349 
     42) Area:4 Z=6   C-13      bl:72    ln:227  
     43) Area:4 Z=6   C-14      bl:23    ln:64   
     44) Area:4 Z=6   C-15      bl:1     ln:2    
     45) Area:4 Z=6   C-16      bl:1     ln:2    
     46) Area:4 Z=6   C-17      bl:1     ln:2    
     47) Area:4 Z=6   C-CMP     bl:1     ln:2    
     48) Area:4 Z=7   N-0       bl:10    ln:26   
     49) Area:4 Z=7   N-14      bl:218   ln:635  
     50) Area:4 Z=7   N-15      bl:33    ln:71   
     51) Area:4 Z=7   N-AIR     bl:6     ln:14   
     52) Area:4 Z=7   N-AMM     bl:3     ln:5    
     53) Area:4 Z=8   O-0       bl:14    ln:41   
     54) Area:4 Z=8   O-15      bl:3     ln:4    
     55) Area:4 Z=8   O-16      bl:256   ln:717  
     56) Area:4 Z=8   O-17      bl:19    ln:43   
     57) Area:4 Z=8   O-18      bl:15    ln:39   
     58) Area:4 Z=8   O-CMP     bl:1     ln:2    
     59) Area:4 Z=9   F-19      bl:104   ln:299  
     60) Area:4 Z=9   F-CMP     bl:2     ln:5    
     61) Area:4 Z=10  NE-0      bl:5     ln:10   
     62) Area:4 Z=10  NE-20     bl:34    ln:103  
     63) Area:4 Z=10  NE-21     bl:4     ln:12   
     64) Area:4 Z=10  NE-22     bl:16    ln:43   
     65) Area:4 Z=11  NA-22     bl:8     ln:18   
     66) Area:4 Z=11  NA-23     bl:174   ln:489  
     67) Area:4 Z=11  NA-24     bl:1     ln:2    
     68) Area:4 Z=11  NA-CMP    bl:1     ln:1    
     69) Area:4 Z=12  MG-0      bl:111   ln:315  
     70) Area:4 Z=12  MG-24     bl:135   ln:399  
     71) Area:4 Z=12  MG-25     bl:37    ln:97   
     72) Area:4 Z=12  MG-26     bl:54    ln:136  
     73) Area:4 Z=12  MG-27     bl:4     ln:12   
     74) Area:4 Z=12  MG-CMP    bl:1     ln:1    
     75) Area:4 Z=13  AL-26     bl:1     ln:1    
     76) Area:4 Z=13  AL-27     bl:487   ln:1464 
     77) Area:4 Z=13  AL-28     bl:5     ln:15   
     78) Area:4 Z=13  AL-CMP    bl:4     ln:7    
     79) Area:4 Z=13  AL-OXI    bl:6     ln:18   
     80) Area:4 Z=14  SI-0      bl:94    ln:231  
     81) Area:4 Z=14  SI-28     bl:180   ln:522  
     82) Area:4 Z=14  SI-29     bl:25    ln:72   
     83) Area:4 Z=14  SI-30     bl:35    ln:94   
     84) Area:4 Z=14  SI-31     bl:1     ln:3    
     85) Area:4 Z=14  SI-OXI    bl:2     ln:3    
     86) Area:4 Z=15  P-31      bl:98    ln:271  
     87) Area:4 Z=15  P-32      bl:1     ln:1    
     88) Area:4 Z=16  S-0       bl:80    ln:192  
     89) Area:4 Z=16  S-32      bl:98    ln:266  
     90) Area:4 Z=16  S-33      bl:11    ln:17   
     91) Area:4 Z=16  S-34      bl:37    ln:106  
     92) Area:4 Z=16  S-35      bl:2     ln:5    
     93) Area:4 Z=16  S-36      bl:13    ln:30   
     94) Area:4 Z=17  CL-0      bl:54    ln:128  
     95) Area:4 Z=17  CL-35     bl:87    ln:231  
     96) Area:4 Z=17  CL-36     bl:12    ln:27   
     97) Area:4 Z=17  CL-37     bl:28    ln:75   
     98) Area:4 Z=17  CL-38     bl:1     ln:2    
     99) Area:4 Z=18  AR-0      bl:15    ln:38   
    100) Area:4 Z=18  AR-36     bl:21    ln:71   
    101) Area:4 Z=18  AR-37     bl:1     ln:1    
    102) Area:4 Z=18  AR-38     bl:4     ln:5    
    103) Area:4 Z=18  AR-39     bl:1     ln:3    
    104) Area:4 Z=18  AR-40     bl:32    ln:93   
    105) Area:4 Z=18  AR-41     bl:1     ln:2    
    106) Area:4 Z=19  K-0       bl:38    ln:79   
    107) Area:4 Z=19  K-39      bl:56    ln:132  
    108) Area:4 Z=19  K-40      bl:6     ln:9    
    109) Area:4 Z=19  K-41      bl:35    ln:123  
    110) Area:4 Z=19  K-42      bl:1     ln:2    
    111) Area:4 Z=19  K-CMP     bl:1     ln:3    
    112) Area:4 Z=20  CA-0      bl:58    ln:118  
    113) Area:4 Z=20  CA-36     bl:1     ln:2    
    114) Area:4 Z=20  CA-38     bl:1     ln:2    
    115) Area:4 Z=20  CA-40     bl:96    ln:249  
    116) Area:4 Z=20  CA-41     bl:6     ln:8    
    117) Area:4 Z=20  CA-42     bl:26    ln:78   
    118) Area:4 Z=20  CA-43     bl:15    ln:62   
    119) Area:4 Z=20  CA-44     bl:46    ln:145  
    120) Area:4 Z=20  CA-45     bl:3     ln:5    
    121) Area:4 Z=20  CA-46     bl:8     ln:9    
    122) Area:4 Z=20  CA-48     bl:24    ln:60   
    123) Area:4 Z=20  CA-49     bl:1     ln:2    
    124) Area:4 Z=21  SC-44     bl:1     ln:3    
    125) Area:4 Z=21  SC-45     bl:108   ln:337  
    126) Area:4 Z=21  SC-46     bl:7     ln:22   
    127) Area:4 Z=22  TI-0      bl:148   ln:433  
    128) Area:4 Z=22  TI-44     bl:2     ln:3    
    129) Area:4 Z=22  TI-46     bl:69    ln:215  
    130) Area:4 Z=22  TI-47     bl:46    ln:171  
    131) Area:4 Z=22  TI-48     bl:139   ln:433  
    132) Area:4 Z=22  TI-49     bl:38    ln:139  
    133) Area:4 Z=22  TI-50     bl:44    ln:116  
    134) Area:4 Z=22  TI-51     bl:2     ln:3    
    135) Area:4 Z=23  V-0       bl:17    ln:69   
    136) Area:4 Z=23  V-47      bl:1     ln:4    
    137) Area:4 Z=23  V-48      bl:2     ln:5    
    138) Area:4 Z=23  V-49      bl:3     ln:6    
    139) Area:4 Z=23  V-50      bl:40    ln:95   
    140) Area:4 Z=23  V-51      bl:220   ln:672  
    141) Area:4 Z=23  V-52      bl:3     ln:7    
    142) Area:4 Z=23  V-CMP     bl:1     ln:2    
    143) Area:4 Z=24  CR-0      bl:164   ln:469  
    144) Area:4 Z=24  CR-48     bl:2     ln:3    
    145) Area:4 Z=24  CR-50     bl:114   ln:389  
    146) Area:4 Z=24  CR-51     bl:4     ln:6    
    147) Area:4 Z=24  CR-52     bl:240   ln:693  
    148) Area:4 Z=24  CR-53     bl:84    ln:231  
    149) Area:4 Z=24  CR-54     bl:89    ln:271  
    150) Area:4 Z=24  CR-55     bl:3     ln:5    
    151) Area:4 Z=24  CR-59     bl:1     ln:1    
    152) Area:4 Z=25  MN-52     bl:2     ln:6    
    153) Area:4 Z=25  MN-53     bl:3     ln:8    
    154) Area:4 Z=25  MN-54     bl:8     ln:20   
    155) Area:4 Z=25  MN-55     bl:191   ln:562  
    156) Area:4 Z=25  MN-56     bl:7     ln:19   
    157) Area:4 Z=25  MN-CMP    bl:2     ln:4    
    158) Area:4 Z=26  FE-0      bl:371   ln:1015 
    159) Area:4 Z=26  FE-52     bl:1     ln:1    
    160) Area:4 Z=26  FE-54     bl:217   ln:611  
    161) Area:4 Z=26  FE-55     bl:11    ln:19   
    162) Area:4 Z=26  FE-56     bl:412   ln:1127 
    163) Area:4 Z=26  FE-57     bl:85    ln:255  
    164) Area:4 Z=26  FE-58     bl:86    ln:239  
    165) Area:4 Z=26  FE-59     bl:3     ln:4    
    166) Area:4 Z=26  FE-CMP    bl:15    ln:27   
    167) Area:4 Z=27  CO-55     bl:1     ln:1    
    168) Area:4 Z=27  CO-56     bl:3     ln:12   
    169) Area:4 Z=27  CO-57     bl:4     ln:15   
    170) Area:4 Z=27  CO-58     bl:9     ln:26   
    171) Area:4 Z=27  CO-58-M1  bl:2     ln:9    
    172) Area:4 Z=27  CO-59     bl:358   ln:1053 
    173) Area:4 Z=27  CO-60     bl:9     ln:34   
    174) Area:4 Z=28  NI-0      bl:234   ln:655  
    175) Area:4 Z=28  NI-56     bl:6     ln:9    
    176) Area:4 Z=28  NI-57     bl:1     ln:1    
    177) Area:4 Z=28  NI-58     bl:397   ln:1183 
    178) Area:4 Z=28  NI-59     bl:13    ln:16   
    179) Area:4 Z=28  NI-60     bl:271   ln:784  
    180) Area:4 Z=28  NI-61     bl:61    ln:149  
    181) Area:4 Z=28  NI-62     bl:191   ln:609  
    182) Area:4 Z=28  NI-63     bl:4     ln:5    
    183) Area:4 Z=28  NI-64     bl:150   ln:442  
    184) Area:4 Z=28  NI-65     bl:3     ln:5    
    185) Area:4 Z=28  NI-68     bl:1     ln:1    
    186) Area:4 Z=28  NI-CMP    bl:2     ln:4    
    187) Area:4 Z=29  CU-0      bl:322   ln:948  
    188) Area:4 Z=29  CU-62     bl:1     ln:5    
    189) Area:4 Z=29  CU-63     bl:165   ln:480  
    190) Area:4 Z=29  CU-64     bl:6     ln:13   
    191) Area:4 Z=29  CU-65     bl:150   ln:468  
    192) Area:4 Z=29  CU-66     bl:1     ln:2    
    193) Area:4 Z=29  CU-67     bl:1     ln:1    
    194) Area:4 Z=29  CU-CMP    bl:1     ln:1    
    195) Area:4 Z=30  ZN-0      bl:154   ln:434  
    196) Area:4 Z=30  ZN-63     bl:1     ln:1    
    197) Area:4 Z=30  ZN-64     bl:145   ln:484  
    198) Area:4 Z=30  ZN-65     bl:10    ln:15   
    199) Area:4 Z=30  ZN-66     bl:110   ln:378  
    200) Area:4 Z=30  ZN-67     bl:70    ln:231  
    201) Area:4 Z=30  ZN-68     bl:117   ln:392  
    202) Area:4 Z=30  ZN-69     bl:3     ln:6    
    203) Area:4 Z=30  ZN-70     bl:44    ln:143  
    204) Area:4 Z=30  ZN-71     bl:1     ln:2    
    205) Area:4 Z=31  GA-0      bl:32    ln:80   
    206) Area:4 Z=31  GA-67     bl:1     ln:1    
    207) Area:4 Z=31  GA-69     bl:64    ln:254  
    208) Area:4 Z=31  GA-70     bl:2     ln:6    
    209) Area:4 Z=31  GA-71     bl:50    ln:176  
    210) Area:4 Z=31  GA-72     bl:3     ln:7    
    211) Area:4 Z=32  GE-0      bl:57    ln:153  
    212) Area:4 Z=32  GE-68     bl:1     ln:2    
    213) Area:4 Z=32  GE-69     bl:1     ln:1    
    214) Area:4 Z=32  GE-70     bl:98    ln:266  
    215) Area:4 Z=32  GE-71     bl:6     ln:12   
    216) Area:4 Z=32  GE-72     bl:87    ln:259  
    217) Area:4 Z=32  GE-73     bl:43    ln:146  
    218) Area:4 Z=32  GE-74     bl:98    ln:275  
    219) Area:4 Z=32  GE-75     bl:3     ln:9    
    220) Area:4 Z=32  GE-76     bl:75    ln:223  
    221) Area:4 Z=32  GE-77     bl:3     ln:9    
    222) Area:4 Z=32  GE-78     bl:2     ln:3    
    223) Area:4 Z=33  AS-71     bl:2     ln:2    
    224) Area:4 Z=33  AS-72     bl:1     ln:1    
    225) Area:4 Z=33  AS-73     bl:1     ln:1    
    226) Area:4 Z=33  AS-74     bl:1     ln:1    
    227) Area:4 Z=33  AS-75     bl:93    ln:264  
    228) Area:4 Z=33  AS-76     bl:2     ln:3    
    229) Area:4 Z=33  AS-77     bl:2     ln:2    
    230) Area:4 Z=34  SE-0      bl:61    ln:167  
    231) Area:4 Z=34  SE-72     bl:2     ln:3    
    232) Area:4 Z=34  SE-73     bl:1     ln:3    
    233) Area:4 Z=34  SE-74     bl:60    ln:169  
    234) Area:4 Z=34  SE-75     bl:4     ln:10   
    235) Area:4 Z=34  SE-76     bl:107   ln:325  
    236) Area:4 Z=34  SE-77     bl:57    ln:203  
    237) Area:4 Z=34  SE-78     bl:119   ln:349  
    238) Area:4 Z=34  SE-79     bl:9     ln:17   
    239) Area:4 Z=34  SE-80     bl:146   ln:409  
    240) Area:4 Z=34  SE-81     bl:4     ln:9    
    241) Area:4 Z=34  SE-82     bl:107   ln:294  
    242) Area:4 Z=34  SE-83     bl:2     ln:3    
    243) Area:4 Z=34  SE-84     bl:1     ln:1    
    244) Area:4 Z=35  BR-0      bl:38    ln:89   
    245) Area:4 Z=35  BR-76     bl:1     ln:1    
    246) Area:4 Z=35  BR-79     bl:56    ln:185  
    247) Area:4 Z=35  BR-80     bl:2     ln:3    
    248) Area:4 Z=35  BR-81     bl:62    ln:176  
    249) Area:4 Z=35  BR-82     bl:2     ln:3    
    250) Area:4 Z=35  BR-83     bl:1     ln:1    
    251) Area:4 Z=35  BR-85     bl:1     ln:1    
    252) Area:4 Z=35  BR-87     bl:1     ln:1    
    253) Area:4 Z=36  KR-0      bl:7     ln:13   
    254) Area:4 Z=36  KR-78     bl:7     ln:10   
    255) Area:4 Z=36  KR-79     bl:3     ln:4    
    256) Area:4 Z=36  KR-80     bl:11    ln:22   
    257) Area:4 Z=36  KR-81     bl:3     ln:4    
    258) Area:4 Z=36  KR-82     bl:12    ln:22   
    259) Area:4 Z=36  KR-83     bl:11    ln:19   
    260) Area:4 Z=36  KR-84     bl:16    ln:24   
    261) Area:4 Z=36  KR-85     bl:7     ln:12   
    262) Area:4 Z=36  KR-86     bl:12    ln:18   
    263) Area:4 Z=36  KR-88     bl:1     ln:1    
    264) Area:4 Z=37  RB-0      bl:23    ln:56   
    265) Area:4 Z=37  RB-81     bl:1     ln:1    
    266) Area:4 Z=37  RB-83     bl:1     ln:1    
    267) Area:4 Z=37  RB-84     bl:1     ln:1    
    268) Area:4 Z=37  RB-85     bl:75    ln:227  
    269) Area:4 Z=37  RB-86     bl:6     ln:8    
    270) Area:4 Z=37  RB-87     bl:47    ln:112  
    271) Area:4 Z=37  RB-88     bl:2     ln:4    
    272) Area:4 Z=37  RB-89     bl:1     ln:1    
    273) Area:4 Z=37  RB-CMP    bl:1     ln:2    
    274) Area:4 Z=38  SR-0      bl:42    ln:114  
    275) Area:4 Z=38  SR-82     bl:2     ln:3    
    276) Area:4 Z=38  SR-83     bl:2     ln:2    
    277) Area:4 Z=38  SR-84     bl:35    ln:69   
    278) Area:4 Z=38  SR-85     bl:5     ln:8    
    279) Area:4 Z=38  SR-86     bl:62    ln:199  
    280) Area:4 Z=38  SR-87     bl:54    ln:173  
    281) Area:4 Z=38  SR-88     bl:79    ln:210  
    282) Area:4 Z=38  SR-89     bl:5     ln:6    
    283) Area:4 Z=38  SR-90     bl:20    ln:32   
    284) Area:4 Z=38  SR-92     bl:1     ln:1    
    285) Area:4 Z=38  SR-94     bl:1     ln:1    
    286) Area:4 Z=38  SR-96     bl:1     ln:1    
    287) Area:4 Z=39  Y-87      bl:2     ln:2    
    288) Area:4 Z=39  Y-88      bl:6     ln:16   
    289) Area:4 Z=39  Y-89      bl:201   ln:618  
    290) Area:4 Z=39  Y-90      bl:3     ln:4    
    291) Area:4 Z=39  Y-91      bl:2     ln:2    
    292) Area:4 Z=39  Y-93      bl:1     ln:1    
    293) Area:4 Z=40  ZR-0      bl:160   ln:468  
    294) Area:4 Z=40  ZR-88     bl:3     ln:6    
    295) Area:4 Z=40  ZR-89     bl:2     ln:2    
    296) Area:4 Z=40  ZR-90     bl:207   ln:655  
    297) Area:4 Z=40  ZR-91     bl:109   ln:312  
    298) Area:4 Z=40  ZR-92     bl:111   ln:277  
    299) Area:4 Z=40  ZR-93     bl:14    ln:20   
    300) Area:4 Z=40  ZR-94     bl:132   ln:381  
    301) Area:4 Z=40  ZR-95     bl:5     ln:6    
    302) Area:4 Z=40  ZR-96     bl:71    ln:181  
    303) Area:4 Z=40  ZR-97     bl:3     ln:4    
    304) Area:4 Z=40  ZR-98     bl:1     ln:1    
    305) Area:4 Z=40  ZR-HYD    bl:11    ln:15   
    306) Area:4 Z=41  NB-90     bl:2     ln:11   
    307) Area:4 Z=41  NB-91     bl:3     ln:5    
    308) Area:4 Z=41  NB-92     bl:4     ln:4    
    309) Area:4 Z=41  NB-93     bl:404   ln:1254 
    310) Area:4 Z=41  NB-94     bl:8     ln:10   
    311) Area:4 Z=41  NB-95     bl:5     ln:5    
    312) Area:4 Z=41  NB-97     bl:2     ln:2    
    313) Area:4 Z=42  MO-0      bl:183   ln:530  
    314) Area:4 Z=42  MO-100    bl:112   ln:265  
    315) Area:4 Z=42  MO-101    bl:2     ln:3    
    316) Area:4 Z=42  MO-92     bl:138   ln:414  
    317) Area:4 Z=42  MO-93     bl:3     ln:6    
    318) Area:4 Z=42  MO-94     bl:86    ln:239  
    319) Area:4 Z=42  MO-95     bl:88    ln:269  
    320) Area:4 Z=42  MO-96     bl:100   ln:254  
    321) Area:4 Z=42  MO-97     bl:63    ln:184  
    322) Area:4 Z=42  MO-98     bl:141   ln:350  
    323) Area:4 Z=42  MO-99     bl:3     ln:6    
    324) Area:4 Z=43  TC-100    bl:1     ln:2    
    325) Area:4 Z=43  TC-93     bl:1     ln:1    
    326) Area:4 Z=43  TC-96     bl:2     ln:3    
    327) Area:4 Z=43  TC-97     bl:5     ln:8    
    328) Area:4 Z=43  TC-98     bl:5     ln:9    
    329) Area:4 Z=43  TC-99     bl:53    ln:123  
    330) Area:4 Z=44  RU-0      bl:21    ln:49   
    331) Area:4 Z=44  RU-100    bl:19    ln:48   
    332) Area:4 Z=44  RU-101    bl:49    ln:111  
    333) Area:4 Z=44  RU-102    bl:52    ln:119  
    334) Area:4 Z=44  RU-103    bl:7     ln:17   
    335) Area:4 Z=44  RU-104    bl:35    ln:81   
    336) Area:4 Z=44  RU-105    bl:3     ln:4    
    337) Area:4 Z=44  RU-106    bl:8     ln:14   
    338) Area:4 Z=44  RU-92     bl:1     ln:1    
    339) Area:4 Z=44  RU-94     bl:1     ln:1    
    340) Area:4 Z=44  RU-96     bl:16    ln:27   
    341) Area:4 Z=44  RU-97     bl:2     ln:2    
    342) Area:4 Z=44  RU-98     bl:9     ln:17   
    343) Area:4 Z=44  RU-99     bl:25    ln:60   
    344) Area:4 Z=45  RH-101    bl:2     ln:2    
    345) Area:4 Z=45  RH-102    bl:3     ln:5    
    346) Area:4 Z=45  RH-103    bl:177   ln:432  
    347) Area:4 Z=45  RH-104    bl:3     ln:5    
    348) Area:4 Z=45  RH-105    bl:4     ln:4    
    349) Area:4 Z=45  RH-106    bl:1     ln:1    
    350) Area:4 Z=45  RH-107    bl:1     ln:1    
    351) Area:4 Z=45  RH-97     bl:1     ln:1    
    352) Area:4 Z=45  RH-99     bl:2     ln:2    
    353) Area:4 Z=46  PD-0      bl:27    ln:69   
    354) Area:4 Z=46  PD-100    bl:3     ln:4    
    355) Area:4 Z=46  PD-102    bl:27    ln:65   
    356) Area:4 Z=46  PD-103    bl:3     ln:3    
    357) Area:4 Z=46  PD-104    bl:32    ln:76   
    358) Area:4 Z=46  PD-105    bl:49    ln:105  
    359) Area:4 Z=46  PD-106    bl:46    ln:103  
    360) Area:4 Z=46  PD-107    bl:19    ln:36   
    361) Area:4 Z=46  PD-108    bl:51    ln:104  
    362) Area:4 Z=46  PD-109    bl:3     ln:4    
    363) Area:4 Z=46  PD-110    bl:37    ln:84   
    364) Area:4 Z=46  PD-111    bl:2     ln:3    
    365) Area:4 Z=46  PD-98     bl:1     ln:1    
    366) Area:4 Z=47  AG-0      bl:105   ln:293  
    367) Area:4 Z=47  AG-103    bl:1     ln:1    
    368) Area:4 Z=47  AG-105    bl:2     ln:2    
    369) Area:4 Z=47  AG-107    bl:96    ln:257  
    370) Area:4 Z=47  AG-108    bl:14    ln:29   
    371) Area:4 Z=47  AG-109    bl:111   ln:300  
    372) Area:4 Z=47  AG-110    bl:9     ln:15   
    373) Area:4 Z=47  AG-110-M1 bl:5     ln:13   
    374) Area:4 Z=47  AG-111    bl:3     ln:3    
    375) Area:4 Z=47  AG-CMP    bl:4     ln:11   
    376) Area:4 Z=48  CD-0      bl:145   ln:421  
    377) Area:4 Z=48  CD-106    bl:73    ln:185  
    378) Area:4 Z=48  CD-107    bl:2     ln:3    
    379) Area:4 Z=48  CD-108    bl:68    ln:165  
    380) Area:4 Z=48  CD-109    bl:6     ln:12   
    381) Area:4 Z=48  CD-110    bl:100   ln:237  
    382) Area:4 Z=48  CD-111    bl:106   ln:243  
    383) Area:4 Z=48  CD-112    bl:121   ln:314  
    384) Area:4 Z=48  CD-113    bl:103   ln:226  
    385) Area:4 Z=48  CD-114    bl:122   ln:268  
    386) Area:4 Z=48  CD-115    bl:4     ln:6    
    387) Area:4 Z=48  CD-116    bl:119   ln:321  
    388) Area:4 Z=48  CD-117    bl:2     ln:3    
    389) Area:4 Z=48  CD-CMP    bl:4     ln:7    
    390) Area:4 Z=48  CD-OXI    bl:1     ln:3    
    391) Area:4 Z=49  IN-0      bl:83    ln:228  
    392) Area:4 Z=49  IN-107    bl:1     ln:1    
    393) Area:4 Z=49  IN-109    bl:1     ln:1    
    394) Area:4 Z=49  IN-111    bl:2     ln:2    
    395) Area:4 Z=49  IN-113    bl:86    ln:264  
    396) Area:4 Z=49  IN-114    bl:2     ln:5    
    397) Area:4 Z=49  IN-115    bl:270   ln:828  
    398) Area:4 Z=49  IN-116    bl:1     ln:2    
    399) Area:4 Z=49  IN-117    bl:1     ln:1    
    400) Area:4 Z=49  IN-119    bl:1     ln:1    
    401) Area:4 Z=49  IN-121    bl:1     ln:1    
    402) Area:4 Z=50  SN-0      bl:161   ln:462  
    403) Area:4 Z=50  SN-108    bl:1     ln:3    
    404) Area:4 Z=50  SN-112    bl:124   ln:333  
    405) Area:4 Z=50  SN-113    bl:12    ln:24   
    406) Area:4 Z=50  SN-114    bl:70    ln:173  
    407) Area:4 Z=50  SN-115    bl:32    ln:69   
    408) Area:4 Z=50  SN-116    bl:163   ln:432  
    409) Area:4 Z=50  SN-117    bl:168   ln:446  
    410) Area:4 Z=50  SN-118    bl:188   ln:525  
    411) Area:4 Z=50  SN-119    bl:81    ln:210  
    412) Area:4 Z=50  SN-120    bl:194   ln:523  
    413) Area:4 Z=50  SN-121    bl:7     ln:8    
    414) Area:4 Z=50  SN-122    bl:131   ln:362  
    415) Area:4 Z=50  SN-123    bl:5     ln:6    
    416) Area:4 Z=50  SN-124    bl:204   ln:604  
    417) Area:4 Z=50  SN-125    bl:3     ln:4    
    418) Area:4 Z=50  SN-126    bl:6     ln:9    
    419) Area:4 Z=51  SB-0      bl:121   ln:356  
    420) Area:4 Z=51  SB-115    bl:1     ln:1    
    421) Area:4 Z=51  SB-116    bl:1     ln:4    
    422) Area:4 Z=51  SB-117    bl:1     ln:1    
    423) Area:4 Z=51  SB-118    bl:1     ln:4    
    424) Area:4 Z=51  SB-119    bl:1     ln:1    
    425) Area:4 Z=51  SB-120    bl:2     ln:2    
    426) Area:4 Z=51  SB-121    bl:74    ln:198  
    427) Area:4 Z=51  SB-122    bl:3     ln:6    
    428) Area:4 Z=51  SB-123    bl:68    ln:181  
    429) Area:4 Z=51  SB-124    bl:6     ln:13   
    430) Area:4 Z=51  SB-125    bl:1     ln:1    
    431) Area:4 Z=52  TE-0      bl:61    ln:189  
    432) Area:4 Z=52  TE-118    bl:3     ln:4    
    433) Area:4 Z=52  TE-119    bl:2     ln:2    
    434) Area:4 Z=52  TE-120    bl:23    ln:63   
    435) Area:4 Z=52  TE-121    bl:3     ln:3    
    436) Area:4 Z=52  TE-122    bl:91    ln:262  
    437) Area:4 Z=52  TE-123    bl:69    ln:173  
    438) Area:4 Z=52  TE-124    bl:96    ln:237  
    439) Area:4 Z=52  TE-125    bl:36    ln:80   
    440) Area:4 Z=52  TE-126    bl:108   ln:281  
    441) Area:4 Z=52  TE-127    bl:2     ln:3    
    442) Area:4 Z=52  TE-128    bl:108   ln:300  
    443) Area:4 Z=52  TE-129    bl:4     ln:5    
    444) Area:4 Z=52  TE-130    bl:123   ln:327  
    445) Area:4 Z=52  TE-131    bl:3     ln:4    
    446) Area:4 Z=52  TE-132    bl:2     ln:2    
    447) Area:4 Z=53  I-119     bl:1     ln:1    
    448) Area:4 Z=53  I-123     bl:1     ln:1    
    449) Area:4 Z=53  I-124     bl:1     ln:1    
    450) Area:4 Z=53  I-125     bl:4     ln:4    
    451) Area:4 Z=53  I-126     bl:1     ln:1    
    452) Area:4 Z=53  I-127     bl:199   ln:518  
    453) Area:4 Z=53  I-128     bl:4     ln:5    
    454) Area:4 Z=53  I-129     bl:24    ln:46   
    455) Area:4 Z=53  I-130     bl:2     ln:3    
    456) Area:4 Z=53  I-131     bl:3     ln:3    
    457) Area:4 Z=53  I-135     bl:1     ln:1    
    458) Area:4 Z=53  I-CMP     bl:4     ln:8    
    459) Area:4 Z=54  XE-0      bl:8     ln:17   
    460) Area:4 Z=54  XE-124    bl:15    ln:25   
    461) Area:4 Z=54  XE-125    bl:1     ln:1    
    462) Area:4 Z=54  XE-126    bl:13    ln:19   
    463) Area:4 Z=54  XE-127    bl:2     ln:2    
    464) Area:4 Z=54  XE-128    bl:14    ln:22   
    465) Area:4 Z=54  XE-129    bl:34    ln:88   
    466) Area:4 Z=54  XE-130    bl:21    ln:34   
    467) Area:4 Z=54  XE-131    bl:31    ln:58   
    468) Area:4 Z=54  XE-132    bl:23    ln:33   
    469) Area:4 Z=54  XE-133    bl:3     ln:4    
    470) Area:4 Z=54  XE-134    bl:21    ln:32   
    471) Area:4 Z=54  XE-135    bl:8     ln:15   
    472) Area:4 Z=54  XE-136    bl:12    ln:20   
    473) Area:4 Z=55  CS-127    bl:1     ln:1    
    474) Area:4 Z=55  CS-129    bl:2     ln:2    
    475) Area:4 Z=55  CS-131    bl:2     ln:2    
    476) Area:4 Z=55  CS-132    bl:2     ln:3    
    477) Area:4 Z=55  CS-133    bl:155   ln:403  
    478) Area:4 Z=55  CS-134    bl:27    ln:63   
    479) Area:4 Z=55  CS-135    bl:25    ln:43   
    480) Area:4 Z=55  CS-137    bl:27    ln:45   
    481) Area:4 Z=55  CS-139    bl:1     ln:1    
    482) Area:4 Z=55  CS-142    bl:1     ln:1    
    483) Area:4 Z=55  CS-CMP    bl:4     ln:8    
    484) Area:4 Z=56  BA-0      bl:65    ln:161  
    485) Area:4 Z=56  BA-128    bl:2     ln:3    
    486) Area:4 Z=56  BA-130    bl:19    ln:40   
    487) Area:4 Z=56  BA-131    bl:4     ln:5    
    488) Area:4 Z=56  BA-132    bl:25    ln:55   
    489) Area:4 Z=56  BA-133    bl:8     ln:20   
    490) Area:4 Z=56  BA-134    bl:39    ln:78   
    491) Area:4 Z=56  BA-135    bl:35    ln:71   
    492) Area:4 Z=56  BA-136    bl:49    ln:91   
    493) Area:4 Z=56  BA-137    bl:32    ln:51   
    494) Area:4 Z=56  BA-138    bl:106   ln:266  
    495) Area:4 Z=56  BA-139    bl:7     ln:9    
    496) Area:4 Z=56  BA-140    bl:5     ln:6    
    497) Area:4 Z=57  LA-0      bl:6     ln:22   
    498) Area:4 Z=57  LA-135    bl:1     ln:1    
    499) Area:4 Z=57  LA-137    bl:2     ln:2    
    500) Area:4 Z=57  LA-138    bl:12    ln:28   
    501) Area:4 Z=57  LA-139    bl:117   ln:267  
    502) Area:4 Z=57  LA-140    bl:7     ln:10   
    503) Area:4 Z=57  LA-141    bl:1     ln:1    
    504) Area:4 Z=57  LA-CMP    bl:1     ln:2    
    505) Area:4 Z=58  CE-0      bl:21    ln:53   
    506) Area:4 Z=58  CE-134    bl:2     ln:3    
    507) Area:4 Z=58  CE-135    bl:1     ln:1    
    508) Area:4 Z=58  CE-136    bl:22    ln:56   
    509) Area:4 Z=58  CE-137    bl:3     ln:4    
    510) Area:4 Z=58  CE-138    bl:23    ln:60   
    511) Area:4 Z=58  CE-139    bl:3     ln:3    
    512) Area:4 Z=58  CE-140    bl:95    ln:205  
    513) Area:4 Z=58  CE-141    bl:8     ln:13   
    514) Area:4 Z=58  CE-142    bl:66    ln:141  
    515) Area:4 Z=58  CE-143    bl:4     ln:6    
    516) Area:4 Z=58  CE-144    bl:11    ln:22   
    517) Area:4 Z=58  CE-146    bl:1     ln:1    
    518) Area:4 Z=58  CE-CMP    bl:2     ln:2    
    519) Area:4 Z=59  PR-137    bl:1     ln:1    
    520) Area:4 Z=59  PR-139    bl:1     ln:1    
    521) Area:4 Z=59  PR-140    bl:2     ln:4    
    522) Area:4 Z=59  PR-141    bl:124   ln:313  
    523) Area:4 Z=59  PR-142    bl:2     ln:4    
    524) Area:4 Z=59  PR-143    bl:5     ln:9    
    525) Area:4 Z=59  PR-CMP    bl:2     ln:3    
    526) Area:4 Z=60  ND-0      bl:28    ln:71   
    527) Area:4 Z=60  ND-140    bl:3     ln:4    
    528) Area:4 Z=60  ND-141    bl:1     ln:1    
    529) Area:4 Z=60  ND-142    bl:85    ln:242  
    530) Area:4 Z=60  ND-143    bl:115   ln:336  
    531) Area:4 Z=60  ND-144    bl:78    ln:213  
    532) Area:4 Z=60  ND-145    bl:93    ln:254  
    533) Area:4 Z=60  ND-146    bl:67    ln:196  
    534) Area:4 Z=60  ND-147    bl:10    ln:19   
    535) Area:4 Z=60  ND-148    bl:73    ln:219  
    536) Area:4 Z=60  ND-149    bl:3     ln:8    
    537) Area:4 Z=60  ND-150    bl:59    ln:175  
    538) Area:4 Z=60  ND-151    bl:2     ln:7    
    539) Area:4 Z=61  PM-141    bl:1     ln:1    
    540) Area:4 Z=61  PM-143    bl:2     ln:2    
    541) Area:4 Z=61  PM-144    bl:1     ln:1    
    542) Area:4 Z=61  PM-145    bl:3     ln:4    
    543) Area:4 Z=61  PM-146    bl:2     ln:3    
    544) Area:4 Z=61  PM-147    bl:32    ln:72   
    545) Area:4 Z=61  PM-148    bl:13    ln:20   
    546) Area:4 Z=61  PM-149    bl:7     ln:13   
    547) Area:4 Z=61  PM-151    bl:7     ln:8    
    548) Area:4 Z=62  SM-0      bl:30    ln:85   
    549) Area:4 Z=62  SM-143    bl:1     ln:1    
    550) Area:4 Z=62  SM-144    bl:47    ln:133  
    551) Area:4 Z=62  SM-145    bl:6     ln:7    
    552) Area:4 Z=62  SM-146    bl:2     ln:3    
    553) Area:4 Z=62  SM-147    bl:148   ln:508  
    554) Area:4 Z=62  SM-148    bl:75    ln:209  
    555) Area:4 Z=62  SM-149    bl:127   ln:380  
    556) Area:4 Z=62  SM-150    bl:73    ln:189  
    557) Area:4 Z=62  SM-151    bl:27    ln:56   
    558) Area:4 Z=62  SM-152    bl:89    ln:244  
    559) Area:4 Z=62  SM-153    bl:5     ln:11   
    560) Area:4 Z=62  SM-154    bl:83    ln:234  
    561) Area:4 Z=62  SM-155    bl:2     ln:5    
    562) Area:4 Z=62  SM-156    bl:4     ln:4    
    563) Area:4 Z=63  EU-0      bl:25    ln:89   
    564) Area:4 Z=63  EU-145    bl:1     ln:1    
    565) Area:4 Z=63  EU-146    bl:1     ln:1    
    566) Area:4 Z=63  EU-147    bl:1     ln:1    
    567) Area:4 Z=63  EU-148    bl:1     ln:1    
    568) Area:4 Z=63  EU-149    bl:2     ln:2    
    569) Area:4 Z=63  EU-151    bl:149   ln:463  
    570) Area:4 Z=63  EU-152    bl:24    ln:77   
    571) Area:4 Z=63  EU-152-M1 bl:5     ln:19   
    572) Area:4 Z=63  EU-153    bl:139   ln:418  
    573) Area:4 Z=63  EU-154    bl:23    ln:87   
    574) Area:4 Z=63  EU-155    bl:22    ln:61   
    575) Area:4 Z=63  EU-156    bl:3     ln:4    
    576) Area:4 Z=63  EU-157    bl:1     ln:1    
    577) Area:4 Z=64  GD-0      bl:26    ln:59   
    578) Area:4 Z=64  GD-147    bl:2     ln:2    
    579) Area:4 Z=64  GD-148    bl:3     ln:4    
    580) Area:4 Z=64  GD-149    bl:1     ln:1    
    581) Area:4 Z=64  GD-150    bl:2     ln:3    
    582) Area:4 Z=64  GD-151    bl:1     ln:1    
    583) Area:4 Z=64  GD-152    bl:44    ln:113  
    584) Area:4 Z=64  GD-153    bl:12    ln:25   
    585) Area:4 Z=64  GD-154    bl:49    ln:139  
    586) Area:4 Z=64  GD-155    bl:94    ln:212  
    587) Area:4 Z=64  GD-156    bl:69    ln:205  
    588) Area:4 Z=64  GD-157    bl:82    ln:195  
    589) Area:4 Z=64  GD-158    bl:77    ln:217  
    590) Area:4 Z=64  GD-159    bl:5     ln:8    
    591) Area:4 Z=64  GD-160    bl:76    ln:220  
    592) Area:4 Z=64  GD-161    bl:3     ln:6    
    593) Area:4 Z=64  GD-162    bl:1     ln:1    
    594) Area:4 Z=64  GD-OXI    bl:2     ln:8    
    595) Area:4 Z=65  TB-151    bl:1     ln:1    
    596) Area:4 Z=65  TB-153    bl:2     ln:2    
    597) Area:4 Z=65  TB-155    bl:3     ln:3    
    598) Area:4 Z=65  TB-156    bl:1     ln:1    
    599) Area:4 Z=65  TB-157    bl:1     ln:1    
    600) Area:4 Z=65  TB-158    bl:3     ln:3    
    601) Area:4 Z=65  TB-159    bl:110   ln:291  
    602) Area:4 Z=65  TB-160    bl:12    ln:22   
    603) Area:4 Z=65  TB-161    bl:2     ln:4    
    604) Area:4 Z=65  TB-163    bl:1     ln:1    
    605) Area:4 Z=66  DY-0      bl:27    ln:72   
    606) Area:4 Z=66  DY-152    bl:1     ln:1    
    607) Area:4 Z=66  DY-154    bl:1     ln:1    
    608) Area:4 Z=66  DY-156    bl:29    ln:77   
    609) Area:4 Z=66  DY-158    bl:24    ln:58   
    610) Area:4 Z=66  DY-159    bl:2     ln:2    
    611) Area:4 Z=66  DY-160    bl:39    ln:98   
    612) Area:4 Z=66  DY-161    bl:51    ln:130  
    613) Area:4 Z=66  DY-162    bl:64    ln:153  
    614) Area:4 Z=66  DY-163    bl:73    ln:172  
    615) Area:4 Z=66  DY-164    bl:68    ln:159  
    616) Area:4 Z=66  DY-165    bl:6     ln:7    
    617) Area:4 Z=67  HO-161    bl:1     ln:1    
    618) Area:4 Z=67  HO-163    bl:1     ln:1    
    619) Area:4 Z=67  HO-165    bl:170   ln:438  
    620) Area:4 Z=67  HO-166    bl:18    ln:30   
    621) Area:4 Z=67  HO-166-M1 bl:6     ln:17   
    622) Area:4 Z=67  HO-167    bl:2     ln:4    
    623) Area:4 Z=67  HO-169    bl:1     ln:1    
    624) Area:4 Z=68  ER-0      bl:44    ln:133  
    625) Area:4 Z=68  ER-160    bl:2     ln:2    
    626) Area:4 Z=68  ER-162    bl:46    ln:137  
    627) Area:4 Z=68  ER-163    bl:2     ln:3    
    628) Area:4 Z=68  ER-164    bl:56    ln:141  
    629) Area:4 Z=68  ER-165    bl:5     ln:13   
    630) Area:4 Z=68  ER-166    bl:103   ln:324  
    631) Area:4 Z=68  ER-167    bl:108   ln:291  
    632) Area:4 Z=68  ER-168    bl:122   ln:329  
    633) Area:4 Z=68  ER-169    bl:4     ln:9    
    634) Area:4 Z=68  ER-170    bl:113   ln:330  
    635) Area:4 Z=68  ER-171    bl:3     ln:8    
    636) Area:4 Z=68  ER-172    bl:1     ln:1    
    637) Area:4 Z=69  TM-159    bl:1     ln:4    
    638) Area:4 Z=69  TM-163    bl:1     ln:1    
    639) Area:4 Z=69  TM-165    bl:1     ln:1    
    640) Area:4 Z=69  TM-167    bl:2     ln:2    
    641) Area:4 Z=69  TM-168    bl:1     ln:1    
    642) Area:4 Z=69  TM-169    bl:47    ln:104  
    643) Area:4 Z=69  TM-170    bl:5     ln:6    
    644) Area:4 Z=69  TM-171    bl:2     ln:3    
    645) Area:4 Z=69  TM-173    bl:1     ln:1    
    646) Area:4 Z=69  TM-175    bl:1     ln:1    
    647) Area:4 Z=70  YB-0      bl:28    ln:81   
    648) Area:4 Z=70  YB-166    bl:4     ln:5    
    649) Area:4 Z=70  YB-168    bl:32    ln:87   
    650) Area:4 Z=70  YB-169    bl:13    ln:25   
    651) Area:4 Z=70  YB-170    bl:28    ln:68   
    652) Area:4 Z=70  YB-171    bl:36    ln:94   
    653) Area:4 Z=70  YB-172    bl:30    ln:65   
    654) Area:4 Z=70  YB-173    bl:48    ln:121  
    655) Area:4 Z=70  YB-174    bl:53    ln:119  
    656) Area:4 Z=70  YB-175    bl:6     ln:7    
    657) Area:4 Z=70  YB-176    bl:48    ln:131  
    658) Area:4 Z=70  YB-177    bl:6     ln:7    
    659) Area:4 Z=71  LU-0      bl:20    ln:42   
    660) Area:4 Z=71  LU-169    bl:2     ln:2    
    661) Area:4 Z=71  LU-170    bl:1     ln:1    
    662) Area:4 Z=71  LU-171    bl:2     ln:2    
    663) Area:4 Z=71  LU-172    bl:1     ln:1    
    664) Area:4 Z=71  LU-173    bl:2     ln:2    
    665) Area:4 Z=71  LU-174    bl:2     ln:2    
    666) Area:4 Z=71  LU-175    bl:76    ln:176  
    667) Area:4 Z=71  LU-176    bl:48    ln:111  
    668) Area:4 Z=71  LU-177    bl:8     ln:10   
    669) Area:4 Z=71  LU-179    bl:1     ln:1    
    670) Area:4 Z=72  HF-0      bl:18    ln:50   
    671) Area:4 Z=72  HF-166    bl:1     ln:1    
    672) Area:4 Z=72  HF-168    bl:1     ln:1    
    673) Area:4 Z=72  HF-170    bl:1     ln:1    
    674) Area:4 Z=72  HF-172    bl:1     ln:1    
    675) Area:4 Z=72  HF-174    bl:18    ln:46   
    676) Area:4 Z=72  HF-175    bl:3     ln:4    
    677) Area:4 Z=72  HF-176    bl:33    ln:96   
    678) Area:4 Z=72  HF-177    bl:54    ln:129  
    679) Area:4 Z=72  HF-178    bl:82    ln:198  
    680) Area:4 Z=72  HF-178-M2 bl:9     ln:47   
    681) Area:4 Z=72  HF-179    bl:58    ln:135  
    682) Area:4 Z=72  HF-180    bl:71    ln:177  
    683) Area:4 Z=72  HF-180-M1 bl:1     ln:2    
    684) Area:4 Z=72  HF-181    bl:7     ln:9    
    685) Area:4 Z=72  HF-182    bl:1     ln:1    
    686) Area:4 Z=73  TA-0      bl:19    ln:49   
    687) Area:4 Z=73  TA-177    bl:2     ln:2    
    688) Area:4 Z=73  TA-179    bl:2     ln:2    
    689) Area:4 Z=73  TA-180    bl:11    ln:20   
    690) Area:4 Z=73  TA-180-M1 bl:4     ln:10   
    691) Area:4 Z=73  TA-181    bl:407   ln:1246 
    692) Area:4 Z=73  TA-182    bl:7     ln:11   
    693) Area:4 Z=73  TA-183    bl:2     ln:3    
    694) Area:4 Z=74  W-0       bl:170   ln:505  
    695) Area:4 Z=74  W-172     bl:1     ln:1    
    696) Area:4 Z=74  W-174     bl:1     ln:1    
    697) Area:4 Z=74  W-176     bl:1     ln:1    
    698) Area:4 Z=74  W-178     bl:1     ln:1    
    699) Area:4 Z=74  W-180     bl:32    ln:71   
    700) Area:4 Z=74  W-181     bl:13    ln:24   
    701) Area:4 Z=74  W-182     bl:86    ln:207  
    702) Area:4 Z=74  W-183     bl:71    ln:171  
    703) Area:4 Z=74  W-184     bl:112   ln:278  
    704) Area:4 Z=74  W-185     bl:11    ln:24   
    705) Area:4 Z=74  W-186     bl:176   ln:451  
    706) Area:4 Z=74  W-187     bl:6     ln:8    
    707) Area:4 Z=74  W-188     bl:1     ln:1    
    708) Area:4 Z=75  RE-0      bl:40    ln:119  
    709) Area:4 Z=75  RE-182    bl:1     ln:1    
    710) Area:4 Z=75  RE-183    bl:2     ln:2    
    711) Area:4 Z=75  RE-184    bl:3     ln:3    
    712) Area:4 Z=75  RE-185    bl:50    ln:150  
    713) Area:4 Z=75  RE-186    bl:3     ln:6    
    714) Area:4 Z=75  RE-187    bl:53    ln:156  
    715) Area:4 Z=75  RE-188    bl:3     ln:4    
    716) Area:4 Z=75  RE-189    bl:1     ln:1    
    717) Area:4 Z=76  OS-0      bl:18    ln:53   
    718) Area:4 Z=76  OS-178    bl:1     ln:1    
    719) Area:4 Z=76  OS-180    bl:1     ln:1    
    720) Area:4 Z=76  OS-182    bl:1     ln:1    
    721) Area:4 Z=76  OS-184    bl:7     ln:13   
    722) Area:4 Z=76  OS-185    bl:2     ln:2    
    723) Area:4 Z=76  OS-186    bl:58    ln:196  
    724) Area:4 Z=76  OS-187    bl:81    ln:230  
    725) Area:4 Z=76  OS-188    bl:61    ln:199  
    726) Area:4 Z=76  OS-189    bl:58    ln:197  
    727) Area:4 Z=76  OS-190    bl:69    ln:239  
    728) Area:4 Z=76  OS-191    bl:2     ln:3    
    729) Area:4 Z=76  OS-192    bl:52    ln:225  
    730) Area:4 Z=76  OS-193    bl:1     ln:2    
    731) Area:4 Z=76  OS-194    bl:1     ln:1    
    732) Area:4 Z=77  IR-0      bl:32    ln:89   
    733) Area:4 Z=77  IR-188    bl:1     ln:1    
    734) Area:4 Z=77  IR-189    bl:2     ln:2    
    735) Area:4 Z=77  IR-190    bl:1     ln:1    
    736) Area:4 Z=77  IR-191    bl:74    ln:184  
    737) Area:4 Z=77  IR-192    bl:18    ln:41   
    738) Area:4 Z=77  IR-193    bl:65    ln:172  
    739) Area:4 Z=77  IR-194    bl:1     ln:2    
    740) Area:4 Z=77  IR-195    bl:1     ln:1    
    741) Area:4 Z=77  IR-196    bl:1     ln:1    
    742) Area:4 Z=78  PT-0      bl:33    ln:92   
    743) Area:4 Z=78  PT-188    bl:2     ln:3    
    744) Area:4 Z=78  PT-190    bl:11    ln:36   
    745) Area:4 Z=78  PT-191    bl:1     ln:1    
    746) Area:4 Z=78  PT-192    bl:24    ln:71   
    747) Area:4 Z=78  PT-193    bl:3     ln:4    
    748) Area:4 Z=78  PT-194    bl:50    ln:142  
    749) Area:4 Z=78  PT-195    bl:51    ln:135  
    750) Area:4 Z=78  PT-196    bl:56    ln:145  
    751) Area:4 Z=78  PT-197    bl:3     ln:4    
    752) Area:4 Z=78  PT-198    bl:47    ln:120  
    753) Area:4 Z=78  PT-199    bl:2     ln:3    
    754) Area:4 Z=79  AU-194    bl:1     ln:1    
    755) Area:4 Z=79  AU-195    bl:3     ln:3    
    756) Area:4 Z=79  AU-196    bl:5     ln:11   
    757) Area:4 Z=79  AU-197    bl:396   ln:1248 
    758) Area:4 Z=79  AU-198    bl:5     ln:6    
    759) Area:4 Z=80  HG-0      bl:73    ln:235  
    760) Area:4 Z=80  HG-194    bl:3     ln:6    
    761) Area:4 Z=80  HG-196    bl:8     ln:14   
    762) Area:4 Z=80  HG-197    bl:1     ln:1    
    763) Area:4 Z=80  HG-198    bl:24    ln:55   
    764) Area:4 Z=80  HG-199    bl:28    ln:46   
    765) Area:4 Z=80  HG-200    bl:23    ln:44   
    766) Area:4 Z=80  HG-201    bl:10    ln:19   
    767) Area:4 Z=80  HG-202    bl:25    ln:46   
    768) Area:4 Z=80  HG-203    bl:1     ln:1    
    769) Area:4 Z=80  HG-204    bl:16    ln:29   
    770) Area:4 Z=81  TL-0      bl:29    ln:62   
    771) Area:4 Z=81  TL-201    bl:2     ln:3    
    772) Area:4 Z=81  TL-202    bl:1     ln:1    
    773) Area:4 Z=81  TL-203    bl:57    ln:153  
    774) Area:4 Z=81  TL-204    bl:3     ln:4    
    775) Area:4 Z=81  TL-205    bl:49    ln:136  
    776) Area:4 Z=81  TL-206    bl:1     ln:2    
    777) Area:4 Z=82  PB-0      bl:321   ln:900  
    778) Area:4 Z=82  PB-198    bl:1     ln:2    
    779) Area:4 Z=82  PB-200    bl:1     ln:2    
    780) Area:4 Z=82  PB-202    bl:4     ln:6    
    781) Area:4 Z=82  PB-203    bl:2     ln:2    
    782) Area:4 Z=82  PB-204    bl:72    ln:191  
    783) Area:4 Z=82  PB-205    bl:4     ln:5    
    784) Area:4 Z=82  PB-206    bl:123   ln:310  
    785) Area:4 Z=82  PB-207    bl:104   ln:263  
    786) Area:4 Z=82  PB-208    bl:261   ln:765  
    787) Area:4 Z=82  PB-209    bl:6     ln:7    
    788) Area:4 Z=82  PB-210    bl:1     ln:2    
    789) Area:4 Z=82  PB-212    bl:1     ln:2    
    790) Area:4 Z=82  PB-214    bl:1     ln:2    
    791) Area:4 Z=82  PB-216    bl:1     ln:2    
    792) Area:4 Z=82  PB-CMP    bl:3     ln:5    
    793) Area:4 Z=83  BI-203    bl:1     ln:3    
    794) Area:4 Z=83  BI-205    bl:1     ln:1    
    795) Area:4 Z=83  BI-206    bl:1     ln:1    
    796) Area:4 Z=83  BI-207    bl:3     ln:4    
    797) Area:4 Z=83  BI-208    bl:5     ln:12   
    798) Area:4 Z=83  BI-209    bl:532   ln:1511 
    799) Area:4 Z=83  BI-210    bl:2     ln:3    
    800) Area:4 Z=83  BI-CMP    bl:1     ln:3    
    801) Area:4 Z=84  PO-206    bl:3     ln:4    
    802) Area:4 Z=84  PO-208    bl:5     ln:7    
    803) Area:4 Z=84  PO-209    bl:2     ln:6    
    804) Area:4 Z=84  PO-210    bl:10    ln:17   
    805) Area:4 Z=84  PO-211    bl:2     ln:2    
    806) Area:4 Z=84  PO-212    bl:5     ln:10   
    807) Area:4 Z=85  AT-213    bl:6     ln:7    
    808) Area:4 Z=86  RN-222    bl:1     ln:2    
    809) Area:4 Z=88  RA-224    bl:2     ln:4    
    810) Area:4 Z=88  RA-225    bl:1     ln:2    
    811) Area:4 Z=88  RA-226    bl:73    ln:216  
    812) Area:4 Z=88  RA-227    bl:5     ln:8    
    813) Area:4 Z=88  RA-228    bl:1     ln:3    
    814) Area:4 Z=89  AC-225    bl:1     ln:1    
    815) Area:4 Z=89  AC-226    bl:2     ln:3    
    816) Area:4 Z=89  AC-227    bl:15    ln:47   
    817) Area:4 Z=89  AC-228    bl:3     ln:6    
    818) Area:4 Z=90  TH-225    bl:1     ln:1    
    819) Area:4 Z=90  TH-226    bl:2     ln:5    
    820) Area:4 Z=90  TH-227    bl:4     ln:4    
    821) Area:4 Z=90  TH-228    bl:15    ln:33   
    822) Area:4 Z=90  TH-229    bl:60    ln:116  
    823) Area:4 Z=90  TH-230    bl:74    ln:240  
    824) Area:4 Z=90  TH-231    bl:13    ln:23   
    825) Area:4 Z=90  TH-232    bl:616   ln:1731 
    826) Area:4 Z=90  TH-233    bl:13    ln:20   
    827) Area:4 Z=90  TH-234    bl:2     ln:2    
    828) Area:4 Z=90  TH-OXI    bl:6     ln:23   
    829) Area:4 Z=91  PA-229    bl:4     ln:4    
    830) Area:4 Z=91  PA-230    bl:6     ln:6    
    831) Area:4 Z=91  PA-231    bl:82    ln:171  
    832) Area:4 Z=91  PA-232    bl:22    ln:55   
    833) Area:4 Z=91  PA-233    bl:37    ln:65   
    834) Area:4 Z=91  PA-234    bl:2     ln:3    
    835) Area:4 Z=91  PA-235    bl:1     ln:1    
    836) Area:4 Z=91  PA-236    bl:2     ln:2    
    837) Area:4 Z=91  PA-237    bl:1     ln:1    
    838) Area:4 Z=91  PA-238    bl:1     ln:1    
    839) Area:4 Z=92  U-0       bl:126   ln:327  
    840) Area:4 Z=92  U-228     bl:2     ln:4    
    841) Area:4 Z=92  U-229     bl:3     ln:5    
    842) Area:4 Z=92  U-230     bl:8     ln:14   
    843) Area:4 Z=92  U-231     bl:5     ln:7    
    844) Area:4 Z=92  U-232     bl:85    ln:163  
    845) Area:4 Z=92  U-233     bl:496   ln:1397 
    846) Area:4 Z=92  U-234     bl:147   ln:328  
    847) Area:4 Z=92  U-235     bl:1326  ln:3788 
    848) Area:4 Z=92  U-235-M1  bl:1     ln:3    
    849) Area:4 Z=92  U-236     bl:250   ln:599  
    850) Area:4 Z=92  U-236-L   bl:1     ln:1    
    851) Area:4 Z=92  U-237     bl:42    ln:81   
    852) Area:4 Z=92  U-238     bl:1191  ln:3174 
    853) Area:4 Z=92  U-238-L   bl:2     ln:8    
    854) Area:4 Z=92  U-239     bl:33    ln:65   
    855) Area:4 Z=92  U-240     bl:7     ln:12   
    856) Area:4 Z=92  U-241     bl:2     ln:4    
    857) Area:4 Z=92  U-242     bl:2     ln:4    
    858) Area:4 Z=93  NP-230    bl:2     ln:4    
    859) Area:4 Z=93  NP-231    bl:2     ln:4    
    860) Area:4 Z=93  NP-232    bl:2     ln:4    
    861) Area:4 Z=93  NP-233    bl:3     ln:5    
    862) Area:4 Z=93  NP-234    bl:4     ln:6    
    863) Area:4 Z=93  NP-235    bl:6     ln:8    
    864) Area:4 Z=93  NP-236    bl:36    ln:74   
    865) Area:4 Z=93  NP-236-M1 bl:3     ln:6    
    866) Area:4 Z=93  NP-237    bl:379   ln:1054 
    867) Area:4 Z=93  NP-238    bl:49    ln:82   
    868) Area:4 Z=93  NP-239    bl:12    ln:22   
    869) Area:4 Z=93  NP-240    bl:5     ln:10   
    870) Area:4 Z=93  NP-241    bl:3     ln:5    
    871) Area:4 Z=93  NP-242    bl:3     ln:5    
    872) Area:4 Z=93  NP-244    bl:1     ln:1    
    873) Area:4 Z=94  PU-233    bl:1     ln:1    
    874) Area:4 Z=94  PU-234    bl:6     ln:12   
    875) Area:4 Z=94  PU-235    bl:4     ln:11   
    876) Area:4 Z=94  PU-236    bl:35    ln:84   
    877) Area:4 Z=94  PU-237    bl:13    ln:30   
    878) Area:4 Z=94  PU-238    bl:167   ln:414  
    879) Area:4 Z=94  PU-239    bl:870   ln:2539 
    880) Area:4 Z=94  PU-240    bl:249   ln:562  
    881) Area:4 Z=94  PU-241    bl:234   ln:591  
    882) Area:4 Z=94  PU-242    bl:185   ln:455  
    883) Area:4 Z=94  PU-243    bl:29    ln:70   
    884) Area:4 Z=94  PU-244    bl:35    ln:78   
    885) Area:4 Z=94  PU-245    bl:6     ln:12   
    886) Area:4 Z=94  PU-246    bl:4     ln:9    
    887) Area:4 Z=94  PU-248    bl:1     ln:2    
    888) Area:4 Z=94  PU-CMP    bl:1     ln:2    
    889) Area:4 Z=95  AM-236    bl:2     ln:4    
    890) Area:4 Z=95  AM-237    bl:3     ln:8    
    891) Area:4 Z=95  AM-238    bl:5     ln:11   
    892) Area:4 Z=95  AM-239    bl:6     ln:9    
    893) Area:4 Z=95  AM-240    bl:16    ln:27   
    894) Area:4 Z=95  AM-241    bl:307   ln:804  
    895) Area:4 Z=95  AM-242    bl:106   ln:219  
    896) Area:4 Z=95  AM-242-M1 bl:24    ln:95   
    897) Area:4 Z=95  AM-243    bl:194   ln:497  
    898) Area:4 Z=95  AM-244    bl:11    ln:20   
    899) Area:4 Z=95  AM-245    bl:4     ln:6    
    900) Area:4 Z=95  AM-246    bl:4     ln:6    
    901) Area:4 Z=95  AM-247    bl:2     ln:4    
    902) Area:4 Z=96  CM-238    bl:4     ln:9    
    903) Area:4 Z=96  CM-239    bl:3     ln:5    
    904) Area:4 Z=96  CM-240    bl:5     ln:10   
    905) Area:4 Z=96  CM-241    bl:11    ln:24   
    906) Area:4 Z=96  CM-242    bl:85    ln:163  
    907) Area:4 Z=96  CM-243    bl:77    ln:180  
    908) Area:4 Z=96  CM-244    bl:191   ln:538  
    909) Area:4 Z=96  CM-245    bl:125   ln:322  
    910) Area:4 Z=96  CM-246    bl:109   ln:302  
    911) Area:4 Z=96  CM-247    bl:83    ln:224  
    912) Area:4 Z=96  CM-248    bl:131   ln:420  
    913) Area:4 Z=96  CM-249    bl:9     ln:18   
    914) Area:4 Z=96  CM-250    bl:10    ln:17   
    915) Area:4 Z=96  CM-251    bl:3     ln:6    
    916) Area:4 Z=96  CM-252    bl:2     ln:3    
    917) Area:4 Z=97  BK-240    bl:1     ln:1    
    918) Area:4 Z=97  BK-242    bl:3     ln:5    
    919) Area:4 Z=97  BK-243    bl:2     ln:4    
    920) Area:4 Z=97  BK-244    bl:4     ln:6    
    921) Area:4 Z=97  BK-245    bl:5     ln:8    
    922) Area:4 Z=97  BK-246    bl:6     ln:11   
    923) Area:4 Z=97  BK-247    bl:5     ln:7    
    924) Area:4 Z=97  BK-248    bl:3     ln:5    
    925) Area:4 Z=97  BK-249    bl:54    ln:145  
    926) Area:4 Z=97  BK-250    bl:8     ln:21   
    927) Area:4 Z=97  BK-251    bl:4     ln:7    
    928) Area:4 Z=97  BK-252    bl:4     ln:8    
    929) Area:4 Z=97  BK-253    bl:2     ln:4    
    930) Area:4 Z=98  CF-242    bl:1     ln:2    
    931) Area:4 Z=98  CF-243    bl:1     ln:2    
    932) Area:4 Z=98  CF-244    bl:1     ln:2    
    933) Area:4 Z=98  CF-245    bl:3     ln:7    
    934) Area:4 Z=98  CF-246    bl:10    ln:22   
    935) Area:4 Z=98  CF-247    bl:3     ln:7    
    936) Area:4 Z=98  CF-248    bl:6     ln:12   
    937) Area:4 Z=98  CF-249    bl:104   ln:289  
    938) Area:4 Z=98  CF-250    bl:31    ln:79   
    939) Area:4 Z=98  CF-251    bl:36    ln:84   
    940) Area:4 Z=98  CF-252    bl:363   ln:1027 
    941) Area:4 Z=98  CF-253    bl:15    ln:49   
    942) Area:4 Z=98  CF-254    bl:21    ln:49   
    943) Area:4 Z=98  CF-255    bl:2     ln:4    
    944) Area:4 Z=98  CF-256    bl:5     ln:8    
    945) Area:4 Z=99  ES-244    bl:3     ln:5    
    946) Area:4 Z=99  ES-245    bl:2     ln:4    
    947) Area:4 Z=99  ES-246    bl:2     ln:4    
    948) Area:4 Z=99  ES-247    bl:2     ln:4    
    949) Area:4 Z=99  ES-248    bl:3     ln:5    
    950) Area:4 Z=99  ES-249    bl:2     ln:4    
    951) Area:4 Z=99  ES-250    bl:2     ln:4    
    952) Area:4 Z=99  ES-251    bl:3     ln:5    
    953) Area:4 Z=99  ES-252    bl:3     ln:5    
    954) Area:4 Z=99  ES-253    bl:14    ln:31   
    955) Area:4 Z=99  ES-254    bl:15    ln:31   
    956) Area:4 Z=99  ES-254-M1 bl:1     ln:4    
    957) Area:4 Z=99  ES-255    bl:4     ln:8    
    958) Area:4 Z=99  ES-256    bl:1     ln:4    
    959) Area:4 Z=100 FM-244    bl:10    ln:31   
    960) Area:4 Z=100 FM-246    bl:11    ln:24   
    961) Area:4 Z=100 FM-248    bl:4     ln:9    
    962) Area:4 Z=100 FM-249    bl:1     ln:2    
    963) Area:4 Z=100 FM-250    bl:6     ln:13   
    964) Area:4 Z=100 FM-251    bl:2     ln:6    
    965) Area:4 Z=100 FM-252    bl:3     ln:7    
    966) Area:4 Z=100 FM-253    bl:3     ln:7    
    967) Area:4 Z=100 FM-254    bl:22    ln:45   
    968) Area:4 Z=100 FM-255    bl:8     ln:17   
    969) Area:4 Z=100 FM-256    bl:23    ln:56   
    970) Area:4 Z=100 FM-257    bl:9     ln:16   
    971) Area:4 Z=100 FM-258    bl:8     ln:13   
    972) Area:4 Z=100 FM-259    bl:3     ln:4    
    973) Area:4 Z=101 MD-256    bl:1     ln:1    
    974) Area:4 Z=101 MD-259    bl:4     ln:18   
    975) Area:4 Z=102 NO-250    bl:3     ln:9    
    976) Area:4 Z=102 NO-250-L  bl:2     ln:6    
    977) Area:4 Z=102 NO-252    bl:11    ln:44   
    978) Area:4 Z=102 NO-254    bl:3     ln:9    
    979) Area:4 Z=102 NO-256    bl:1     ln:1    
    980) Area:4 Z=102 NO-258    bl:2     ln:5    
    981) Area:4 Z=102 NO-260    bl:1     ln:4    
    982) Area:4 Z=102 NO-262    bl:1     ln:4    
    983) Area:4 Z=103 LR-257    bl:1     ln:2    
    984) Area:4 Z=104 RF-254    bl:1     ln:1    
    985) Area:4 Z=104 RF-255    bl:1     ln:1    
    986) Area:4 Z=104 RF-256    bl:4     ln:10   
    987) Area:4 Z=104 RF-260    bl:2     ln:5    
    988) Area:4 Z=104 RF-262    bl:1     ln:1    
    989) Area:4 Z=105 DB-268    bl:1     ln:4    
    990) Area:4 Z=999 FPROD     bl:4     ln:6    
    991) Area:4 Z=999 MANY      bl:612   ln:946  
