CINDA BACKUP   BCK00920241224  86374  82138
      1) Area:9 Z=0   NN-1      bl:11    ln:11   
      2) Area:9 Z=1   H-0       bl:49    ln:49   
      3) Area:9 Z=1   H-1       bl:1139  ln:1304 
      4) Area:9 Z=1   H-2       bl:1113  ln:1175 
      5) Area:9 Z=1   H-3       bl:198   ln:202  
      6) Area:9 Z=2   HE-0      bl:24    ln:25   
      7) Area:9 Z=2   HE-3      bl:506   ln:528  
      8) Area:9 Z=2   HE-4      bl:592   ln:621  
      9) Area:9 Z=3   LI-0      bl:40    ln:41   
     10) Area:9 Z=3   LI-11     bl:1     ln:1    
     11) Area:9 Z=3   LI-6      bl:788   ln:817  
     12) Area:9 Z=3   LI-7      bl:551   ln:563  
     13) Area:9 Z=3   LI-8      bl:9     ln:9    
     14) Area:9 Z=3   LI-9      bl:1     ln:1    
     15) Area:9 Z=4   BE-0      bl:165   ln:169  
     16) Area:9 Z=4   BE-10     bl:30    ln:30   
     17) Area:9 Z=4   BE-11     bl:1     ln:1    
     18) Area:9 Z=4   BE-7      bl:9     ln:9    
     19) Area:9 Z=4   BE-8      bl:1     ln:1    
     20) Area:9 Z=4   BE-9      bl:1091  ln:1124 
     21) Area:9 Z=5   B-0       bl:30    ln:30   
     22) Area:9 Z=5   B-10      bl:467   ln:483  
     23) Area:9 Z=5   B-11      bl:511   ln:527  
     24) Area:9 Z=5   B-12      bl:1     ln:1    
     25) Area:9 Z=5   B-9       bl:2     ln:2    
     26) Area:9 Z=6   C-0       bl:814   ln:875  
     27) Area:9 Z=6   C-10      bl:5     ln:5    
     28) Area:9 Z=6   C-12      bl:4150  ln:4359 
     29) Area:9 Z=6   C-13      bl:736   ln:760  
     30) Area:9 Z=6   C-14      bl:310   ln:325  
     31) Area:9 Z=7   N-0       bl:61    ln:61   
     32) Area:9 Z=7   N-13      bl:1     ln:1    
     33) Area:9 Z=7   N-14      bl:602   ln:619  
     34) Area:9 Z=7   N-15      bl:277   ln:294  
     35) Area:9 Z=7   N-20      bl:1     ln:1    
     36) Area:9 Z=7   N-21      bl:1     ln:1    
     37) Area:9 Z=8   O-0       bl:102   ln:104  
     38) Area:9 Z=8   O-16      bl:1531  ln:1598 
     39) Area:9 Z=8   O-17      bl:153   ln:160  
     40) Area:9 Z=8   O-18      bl:393   ln:411  
     41) Area:9 Z=8   O-22      bl:1     ln:1    
     42) Area:9 Z=9   F-0       bl:25    ln:26   
     43) Area:9 Z=9   F-17      bl:2     ln:2    
     44) Area:9 Z=9   F-18      bl:2     ln:2    
     45) Area:9 Z=9   F-19      bl:438   ln:450  
     46) Area:9 Z=10  NE-0      bl:19    ln:19   
     47) Area:9 Z=10  NE-20     bl:449   ln:469  
     48) Area:9 Z=10  NE-21     bl:76    ln:77   
     49) Area:9 Z=10  NE-22     bl:177   ln:184  
     50) Area:9 Z=11  NA-0      bl:29    ln:31   
     51) Area:9 Z=11  NA-20     bl:1     ln:1    
     52) Area:9 Z=11  NA-22     bl:4     ln:4    
     53) Area:9 Z=11  NA-23     bl:315   ln:332  
     54) Area:9 Z=12  MG-0      bl:62    ln:62   
     55) Area:9 Z=12  MG-23     bl:1     ln:1    
     56) Area:9 Z=12  MG-24     bl:1195  ln:1253 
     57) Area:9 Z=12  MG-25     bl:297   ln:313  
     58) Area:9 Z=12  MG-26     bl:682   ln:720  
     59) Area:9 Z=13  AL-0      bl:220   ln:230  
     60) Area:9 Z=13  AL-23     bl:1     ln:1    
     61) Area:9 Z=13  AL-26     bl:8     ln:8    
     62) Area:9 Z=13  AL-27     bl:1724  ln:1799 
     63) Area:9 Z=14  SI-0      bl:255   ln:261  
     64) Area:9 Z=14  SI-28     bl:1406  ln:1481 
     65) Area:9 Z=14  SI-29     bl:230   ln:237  
     66) Area:9 Z=14  SI-30     bl:299   ln:318  
     67) Area:9 Z=15  P-0       bl:19    ln:19   
     68) Area:9 Z=15  P-31      bl:273   ln:291  
     69) Area:9 Z=15  P-32      bl:1     ln:1    
     70) Area:9 Z=16  S-0       bl:56    ln:58   
     71) Area:9 Z=16  S-32      bl:453   ln:474  
     72) Area:9 Z=16  S-33      bl:48    ln:53   
     73) Area:9 Z=16  S-34      bl:189   ln:196  
     74) Area:9 Z=16  S-35      bl:2     ln:2    
     75) Area:9 Z=16  S-36      bl:59    ln:63   
     76) Area:9 Z=16  S-37      bl:2     ln:2    
     77) Area:9 Z=17  CL-0      bl:30    ln:32   
     78) Area:9 Z=17  CL-35     bl:150   ln:162  
     79) Area:9 Z=17  CL-36     bl:5     ln:5    
     80) Area:9 Z=17  CL-37     bl:140   ln:145  
     81) Area:9 Z=18  AR-0      bl:30    ln:31   
     82) Area:9 Z=18  AR-36     bl:136   ln:138  
     83) Area:9 Z=18  AR-37     bl:1     ln:1    
     84) Area:9 Z=18  AR-38     bl:58    ln:60   
     85) Area:9 Z=18  AR-40     bl:206   ln:211  
     86) Area:9 Z=19  K-0       bl:36    ln:38   
     87) Area:9 Z=19  K-39      bl:219   ln:230  
     88) Area:9 Z=19  K-40      bl:8     ln:8    
     89) Area:9 Z=19  K-41      bl:72    ln:78   
     90) Area:9 Z=20  CA-0      bl:133   ln:137  
     91) Area:9 Z=20  CA-40     bl:1558  ln:1642 
     92) Area:9 Z=20  CA-41     bl:25    ln:30   
     93) Area:9 Z=20  CA-42     bl:263   ln:271  
     94) Area:9 Z=20  CA-43     bl:47    ln:47   
     95) Area:9 Z=20  CA-44     bl:343   ln:352  
     96) Area:9 Z=20  CA-46     bl:35    ln:37   
     97) Area:9 Z=20  CA-48     bl:643   ln:690  
     98) Area:9 Z=21  SC-0      bl:10    ln:10   
     99) Area:9 Z=21  SC-45     bl:227   ln:234  
    100) Area:9 Z=21  SC-46     bl:1     ln:1    
    101) Area:9 Z=22  TI-0      bl:179   ln:185  
    102) Area:9 Z=22  TI-46     bl:309   ln:322  
    103) Area:9 Z=22  TI-47     bl:75    ln:78   
    104) Area:9 Z=22  TI-48     bl:470   ln:490  
    105) Area:9 Z=22  TI-49     bl:73    ln:76   
    106) Area:9 Z=22  TI-50     bl:351   ln:370  
    107) Area:9 Z=23  V-0       bl:60    ln:60   
    108) Area:9 Z=23  V-50      bl:18    ln:18   
    109) Area:9 Z=23  V-51      bl:387   ln:401  
    110) Area:9 Z=24  CR-0      bl:83    ln:83   
    111) Area:9 Z=24  CR-50     bl:271   ln:282  
    112) Area:9 Z=24  CR-52     bl:403   ln:416  
    113) Area:9 Z=24  CR-53     bl:77    ln:80   
    114) Area:9 Z=24  CR-54     bl:133   ln:139  
    115) Area:9 Z=25  MN-0      bl:40    ln:40   
    116) Area:9 Z=25  MN-55     bl:221   ln:234  
    117) Area:9 Z=26  FE-0      bl:246   ln:249  
    118) Area:9 Z=26  FE-54     bl:697   ln:732  
    119) Area:9 Z=26  FE-55     bl:1     ln:1    
    120) Area:9 Z=26  FE-56     bl:600   ln:616  
    121) Area:9 Z=26  FE-57     bl:79    ln:84   
    122) Area:9 Z=26  FE-58     bl:127   ln:134  
    123) Area:9 Z=26  FE-60     bl:2     ln:2    
    124) Area:9 Z=27  CO-0      bl:64    ln:64   
    125) Area:9 Z=27  CO-57     bl:2     ln:2    
    126) Area:9 Z=27  CO-58     bl:6     ln:6    
    127) Area:9 Z=27  CO-59     bl:458   ln:480  
    128) Area:9 Z=28  NI-0      bl:303   ln:314  
    129) Area:9 Z=28  NI-56     bl:2     ln:2    
    130) Area:9 Z=28  NI-58     bl:1476  ln:1551 
    131) Area:9 Z=28  NI-59     bl:18    ln:19   
    132) Area:9 Z=28  NI-60     bl:707   ln:739  
    133) Area:9 Z=28  NI-61     bl:94    ln:94   
    134) Area:9 Z=28  NI-62     bl:499   ln:523  
    135) Area:9 Z=28  NI-63     bl:1     ln:1    
    136) Area:9 Z=28  NI-64     bl:496   ln:524  
    137) Area:9 Z=29  CU-0      bl:496   ln:524  
    138) Area:9 Z=29  CU-63     bl:367   ln:374  
    139) Area:9 Z=29  CU-64     bl:8     ln:8    
    140) Area:9 Z=29  CU-65     bl:292   ln:298  
    141) Area:9 Z=30  ZN-0      bl:83    ln:87   
    142) Area:9 Z=30  ZN-64     bl:350   ln:361  
    143) Area:9 Z=30  ZN-65     bl:4     ln:4    
    144) Area:9 Z=30  ZN-66     bl:227   ln:238  
    145) Area:9 Z=30  ZN-67     bl:53    ln:55   
    146) Area:9 Z=30  ZN-68     bl:245   ln:254  
    147) Area:9 Z=30  ZN-70     bl:117   ln:128  
    148) Area:9 Z=31  GA-0      bl:16    ln:16   
    149) Area:9 Z=31  GA-69     bl:58    ln:58   
    150) Area:9 Z=31  GA-71     bl:49    ln:49   
    151) Area:9 Z=32  GE-0      bl:88    ln:91   
    152) Area:9 Z=32  GE-70     bl:198   ln:208  
    153) Area:9 Z=32  GE-71     bl:1     ln:1    
    154) Area:9 Z=32  GE-72     bl:200   ln:214  
    155) Area:9 Z=32  GE-73     bl:45    ln:46   
    156) Area:9 Z=32  GE-74     bl:210   ln:223  
    157) Area:9 Z=32  GE-76     bl:189   ln:211  
    158) Area:9 Z=33  AS-0      bl:18    ln:18   
    159) Area:9 Z=33  AS-75     bl:93    ln:94   
    160) Area:9 Z=34  SE-0      bl:48    ln:49   
    161) Area:9 Z=34  SE-74     bl:37    ln:42   
    162) Area:9 Z=34  SE-76     bl:87    ln:99   
    163) Area:9 Z=34  SE-77     bl:48    ln:53   
    164) Area:9 Z=34  SE-78     bl:88    ln:98   
    165) Area:9 Z=34  SE-80     bl:122   ln:129  
    166) Area:9 Z=34  SE-82     bl:85    ln:91   
    167) Area:9 Z=35  BR-0      bl:62    ln:64   
    168) Area:9 Z=35  BR-79     bl:46    ln:49   
    169) Area:9 Z=35  BR-81     bl:37    ln:42   
    170) Area:9 Z=36  KR-0      bl:19    ln:19   
    171) Area:9 Z=36  KR-78     bl:25    ln:27   
    172) Area:9 Z=36  KR-80     bl:25    ln:28   
    173) Area:9 Z=36  KR-82     bl:23    ln:24   
    174) Area:9 Z=36  KR-83     bl:6     ln:6    
    175) Area:9 Z=36  KR-84     bl:42    ln:42   
    176) Area:9 Z=36  KR-85     bl:2     ln:2    
    177) Area:9 Z=36  KR-86     bl:56    ln:57   
    178) Area:9 Z=37  RB-0      bl:38    ln:38   
    179) Area:9 Z=37  RB-85     bl:43    ln:44   
    180) Area:9 Z=37  RB-87     bl:44    ln:46   
    181) Area:9 Z=38  SR-0      bl:32    ln:32   
    182) Area:9 Z=38  SR-84     bl:22    ln:22   
    183) Area:9 Z=38  SR-86     bl:78    ln:79   
    184) Area:9 Z=38  SR-87     bl:50    ln:53   
    185) Area:9 Z=38  SR-88     bl:261   ln:294  
    186) Area:9 Z=39  Y-0       bl:36    ln:36   
    187) Area:9 Z=39  Y-88      bl:1     ln:1    
    188) Area:9 Z=39  Y-89      bl:478   ln:504  
    189) Area:9 Z=40  ZR-0      bl:115   ln:118  
    190) Area:9 Z=40  ZR-90     bl:1019  ln:1090 
    191) Area:9 Z=40  ZR-91     bl:171   ln:177  
    192) Area:9 Z=40  ZR-92     bl:276   ln:292  
    193) Area:9 Z=40  ZR-93     bl:3     ln:3    
    194) Area:9 Z=40  ZR-94     bl:183   ln:192  
    195) Area:9 Z=40  ZR-96     bl:163   ln:167  
    196) Area:9 Z=41  NB-0      bl:52    ln:52   
    197) Area:9 Z=41  NB-93     bl:431   ln:451  
    198) Area:9 Z=42  MO-0      bl:113   ln:116  
    199) Area:9 Z=42  MO-100    bl:282   ln:307  
    200) Area:9 Z=42  MO-90     bl:3     ln:3    
    201) Area:9 Z=42  MO-92     bl:422   ln:447  
    202) Area:9 Z=42  MO-93     bl:1     ln:1    
    203) Area:9 Z=42  MO-94     bl:210   ln:221  
    204) Area:9 Z=42  MO-95     bl:75    ln:77   
    205) Area:9 Z=42  MO-96     bl:204   ln:211  
    206) Area:9 Z=42  MO-97     bl:47    ln:49   
    207) Area:9 Z=42  MO-98     bl:182   ln:196  
    208) Area:9 Z=43  TC-0      bl:1     ln:1    
    209) Area:9 Z=43  TC-99     bl:28    ln:31   
    210) Area:9 Z=44  RU-0      bl:7     ln:7    
    211) Area:9 Z=44  RU-100    bl:37    ln:42   
    212) Area:9 Z=44  RU-101    bl:16    ln:16   
    213) Area:9 Z=44  RU-102    bl:42    ln:47   
    214) Area:9 Z=44  RU-104    bl:68    ln:72   
    215) Area:9 Z=44  RU-96     bl:71    ln:82   
    216) Area:9 Z=44  RU-98     bl:18    ln:18   
    217) Area:9 Z=44  RU-99     bl:14    ln:14   
    218) Area:9 Z=45  RH-0      bl:18    ln:18   
    219) Area:9 Z=45  RH-103    bl:118   ln:122  
    220) Area:9 Z=46  PD-0      bl:50    ln:50   
    221) Area:9 Z=46  PD-102    bl:27    ln:28   
    222) Area:9 Z=46  PD-104    bl:66    ln:69   
    223) Area:9 Z=46  PD-105    bl:51    ln:54   
    224) Area:9 Z=46  PD-106    bl:91    ln:98   
    225) Area:9 Z=46  PD-108    bl:87    ln:90   
    226) Area:9 Z=46  PD-110    bl:162   ln:176  
    227) Area:9 Z=47  AG-0      bl:499   ln:523  
    228) Area:9 Z=47  AG-107    bl:214   ln:221  
    229) Area:9 Z=47  AG-108    bl:8     ln:8    
    230) Area:9 Z=47  AG-109    bl:222   ln:229  
    231) Area:9 Z=48  CD-0      bl:94    ln:97   
    232) Area:9 Z=48  CD-104    bl:1     ln:1    
    233) Area:9 Z=48  CD-106    bl:78    ln:81   
    234) Area:9 Z=48  CD-108    bl:24    ln:26   
    235) Area:9 Z=48  CD-109    bl:1     ln:1    
    236) Area:9 Z=48  CD-110    bl:111   ln:117  
    237) Area:9 Z=48  CD-111    bl:56    ln:59   
    238) Area:9 Z=48  CD-112    bl:127   ln:139  
    239) Area:9 Z=48  CD-113    bl:38    ln:40   
    240) Area:9 Z=48  CD-114    bl:161   ln:170  
    241) Area:9 Z=48  CD-116    bl:151   ln:159  
    242) Area:9 Z=49  IN-0      bl:75    ln:78   
    243) Area:9 Z=49  IN-113    bl:66    ln:69   
    244) Area:9 Z=49  IN-114    bl:6     ln:6    
    245) Area:9 Z=49  IN-115    bl:214   ln:221  
    246) Area:9 Z=50  SN-0      bl:233   ln:250  
    247) Area:9 Z=50  SN-112    bl:277   ln:303  
    248) Area:9 Z=50  SN-114    bl:121   ln:127  
    249) Area:9 Z=50  SN-115    bl:22    ln:22   
    250) Area:9 Z=50  SN-116    bl:515   ln:559  
    251) Area:9 Z=50  SN-117    bl:137   ln:145  
    252) Area:9 Z=50  SN-118    bl:401   ln:436  
    253) Area:9 Z=50  SN-119    bl:127   ln:130  
    254) Area:9 Z=50  SN-120    bl:551   ln:595  
    255) Area:9 Z=50  SN-121    bl:2     ln:2    
    256) Area:9 Z=50  SN-122    bl:286   ln:302  
    257) Area:9 Z=50  SN-124    bl:517   ln:556  
    258) Area:9 Z=50  SN-132    bl:2     ln:2    
    259) Area:9 Z=51  SB-0      bl:69    ln:69   
    260) Area:9 Z=51  SB-121    bl:79    ln:82   
    261) Area:9 Z=51  SB-123    bl:43    ln:45   
    262) Area:9 Z=51  SB-124    bl:3     ln:3    
    263) Area:9 Z=52  TE-0      bl:39    ln:39   
    264) Area:9 Z=52  TE-120    bl:9     ln:11   
    265) Area:9 Z=52  TE-122    bl:77    ln:83   
    266) Area:9 Z=52  TE-123    bl:27    ln:29   
    267) Area:9 Z=52  TE-124    bl:89    ln:97   
    268) Area:9 Z=52  TE-125    bl:31    ln:36   
    269) Area:9 Z=52  TE-126    bl:101   ln:105  
    270) Area:9 Z=52  TE-127    bl:1     ln:1    
    271) Area:9 Z=52  TE-128    bl:106   ln:115  
    272) Area:9 Z=52  TE-130    bl:168   ln:182  
    273) Area:9 Z=53  I-0       bl:23    ln:24   
    274) Area:9 Z=53  I-126     bl:3     ln:3    
    275) Area:9 Z=53  I-127     bl:103   ln:105  
    276) Area:9 Z=53  I-129     bl:8     ln:8    
    277) Area:9 Z=54  XE-0      bl:18    ln:18   
    278) Area:9 Z=54  XE-124    bl:8     ln:8    
    279) Area:9 Z=54  XE-126    bl:3     ln:3    
    280) Area:9 Z=54  XE-128    bl:4     ln:4    
    281) Area:9 Z=54  XE-129    bl:4     ln:4    
    282) Area:9 Z=54  XE-130    bl:7     ln:7    
    283) Area:9 Z=54  XE-131    bl:8     ln:8    
    284) Area:9 Z=54  XE-132    bl:9     ln:9    
    285) Area:9 Z=54  XE-134    bl:5     ln:5    
    286) Area:9 Z=54  XE-135    bl:1     ln:1    
    287) Area:9 Z=54  XE-136    bl:37    ln:38   
    288) Area:9 Z=55  CS-0      bl:16    ln:17   
    289) Area:9 Z=55  CS-133    bl:115   ln:116  
    290) Area:9 Z=55  CS-137    bl:2     ln:2    
    291) Area:9 Z=56  BA-0      bl:37    ln:40   
    292) Area:9 Z=56  BA-130    bl:18    ln:18   
    293) Area:9 Z=56  BA-132    bl:5     ln:6    
    294) Area:9 Z=56  BA-134    bl:36    ln:37   
    295) Area:9 Z=56  BA-135    bl:19    ln:20   
    296) Area:9 Z=56  BA-136    bl:35    ln:35   
    297) Area:9 Z=56  BA-137    bl:22    ln:23   
    298) Area:9 Z=56  BA-138    bl:167   ln:172  
    299) Area:9 Z=57  LA-0      bl:51    ln:53   
    300) Area:9 Z=57  LA-138    bl:3     ln:3    
    301) Area:9 Z=57  LA-139    bl:184   ln:190  
    302) Area:9 Z=58  CE-0      bl:58    ln:62   
    303) Area:9 Z=58  CE-136    bl:6     ln:7    
    304) Area:9 Z=58  CE-138    bl:3     ln:3    
    305) Area:9 Z=58  CE-140    bl:183   ln:200  
    306) Area:9 Z=58  CE-142    bl:63    ln:63   
    307) Area:9 Z=59  PR-0      bl:48    ln:50   
    308) Area:9 Z=59  PR-141    bl:210   ln:229  
    309) Area:9 Z=60  ND-0      bl:85    ln:89   
    310) Area:9 Z=60  ND-142    bl:289   ln:316  
    311) Area:9 Z=60  ND-143    bl:59    ln:62   
    312) Area:9 Z=60  ND-144    bl:143   ln:152  
    313) Area:9 Z=60  ND-145    bl:46    ln:47   
    314) Area:9 Z=60  ND-146    bl:149   ln:153  
    315) Area:9 Z=60  ND-147    bl:1     ln:1    
    316) Area:9 Z=60  ND-148    bl:127   ln:130  
    317) Area:9 Z=60  ND-150    bl:183   ln:193  
    318) Area:9 Z=61  PM-147    bl:2     ln:2    
    319) Area:9 Z=62  SM-0      bl:69    ln:70   
    320) Area:9 Z=62  SM-144    bl:452   ln:490  
    321) Area:9 Z=62  SM-145    bl:2     ln:2    
    322) Area:9 Z=62  SM-146    bl:1     ln:2    
    323) Area:9 Z=62  SM-147    bl:69    ln:71   
    324) Area:9 Z=62  SM-148    bl:216   ln:231  
    325) Area:9 Z=62  SM-149    bl:60    ln:62   
    326) Area:9 Z=62  SM-150    bl:215   ln:231  
    327) Area:9 Z=62  SM-151    bl:15    ln:16   
    328) Area:9 Z=62  SM-152    bl:317   ln:342  
    329) Area:9 Z=62  SM-153    bl:2     ln:2    
    330) Area:9 Z=62  SM-154    bl:459   ln:494  
    331) Area:9 Z=63  EU-0      bl:34    ln:35   
    332) Area:9 Z=63  EU-151    bl:68    ln:70   
    333) Area:9 Z=63  EU-152    bl:14    ln:14   
    334) Area:9 Z=63  EU-153    bl:84    ln:88   
    335) Area:9 Z=63  EU-154    bl:3     ln:4    
    336) Area:9 Z=64  GD-0      bl:76    ln:79   
    337) Area:9 Z=64  GD-148    bl:13    ln:16   
    338) Area:9 Z=64  GD-152    bl:25    ln:26   
    339) Area:9 Z=64  GD-154    bl:72    ln:74   
    340) Area:9 Z=64  GD-155    bl:43    ln:43   
    341) Area:9 Z=64  GD-156    bl:80    ln:84   
    342) Area:9 Z=64  GD-157    bl:19    ln:19   
    343) Area:9 Z=64  GD-158    bl:125   ln:130  
    344) Area:9 Z=64  GD-159    bl:2     ln:2    
    345) Area:9 Z=64  GD-160    bl:117   ln:124  
    346) Area:9 Z=65  TB-0      bl:26    ln:26   
    347) Area:9 Z=65  TB-158    bl:2     ln:2    
    348) Area:9 Z=65  TB-159    bl:309   ln:329  
    349) Area:9 Z=66  DY-0      bl:68    ln:70   
    350) Area:9 Z=66  DY-156    bl:24    ln:24   
    351) Area:9 Z=66  DY-158    bl:19    ln:20   
    352) Area:9 Z=66  DY-160    bl:51    ln:51   
    353) Area:9 Z=66  DY-161    bl:51    ln:53   
    354) Area:9 Z=66  DY-162    bl:114   ln:114  
    355) Area:9 Z=66  DY-163    bl:39    ln:40   
    356) Area:9 Z=66  DY-164    bl:130   ln:133  
    357) Area:9 Z=67  HO-0      bl:52    ln:54   
    358) Area:9 Z=67  HO-156    bl:1     ln:1    
    359) Area:9 Z=67  HO-165    bl:334   ln:349  
    360) Area:9 Z=67  HO-166    bl:1     ln:1    
    361) Area:9 Z=68  ER-0      bl:62    ln:64   
    362) Area:9 Z=68  ER-162    bl:13    ln:13   
    363) Area:9 Z=68  ER-164    bl:41    ln:41   
    364) Area:9 Z=68  ER-166    bl:147   ln:152  
    365) Area:9 Z=68  ER-167    bl:72    ln:76   
    366) Area:9 Z=68  ER-168    bl:108   ln:114  
    367) Area:9 Z=68  ER-170    bl:140   ln:157  
    368) Area:9 Z=69  TM-0      bl:25    ln:25   
    369) Area:9 Z=69  TM-169    bl:152   ln:157  
    370) Area:9 Z=69  TM-170    bl:2     ln:2    
    371) Area:9 Z=69  TM-171    bl:1     ln:1    
    372) Area:9 Z=70  YB-0      bl:72    ln:73   
    373) Area:9 Z=70  YB-168    bl:22    ln:23   
    374) Area:9 Z=70  YB-170    bl:55    ln:57   
    375) Area:9 Z=70  YB-171    bl:34    ln:36   
    376) Area:9 Z=70  YB-172    bl:76    ln:79   
    377) Area:9 Z=70  YB-173    bl:33    ln:35   
    378) Area:9 Z=70  YB-174    bl:118   ln:124  
    379) Area:9 Z=70  YB-176    bl:147   ln:160  
    380) Area:9 Z=71  LU-0      bl:27    ln:27   
    381) Area:9 Z=71  LU-175    bl:132   ln:137  
    382) Area:9 Z=71  LU-176    bl:29    ln:33   
    383) Area:9 Z=72  HF-0      bl:24    ln:25   
    384) Area:9 Z=72  HF-174    bl:6     ln:6    
    385) Area:9 Z=72  HF-176    bl:52    ln:56   
    386) Area:9 Z=72  HF-177    bl:33    ln:35   
    387) Area:9 Z=72  HF-178    bl:65    ln:71   
    388) Area:9 Z=72  HF-179    bl:43    ln:45   
    389) Area:9 Z=72  HF-180    bl:111   ln:120  
    390) Area:9 Z=73  TA-0      bl:213   ln:225  
    391) Area:9 Z=73  TA-180    bl:14    ln:15   
    392) Area:9 Z=73  TA-181    bl:549   ln:560  
    393) Area:9 Z=73  TA-182    bl:1     ln:1    
    394) Area:9 Z=74  W-0       bl:200   ln:209  
    395) Area:9 Z=74  W-180     bl:17    ln:18   
    396) Area:9 Z=74  W-181     bl:1     ln:1    
    397) Area:9 Z=74  W-182     bl:186   ln:197  
    398) Area:9 Z=74  W-183     bl:69    ln:71   
    399) Area:9 Z=74  W-184     bl:158   ln:167  
    400) Area:9 Z=74  W-186     bl:198   ln:205  
    401) Area:9 Z=74  W-189     bl:2     ln:2    
    402) Area:9 Z=75  RE-0      bl:40    ln:41   
    403) Area:9 Z=75  RE-185    bl:67    ln:70   
    404) Area:9 Z=75  RE-186    bl:1     ln:1    
    405) Area:9 Z=75  RE-187    bl:52    ln:53   
    406) Area:9 Z=76  OS-0      bl:11    ln:11   
    407) Area:9 Z=76  OS-184    bl:3     ln:3    
    408) Area:9 Z=76  OS-186    bl:32    ln:32   
    409) Area:9 Z=76  OS-187    bl:28    ln:28   
    410) Area:9 Z=76  OS-188    bl:84    ln:87   
    411) Area:9 Z=76  OS-189    bl:49    ln:52   
    412) Area:9 Z=76  OS-190    bl:95    ln:96   
    413) Area:9 Z=76  OS-192    bl:115   ln:124  
    414) Area:9 Z=76  OS-193    bl:1     ln:1    
    415) Area:9 Z=77  IR-0      bl:35    ln:38   
    416) Area:9 Z=77  IR-191    bl:66    ln:70   
    417) Area:9 Z=77  IR-192    bl:3     ln:3    
    418) Area:9 Z=77  IR-193    bl:61    ln:71   
    419) Area:9 Z=78  PT-0      bl:91    ln:95   
    420) Area:9 Z=78  PT-190    bl:8     ln:8    
    421) Area:9 Z=78  PT-192    bl:24    ln:28   
    422) Area:9 Z=78  PT-193    bl:2     ln:2    
    423) Area:9 Z=78  PT-194    bl:148   ln:158  
    424) Area:9 Z=78  PT-195    bl:39    ln:41   
    425) Area:9 Z=78  PT-196    bl:110   ln:117  
    426) Area:9 Z=78  PT-198    bl:131   ln:135  
    427) Area:9 Z=79  AU-0      bl:233   ln:246  
    428) Area:9 Z=79  AU-197    bl:1766  ln:1916 
    429) Area:9 Z=79  AU-198    bl:1     ln:1    
    430) Area:9 Z=80  HG-0      bl:49    ln:53   
    431) Area:9 Z=80  HG-196    bl:7     ln:7    
    432) Area:9 Z=80  HG-197    bl:4     ln:4    
    433) Area:9 Z=80  HG-198    bl:31    ln:33   
    434) Area:9 Z=80  HG-199    bl:22    ln:22   
    435) Area:9 Z=80  HG-200    bl:31    ln:33   
    436) Area:9 Z=80  HG-201    bl:11    ln:12   
    437) Area:9 Z=80  HG-202    bl:34    ln:38   
    438) Area:9 Z=80  HG-204    bl:53    ln:58   
    439) Area:9 Z=81  TL-0      bl:32    ln:32   
    440) Area:9 Z=81  TL-203    bl:56    ln:59   
    441) Area:9 Z=81  TL-205    bl:119   ln:127  
    442) Area:9 Z=82  PB-0      bl:760   ln:796  
    443) Area:9 Z=82  PB-204    bl:169   ln:180  
    444) Area:9 Z=82  PB-205    bl:4     ln:4    
    445) Area:9 Z=82  PB-206    bl:460   ln:476  
    446) Area:9 Z=82  PB-207    bl:277   ln:296  
    447) Area:9 Z=82  PB-208    bl:2305  ln:2491 
    448) Area:9 Z=82  PB-210    bl:17    ln:17   
    449) Area:9 Z=82  PB-212    bl:3     ln:3    
    450) Area:9 Z=83  BI-0      bl:121   ln:121  
    451) Area:9 Z=83  BI-208    bl:4     ln:4    
    452) Area:9 Z=83  BI-209    bl:1045  ln:1100 
    453) Area:9 Z=83  BI-210    bl:6     ln:6    
    454) Area:9 Z=84  PO-208    bl:1     ln:1    
    455) Area:9 Z=84  PO-210    bl:13    ln:13   
    456) Area:9 Z=88  RA-215    bl:2     ln:2    
    457) Area:9 Z=88  RA-217    bl:2     ln:2    
    458) Area:9 Z=88  RA-218    bl:2     ln:2    
    459) Area:9 Z=88  RA-219    bl:2     ln:2    
    460) Area:9 Z=88  RA-226    bl:47    ln:48   
    461) Area:9 Z=88  RA-228    bl:1     ln:1    
    462) Area:9 Z=89  AC-214    bl:1     ln:1    
    463) Area:9 Z=89  AC-215    bl:1     ln:1    
    464) Area:9 Z=89  AC-216    bl:1     ln:1    
    465) Area:9 Z=89  AC-217    bl:1     ln:1    
    466) Area:9 Z=89  AC-218    bl:3     ln:3    
    467) Area:9 Z=89  AC-219    bl:3     ln:3    
    468) Area:9 Z=89  AC-220    bl:3     ln:3    
    469) Area:9 Z=89  AC-221    bl:4     ln:4    
    470) Area:9 Z=89  AC-222    bl:4     ln:4    
    471) Area:9 Z=89  AC-223    bl:2     ln:2    
    472) Area:9 Z=89  AC-224    bl:1     ln:1    
    473) Area:9 Z=89  AC-225    bl:1     ln:1    
    474) Area:9 Z=89  AC-226    bl:1     ln:1    
    475) Area:9 Z=89  AC-227    bl:5     ln:5    
    476) Area:9 Z=90  TH-0      bl:87    ln:88   
    477) Area:9 Z=90  TH-220    bl:3     ln:3    
    478) Area:9 Z=90  TH-221    bl:2     ln:2    
    479) Area:9 Z=90  TH-222    bl:4     ln:4    
    480) Area:9 Z=90  TH-223    bl:2     ln:2    
    481) Area:9 Z=90  TH-224    bl:2     ln:2    
    482) Area:9 Z=90  TH-225    bl:2     ln:2    
    483) Area:9 Z=90  TH-226    bl:2     ln:2    
    484) Area:9 Z=90  TH-227    bl:2     ln:2    
    485) Area:9 Z=90  TH-228    bl:5     ln:5    
    486) Area:9 Z=90  TH-229    bl:17    ln:19   
    487) Area:9 Z=90  TH-230    bl:99    ln:106  
    488) Area:9 Z=90  TH-232    bl:1210  ln:1272 
    489) Area:9 Z=90  TH-234    bl:12    ln:12   
    490) Area:9 Z=91  PA-224    bl:2     ln:2    
    491) Area:9 Z=91  PA-225    bl:2     ln:2    
    492) Area:9 Z=91  PA-226    bl:2     ln:2    
    493) Area:9 Z=91  PA-227    bl:2     ln:2    
    494) Area:9 Z=91  PA-228    bl:2     ln:2    
    495) Area:9 Z=91  PA-229    bl:2     ln:2    
    496) Area:9 Z=91  PA-230    bl:2     ln:2    
    497) Area:9 Z=91  PA-231    bl:86    ln:87   
    498) Area:9 Z=91  PA-232    bl:5     ln:5    
    499) Area:9 Z=91  PA-233    bl:3     ln:3    
    500) Area:9 Z=92  U-0       bl:342   ln:351  
    501) Area:9 Z=92  U-230     bl:1     ln:1    
    502) Area:9 Z=92  U-231     bl:2     ln:2    
    503) Area:9 Z=92  U-232     bl:56    ln:56   
    504) Area:9 Z=92  U-234     bl:160   ln:167  
    505) Area:9 Z=92  U-235     bl:898   ln:932  
    506) Area:9 Z=92  U-236     bl:252   ln:268  
    507) Area:9 Z=92  U-237     bl:5     ln:5    
    508) Area:9 Z=92  U-238     bl:1835  ln:1962 
    509) Area:9 Z=92  U-239     bl:1     ln:1    
    510) Area:9 Z=92  U-240     bl:12    ln:12   
    511) Area:9 Z=93  NP-233    bl:310   ln:326  
    512) Area:9 Z=93  NP-234    bl:2     ln:2    
    513) Area:9 Z=93  NP-235    bl:3     ln:3    
    514) Area:9 Z=93  NP-236    bl:3     ln:3    
    515) Area:9 Z=93  NP-237    bl:338   ln:349  
    516) Area:9 Z=93  NP-238    bl:1     ln:1    
    517) Area:9 Z=93  NP-239    bl:9     ln:9    
    518) Area:9 Z=94  PU-0      bl:1     ln:1    
    519) Area:9 Z=94  PU-238    bl:87    ln:88   
    520) Area:9 Z=94  PU-239    bl:455   ln:461  
    521) Area:9 Z=94  PU-240    bl:161   ln:163  
    522) Area:9 Z=94  PU-241    bl:125   ln:126  
    523) Area:9 Z=94  PU-242    bl:163   ln:165  
    524) Area:9 Z=94  PU-243    bl:2     ln:2    
    525) Area:9 Z=94  PU-244    bl:102   ln:113  
    526) Area:9 Z=95  AM-239    bl:2     ln:2    
    527) Area:9 Z=95  AM-240    bl:2     ln:2    
    528) Area:9 Z=95  AM-241    bl:143   ln:144  
    529) Area:9 Z=95  AM-242    bl:22    ln:24   
    530) Area:9 Z=95  AM-243    bl:184   ln:185  
    531) Area:9 Z=95  AM-244    bl:3     ln:3    
    532) Area:9 Z=96  CM-242    bl:28    ln:28   
    533) Area:9 Z=96  CM-243    bl:3     ln:3    
    534) Area:9 Z=96  CM-244    bl:70    ln:71   
    535) Area:9 Z=96  CM-245    bl:46    ln:46   
    536) Area:9 Z=96  CM-246    bl:72    ln:73   
    537) Area:9 Z=96  CM-247    bl:2     ln:2    
    538) Area:9 Z=96  CM-248    bl:211   ln:225  
    539) Area:9 Z=96  CM-249    bl:3     ln:3    
    540) Area:9 Z=96  CM-250    bl:12    ln:12   
    541) Area:9 Z=97  BK-245    bl:2     ln:2    
    542) Area:9 Z=97  BK-247    bl:6     ln:6    
    543) Area:9 Z=97  BK-249    bl:36    ln:36   
    544) Area:9 Z=98  CF-249    bl:60    ln:61   
    545) Area:9 Z=98  CF-250    bl:8     ln:8    
    546) Area:9 Z=98  CF-251    bl:10    ln:10   
    547) Area:9 Z=98  CF-252    bl:8     ln:8    
    548) Area:9 Z=98  CF-253    bl:4     ln:4    
    549) Area:9 Z=98  CF-254    bl:1     ln:1    
    550) Area:9 Z=99  ES-253    bl:3     ln:3    
    551) Area:9 Z=99  ES-254    bl:11    ln:11   
    552) Area:9 Z=100 FM-255    bl:8     ln:8    
    553) Area:9 Z=100 FM-257    bl:6     ln:7    
