CINDA BACKUP   BCK00320241224  75636  38573
      1) Area:3 Z=1   H-0       bl:3     ln:7    
      2) Area:3 Z=1   H-1       bl:238   ln:532  
      3) Area:3 Z=1   H-2       bl:168   ln:382  
      4) Area:3 Z=1   H-3       bl:38    ln:69   
      5) Area:3 Z=1   H-ARM     bl:1     ln:2    
      6) Area:3 Z=1   H-BNZ     bl:15    ln:24   
      7) Area:3 Z=1   H-CMP     bl:14    ln:18   
      8) Area:3 Z=1   H-CXX     bl:63    ln:116  
      9) Area:3 Z=1   H-D2O     bl:16    ln:28   
     10) Area:3 Z=1   H-DXX     bl:4     ln:11   
     11) Area:3 Z=1   H-MTH     bl:21    ln:37   
     12) Area:3 Z=1   H-PHL     bl:5     ln:6    
     13) Area:3 Z=1   H-PLE     bl:23    ln:60   
     14) Area:3 Z=1   H-WTR     bl:40    ln:60   
     15) Area:3 Z=2   HE-3      bl:54    ln:109  
     16) Area:3 Z=2   HE-4      bl:58    ln:108  
     17) Area:3 Z=2   HE-6      bl:1     ln:3    
     18) Area:3 Z=2   HE-8      bl:2     ln:4    
     19) Area:3 Z=3   LI-0      bl:22    ln:45   
     20) Area:3 Z=3   LI-6      bl:212   ln:513  
     21) Area:3 Z=3   LI-7      bl:218   ln:566  
     22) Area:3 Z=3   LI-8      bl:7     ln:25   
     23) Area:3 Z=3   LI-CMP    bl:7     ln:11   
     24) Area:3 Z=4   BE-10     bl:6     ln:12   
     25) Area:3 Z=4   BE-11     bl:8     ln:20   
     26) Area:3 Z=4   BE-14     bl:1     ln:2    
     27) Area:3 Z=4   BE-7      bl:17    ln:40   
     28) Area:3 Z=4   BE-9      bl:332   ln:701  
     29) Area:3 Z=4   BE-OXI    bl:10    ln:10   
     30) Area:3 Z=5   B-0       bl:21    ln:62   
     31) Area:3 Z=5   B-10      bl:130   ln:326  
     32) Area:3 Z=5   B-11      bl:113   ln:245  
     33) Area:3 Z=5   B-CMP     bl:1     ln:1    
     34) Area:3 Z=6   C-0       bl:61    ln:153  
     35) Area:3 Z=6   C-11      bl:1     ln:3    
     36) Area:3 Z=6   C-12      bl:563   ln:1298 
     37) Area:3 Z=6   C-13      bl:76    ln:186  
     38) Area:3 Z=6   C-14      bl:9     ln:21   
     39) Area:3 Z=6   C-15      bl:2     ln:4    
     40) Area:3 Z=6   C-16      bl:8     ln:16   
     41) Area:3 Z=6   C-17      bl:1     ln:2    
     42) Area:3 Z=6   C-18      bl:1     ln:2    
     43) Area:3 Z=6   C-19      bl:2     ln:3    
     44) Area:3 Z=6   C-20      bl:2     ln:4    
     45) Area:3 Z=6   C-CMP     bl:10    ln:24   
     46) Area:3 Z=7   N-0       bl:12    ln:28   
     47) Area:3 Z=7   N-12      bl:1     ln:2    
     48) Area:3 Z=7   N-13      bl:5     ln:10   
     49) Area:3 Z=7   N-14      bl:120   ln:299  
     50) Area:3 Z=7   N-15      bl:50    ln:106  
     51) Area:3 Z=7   N-AIR     bl:1     ln:3    
     52) Area:3 Z=7   N-AMM     bl:21    ln:28   
     53) Area:3 Z=7   N-CMP     bl:1     ln:1    
     54) Area:3 Z=8   O-0       bl:9     ln:26   
     55) Area:3 Z=8   O-14      bl:2     ln:5    
     56) Area:3 Z=8   O-15      bl:1     ln:1    
     57) Area:3 Z=8   O-16      bl:211   ln:486  
     58) Area:3 Z=8   O-17      bl:28    ln:57   
     59) Area:3 Z=8   O-18      bl:28    ln:49   
     60) Area:3 Z=8   O-19      bl:1     ln:1    
     61) Area:3 Z=8   O-24      bl:1     ln:3    
     62) Area:3 Z=9   F-17      bl:8     ln:17   
     63) Area:3 Z=9   F-18      bl:1     ln:3    
     64) Area:3 Z=9   F-19      bl:171   ln:394  
     65) Area:3 Z=9   F-20      bl:3     ln:3    
     66) Area:3 Z=9   F-CMP     bl:4     ln:8    
     67) Area:3 Z=10  NE-0      bl:13    ln:28   
     68) Area:3 Z=10  NE-18     bl:1     ln:2    
     69) Area:3 Z=10  NE-20     bl:40    ln:79   
     70) Area:3 Z=10  NE-21     bl:5     ln:8    
     71) Area:3 Z=10  NE-22     bl:21    ln:43   
     72) Area:3 Z=11  NA-21     bl:1     ln:6    
     73) Area:3 Z=11  NA-22     bl:8     ln:11   
     74) Area:3 Z=11  NA-23     bl:171   ln:463  
     75) Area:3 Z=11  NA-24     bl:4     ln:4    
     76) Area:3 Z=11  NA-CMP    bl:3     ln:3    
     77) Area:3 Z=12  MG-0      bl:65    ln:170  
     78) Area:3 Z=12  MG-24     bl:161   ln:440  
     79) Area:3 Z=12  MG-25     bl:54    ln:106  
     80) Area:3 Z=12  MG-26     bl:61    ln:114  
     81) Area:3 Z=12  MG-27     bl:3     ln:6    
     82) Area:3 Z=12  MG-32     bl:1     ln:2    
     83) Area:3 Z=12  MG-CMP    bl:3     ln:4    
     84) Area:3 Z=13  AL-25     bl:3     ln:6    
     85) Area:3 Z=13  AL-26     bl:1     ln:1    
     86) Area:3 Z=13  AL-27     bl:618   ln:1505 
     87) Area:3 Z=13  AL-28     bl:4     ln:4    
     88) Area:3 Z=13  AL-CMP    bl:1     ln:1    
     89) Area:3 Z=13  AL-OXI    bl:1     ln:2    
     90) Area:3 Z=14  SI-0      bl:146   ln:385  
     91) Area:3 Z=14  SI-27     bl:1     ln:1    
     92) Area:3 Z=14  SI-28     bl:324   ln:953  
     93) Area:3 Z=14  SI-29     bl:67    ln:138  
     94) Area:3 Z=14  SI-30     bl:56    ln:128  
     95) Area:3 Z=14  SI-31     bl:2     ln:2    
     96) Area:3 Z=14  SI-CMP    bl:2     ln:3    
     97) Area:3 Z=14  SI-OXI    bl:4     ln:7    
     98) Area:3 Z=15  P-29      bl:1     ln:2    
     99) Area:3 Z=15  P-30      bl:1     ln:1    
    100) Area:3 Z=15  P-31      bl:124   ln:326  
    101) Area:3 Z=15  P-32      bl:3     ln:7    
    102) Area:3 Z=16  S-0       bl:59    ln:162  
    103) Area:3 Z=16  S-32      bl:123   ln:268  
    104) Area:3 Z=16  S-33      bl:16    ln:19   
    105) Area:3 Z=16  S-34      bl:49    ln:89   
    106) Area:3 Z=16  S-35      bl:1     ln:1    
    107) Area:3 Z=16  S-36      bl:9     ln:9    
    108) Area:3 Z=16  S-CMP     bl:7     ln:9    
    109) Area:3 Z=17  CL-0      bl:32    ln:59   
    110) Area:3 Z=17  CL-34     bl:1     ln:1    
    111) Area:3 Z=17  CL-35     bl:81    ln:149  
    112) Area:3 Z=17  CL-36     bl:4     ln:5    
    113) Area:3 Z=17  CL-37     bl:55    ln:105  
    114) Area:3 Z=17  CL-38     bl:1     ln:1    
    115) Area:3 Z=17  CL-CMP    bl:2     ln:2    
    116) Area:3 Z=18  AR-0      bl:15    ln:25   
    117) Area:3 Z=18  AR-36     bl:14    ln:19   
    118) Area:3 Z=18  AR-37     bl:3     ln:3    
    119) Area:3 Z=18  AR-38     bl:14    ln:18   
    120) Area:3 Z=18  AR-39     bl:3     ln:3    
    121) Area:3 Z=18  AR-40     bl:34    ln:46   
    122) Area:3 Z=18  AR-41     bl:2     ln:2    
    123) Area:3 Z=18  AR-42     bl:1     ln:1    
    124) Area:3 Z=19  K-0       bl:21    ln:53   
    125) Area:3 Z=19  K-38      bl:1     ln:1    
    126) Area:3 Z=19  K-39      bl:78    ln:175  
    127) Area:3 Z=19  K-40      bl:13    ln:16   
    128) Area:3 Z=19  K-41      bl:69    ln:158  
    129) Area:3 Z=19  K-42      bl:1     ln:1    
    130) Area:3 Z=19  K-43      bl:1     ln:1    
    131) Area:3 Z=19  K-44      bl:1     ln:1    
    132) Area:3 Z=19  K-45      bl:1     ln:1    
    133) Area:3 Z=19  K-46      bl:1     ln:1    
    134) Area:3 Z=19  K-52      bl:2     ln:4    
    135) Area:3 Z=19  K-CMP     bl:13    ln:17   
    136) Area:3 Z=20  CA-0      bl:65    ln:158  
    137) Area:3 Z=20  CA-39     bl:1     ln:1    
    138) Area:3 Z=20  CA-40     bl:176   ln:429  
    139) Area:3 Z=20  CA-41     bl:7     ln:7    
    140) Area:3 Z=20  CA-42     bl:54    ln:127  
    141) Area:3 Z=20  CA-43     bl:37    ln:101  
    142) Area:3 Z=20  CA-44     bl:68    ln:154  
    143) Area:3 Z=20  CA-45     bl:5     ln:5    
    144) Area:3 Z=20  CA-46     bl:20    ln:27   
    145) Area:3 Z=20  CA-47     bl:1     ln:1    
    146) Area:3 Z=20  CA-48     bl:56    ln:112  
    147) Area:3 Z=20  CA-49     bl:1     ln:1    
    148) Area:3 Z=20  CA-54     bl:3     ln:9    
    149) Area:3 Z=20  CA-CMP    bl:10    ln:22   
    150) Area:3 Z=21  SC-44     bl:2     ln:3    
    151) Area:3 Z=21  SC-45     bl:158   ln:346  
    152) Area:3 Z=21  SC-46     bl:10    ln:11   
    153) Area:3 Z=21  SC-47     bl:6     ln:6    
    154) Area:3 Z=21  SC-48     bl:3     ln:3    
    155) Area:3 Z=21  SC-49     bl:1     ln:1    
    156) Area:3 Z=21  SC-50     bl:2     ln:2    
    157) Area:3 Z=21  SC-57     bl:2     ln:4    
    158) Area:3 Z=21  SC-59     bl:2     ln:4    
    159) Area:3 Z=22  TI-0      bl:104   ln:244  
    160) Area:3 Z=22  TI-44     bl:1     ln:1    
    161) Area:3 Z=22  TI-45     bl:1     ln:1    
    162) Area:3 Z=22  TI-46     bl:140   ln:316  
    163) Area:3 Z=22  TI-47     bl:108   ln:242  
    164) Area:3 Z=22  TI-48     bl:189   ln:405  
    165) Area:3 Z=22  TI-49     bl:72    ln:148  
    166) Area:3 Z=22  TI-50     bl:96    ln:205  
    167) Area:3 Z=22  TI-51     bl:3     ln:3    
    168) Area:3 Z=22  TI-52     bl:1     ln:1    
    169) Area:3 Z=22  TI-CMP    bl:2     ln:2    
    170) Area:3 Z=23  V-0       bl:12    ln:33   
    171) Area:3 Z=23  V-47      bl:1     ln:1    
    172) Area:3 Z=23  V-48      bl:1     ln:1    
    173) Area:3 Z=23  V-49      bl:1     ln:1    
    174) Area:3 Z=23  V-50      bl:14    ln:17   
    175) Area:3 Z=23  V-51      bl:305   ln:692  
    176) Area:3 Z=23  V-52      bl:3     ln:4    
    177) Area:3 Z=23  V-53      bl:1     ln:2    
    178) Area:3 Z=23  V-54      bl:1     ln:1    
    179) Area:3 Z=23  V-63      bl:1     ln:2    
    180) Area:3 Z=23  V-CMP     bl:1     ln:1    
    181) Area:3 Z=24  CR-0      bl:84    ln:210  
    182) Area:3 Z=24  CR-48     bl:1     ln:1    
    183) Area:3 Z=24  CR-49     bl:1     ln:1    
    184) Area:3 Z=24  CR-50     bl:99    ln:187  
    185) Area:3 Z=24  CR-51     bl:3     ln:3    
    186) Area:3 Z=24  CR-52     bl:203   ln:431  
    187) Area:3 Z=24  CR-53     bl:74    ln:145  
    188) Area:3 Z=24  CR-54     bl:67    ln:140  
    189) Area:3 Z=24  CR-55     bl:2     ln:2    
    190) Area:3 Z=24  CR-56     bl:1     ln:1    
    191) Area:3 Z=24  CR-64     bl:2     ln:4    
    192) Area:3 Z=24  CR-CMP    bl:6     ln:7    
    193) Area:3 Z=25  MN-51     bl:1     ln:1    
    194) Area:3 Z=25  MN-52     bl:1     ln:1    
    195) Area:3 Z=25  MN-53     bl:4     ln:5    
    196) Area:3 Z=25  MN-54     bl:5     ln:5    
    197) Area:3 Z=25  MN-55     bl:301   ln:701  
    198) Area:3 Z=25  MN-56     bl:5     ln:6    
    199) Area:3 Z=25  MN-57     bl:1     ln:1    
    200) Area:3 Z=25  MN-58     bl:1     ln:1    
    201) Area:3 Z=25  MN-CMP    bl:15    ln:20   
    202) Area:3 Z=26  FE-0      bl:241   ln:555  
    203) Area:3 Z=26  FE-51     bl:1     ln:1    
    204) Area:3 Z=26  FE-52     bl:1     ln:1    
    205) Area:3 Z=26  FE-53     bl:2     ln:2    
    206) Area:3 Z=26  FE-54     bl:185   ln:386  
    207) Area:3 Z=26  FE-55     bl:11    ln:17   
    208) Area:3 Z=26  FE-56     bl:418   ln:847  
    209) Area:3 Z=26  FE-57     bl:73    ln:130  
    210) Area:3 Z=26  FE-58     bl:65    ln:102  
    211) Area:3 Z=26  FE-59     bl:3     ln:5    
    212) Area:3 Z=26  FE-60     bl:7     ln:7    
    213) Area:3 Z=26  FE-61     bl:1     ln:1    
    214) Area:3 Z=26  FE-CMP    bl:31    ln:40   
    215) Area:3 Z=27  CO-55     bl:1     ln:1    
    216) Area:3 Z=27  CO-56     bl:1     ln:1    
    217) Area:3 Z=27  CO-57     bl:4     ln:7    
    218) Area:3 Z=27  CO-58     bl:8     ln:10   
    219) Area:3 Z=27  CO-59     bl:424   ln:949  
    220) Area:3 Z=27  CO-60     bl:12    ln:12   
    221) Area:3 Z=27  CO-61     bl:3     ln:3    
    222) Area:3 Z=27  CO-62     bl:3     ln:3    
    223) Area:3 Z=27  CO-63     bl:2     ln:2    
    224) Area:3 Z=27  CO-64     bl:1     ln:1    
    225) Area:3 Z=27  CO-CMP    bl:9     ln:10   
    226) Area:3 Z=28  NI-0      bl:151   ln:347  
    227) Area:3 Z=28  NI-55     bl:1     ln:1    
    228) Area:3 Z=28  NI-56     bl:1     ln:1    
    229) Area:3 Z=28  NI-57     bl:1     ln:1    
    230) Area:3 Z=28  NI-58     bl:457   ln:1050 
    231) Area:3 Z=28  NI-59     bl:16    ln:17   
    232) Area:3 Z=28  NI-60     bl:185   ln:330  
    233) Area:3 Z=28  NI-61     bl:64    ln:103  
    234) Area:3 Z=28  NI-62     bl:101   ln:155  
    235) Area:3 Z=28  NI-63     bl:6     ln:6    
    236) Area:3 Z=28  NI-64     bl:101   ln:190  
    237) Area:3 Z=28  NI-65     bl:5     ln:5    
    238) Area:3 Z=28  NI-66     bl:3     ln:3    
    239) Area:3 Z=28  NI-67     bl:1     ln:1    
    240) Area:3 Z=28  NI-68     bl:1     ln:1    
    241) Area:3 Z=28  NI-70     bl:3     ln:5    
    242) Area:3 Z=28  NI-72     bl:2     ln:4    
    243) Area:3 Z=28  NI-74     bl:2     ln:4    
    244) Area:3 Z=28  NI-CMP    bl:3     ln:3    
    245) Area:3 Z=29  CU-0      bl:197   ln:484  
    246) Area:3 Z=29  CU-60     bl:2     ln:2    
    247) Area:3 Z=29  CU-61     bl:3     ln:3    
    248) Area:3 Z=29  CU-62     bl:3     ln:3    
    249) Area:3 Z=29  CU-63     bl:238   ln:438  
    250) Area:3 Z=29  CU-64     bl:6     ln:6    
    251) Area:3 Z=29  CU-65     bl:243   ln:448  
    252) Area:3 Z=29  CU-66     bl:5     ln:5    
    253) Area:3 Z=29  CU-67     bl:2     ln:2    
    254) Area:3 Z=29  CU-CMP    bl:2     ln:2    
    255) Area:3 Z=30  ZN-0      bl:107   ln:252  
    256) Area:3 Z=30  ZN-61     bl:2     ln:2    
    257) Area:3 Z=30  ZN-62     bl:2     ln:2    
    258) Area:3 Z=30  ZN-63     bl:2     ln:2    
    259) Area:3 Z=30  ZN-64     bl:198   ln:467  
    260) Area:3 Z=30  ZN-65     bl:6     ln:6    
    261) Area:3 Z=30  ZN-66     bl:97    ln:170  
    262) Area:3 Z=30  ZN-67     bl:53    ln:92   
    263) Area:3 Z=30  ZN-68     bl:90    ln:184  
    264) Area:3 Z=30  ZN-69     bl:4     ln:5    
    265) Area:3 Z=30  ZN-70     bl:41    ln:74   
    266) Area:3 Z=30  ZN-71     bl:3     ln:4    
    267) Area:3 Z=30  ZN-72     bl:12    ln:15   
    268) Area:3 Z=30  ZN-CMP    bl:3     ln:3    
    269) Area:3 Z=31  GA-0      bl:34    ln:82   
    270) Area:3 Z=31  GA-63     bl:2     ln:2    
    271) Area:3 Z=31  GA-64     bl:2     ln:2    
    272) Area:3 Z=31  GA-65     bl:2     ln:2    
    273) Area:3 Z=31  GA-66     bl:2     ln:2    
    274) Area:3 Z=31  GA-67     bl:2     ln:2    
    275) Area:3 Z=31  GA-68     bl:2     ln:2    
    276) Area:3 Z=31  GA-69     bl:89    ln:151  
    277) Area:3 Z=31  GA-70     bl:4     ln:5    
    278) Area:3 Z=31  GA-71     bl:106   ln:190  
    279) Area:3 Z=31  GA-72     bl:13    ln:16   
    280) Area:3 Z=31  GA-73     bl:2     ln:2    
    281) Area:3 Z=32  GE-0      bl:43    ln:112  
    282) Area:3 Z=32  GE-65     bl:2     ln:2    
    283) Area:3 Z=32  GE-66     bl:2     ln:2    
    284) Area:3 Z=32  GE-67     bl:2     ln:2    
    285) Area:3 Z=32  GE-68     bl:2     ln:2    
    286) Area:3 Z=32  GE-69     bl:2     ln:2    
    287) Area:3 Z=32  GE-70     bl:74    ln:142  
    288) Area:3 Z=32  GE-71     bl:4     ln:4    
    289) Area:3 Z=32  GE-72     bl:61    ln:92   
    290) Area:3 Z=32  GE-73     bl:44    ln:58   
    291) Area:3 Z=32  GE-74     bl:77    ln:147  
    292) Area:3 Z=32  GE-75     bl:4     ln:5    
    293) Area:3 Z=32  GE-76     bl:75    ln:148  
    294) Area:3 Z=32  GE-77     bl:14    ln:18   
    295) Area:3 Z=33  AS-69     bl:2     ln:2    
    296) Area:3 Z=33  AS-70     bl:2     ln:2    
    297) Area:3 Z=33  AS-71     bl:3     ln:3    
    298) Area:3 Z=33  AS-72     bl:2     ln:2    
    299) Area:3 Z=33  AS-73     bl:3     ln:3    
    300) Area:3 Z=33  AS-74     bl:2     ln:2    
    301) Area:3 Z=33  AS-75     bl:150   ln:318  
    302) Area:3 Z=33  AS-76     bl:14    ln:17   
    303) Area:3 Z=33  AS-77     bl:13    ln:16   
    304) Area:3 Z=33  AS-78     bl:2     ln:2    
    305) Area:3 Z=33  AS-79     bl:2     ln:2    
    306) Area:3 Z=34  SE-0      bl:42    ln:113  
    307) Area:3 Z=34  SE-71     bl:2     ln:2    
    308) Area:3 Z=34  SE-72     bl:2     ln:2    
    309) Area:3 Z=34  SE-73     bl:3     ln:3    
    310) Area:3 Z=34  SE-74     bl:60    ln:116  
    311) Area:3 Z=34  SE-75     bl:4     ln:5    
    312) Area:3 Z=34  SE-76     bl:61    ln:96   
    313) Area:3 Z=34  SE-77     bl:42    ln:63   
    314) Area:3 Z=34  SE-78     bl:56    ln:94   
    315) Area:3 Z=34  SE-79     bl:15    ln:18   
    316) Area:3 Z=34  SE-80     bl:90    ln:163  
    317) Area:3 Z=34  SE-81     bl:5     ln:6    
    318) Area:3 Z=34  SE-82     bl:42    ln:90   
    319) Area:3 Z=34  SE-83     bl:4     ln:5    
    320) Area:3 Z=34  SE-84     bl:2     ln:2    
    321) Area:3 Z=35  BR-0      bl:24    ln:75   
    322) Area:3 Z=35  BR-73     bl:2     ln:2    
    323) Area:3 Z=35  BR-74     bl:2     ln:2    
    324) Area:3 Z=35  BR-75     bl:2     ln:2    
    325) Area:3 Z=35  BR-76     bl:3     ln:3    
    326) Area:3 Z=35  BR-77     bl:2     ln:2    
    327) Area:3 Z=35  BR-78     bl:2     ln:2    
    328) Area:3 Z=35  BR-79     bl:82    ln:140  
    329) Area:3 Z=35  BR-80     bl:5     ln:6    
    330) Area:3 Z=35  BR-81     bl:83    ln:133  
    331) Area:3 Z=35  BR-82     bl:13    ln:16   
    332) Area:3 Z=35  BR-83     bl:2     ln:2    
    333) Area:3 Z=35  BR-84     bl:2     ln:2    
    334) Area:3 Z=35  BR-85     bl:2     ln:2    
    335) Area:3 Z=36  KR-0      bl:16    ln:22   
    336) Area:3 Z=36  KR-74     bl:2     ln:2    
    337) Area:3 Z=36  KR-75     bl:2     ln:2    
    338) Area:3 Z=36  KR-76     bl:2     ln:2    
    339) Area:3 Z=36  KR-77     bl:2     ln:2    
    340) Area:3 Z=36  KR-78     bl:21    ln:29   
    341) Area:3 Z=36  KR-79     bl:2     ln:2    
    342) Area:3 Z=36  KR-80     bl:29    ln:34   
    343) Area:3 Z=36  KR-81     bl:2     ln:2    
    344) Area:3 Z=36  KR-82     bl:31    ln:37   
    345) Area:3 Z=36  KR-83     bl:35    ln:41   
    346) Area:3 Z=36  KR-84     bl:38    ln:46   
    347) Area:3 Z=36  KR-85     bl:21    ln:24   
    348) Area:3 Z=36  KR-86     bl:37    ln:44   
    349) Area:3 Z=36  KR-87     bl:4     ln:4    
    350) Area:3 Z=36  KR-88     bl:2     ln:2    
    351) Area:3 Z=36  KR-89     bl:2     ln:2    
    352) Area:3 Z=37  RB-0      bl:39    ln:92   
    353) Area:3 Z=37  RB-79     bl:2     ln:2    
    354) Area:3 Z=37  RB-80     bl:2     ln:2    
    355) Area:3 Z=37  RB-81     bl:2     ln:2    
    356) Area:3 Z=37  RB-82     bl:2     ln:2    
    357) Area:3 Z=37  RB-83     bl:2     ln:2    
    358) Area:3 Z=37  RB-84     bl:3     ln:3    
    359) Area:3 Z=37  RB-85     bl:132   ln:245  
    360) Area:3 Z=37  RB-86     bl:14    ln:18   
    361) Area:3 Z=37  RB-87     bl:110   ln:181  
    362) Area:3 Z=37  RB-88     bl:5     ln:5    
    363) Area:3 Z=37  RB-89     bl:2     ln:2    
    364) Area:3 Z=37  RB-90     bl:2     ln:2    
    365) Area:3 Z=37  RB-91     bl:2     ln:2    
    366) Area:3 Z=37  RB-CMP    bl:1     ln:1    
    367) Area:3 Z=38  SR-0      bl:29    ln:71   
    368) Area:3 Z=38  SR-82     bl:2     ln:2    
    369) Area:3 Z=38  SR-83     bl:2     ln:2    
    370) Area:3 Z=38  SR-84     bl:53    ln:93   
    371) Area:3 Z=38  SR-85     bl:5     ln:7    
    372) Area:3 Z=38  SR-86     bl:81    ln:168  
    373) Area:3 Z=38  SR-87     bl:38    ln:76   
    374) Area:3 Z=38  SR-88     bl:123   ln:226  
    375) Area:3 Z=38  SR-89     bl:30    ln:33   
    376) Area:3 Z=38  SR-90     bl:29    ln:32   
    377) Area:3 Z=38  SR-91     bl:12    ln:15   
    378) Area:3 Z=38  SR-92     bl:2     ln:2    
    379) Area:3 Z=38  SR-93     bl:2     ln:2    
    380) Area:3 Z=38  SR-CMP    bl:2     ln:2    
    381) Area:3 Z=39  Y-84      bl:2     ln:2    
    382) Area:3 Z=39  Y-85      bl:3     ln:3    
    383) Area:3 Z=39  Y-86      bl:2     ln:2    
    384) Area:3 Z=39  Y-87      bl:7     ln:7    
    385) Area:3 Z=39  Y-88      bl:12    ln:18   
    386) Area:3 Z=39  Y-89      bl:387   ln:812  
    387) Area:3 Z=39  Y-90      bl:16    ln:20   
    388) Area:3 Z=39  Y-91      bl:13    ln:16   
    389) Area:3 Z=39  Y-92      bl:2     ln:2    
    390) Area:3 Z=39  Y-93      bl:12    ln:15   
    391) Area:3 Z=39  Y-94      bl:2     ln:2    
    392) Area:3 Z=39  Y-95      bl:2     ln:2    
    393) Area:3 Z=39  Y-CMP     bl:2     ln:2    
    394) Area:3 Z=40  ZR-0      bl:116   ln:247  
    395) Area:3 Z=40  ZR-86     bl:3     ln:3    
    396) Area:3 Z=40  ZR-87     bl:2     ln:2    
    397) Area:3 Z=40  ZR-88     bl:2     ln:2    
    398) Area:3 Z=40  ZR-89     bl:3     ln:3    
    399) Area:3 Z=40  ZR-90     bl:265   ln:558  
    400) Area:3 Z=40  ZR-91     bl:90    ln:175  
    401) Area:3 Z=40  ZR-92     bl:97    ln:171  
    402) Area:3 Z=40  ZR-93     bl:21    ln:25   
    403) Area:3 Z=40  ZR-94     bl:124   ln:229  
    404) Area:3 Z=40  ZR-95     bl:14    ln:19   
    405) Area:3 Z=40  ZR-96     bl:103   ln:180  
    406) Area:3 Z=40  ZR-97     bl:12    ln:15   
    407) Area:3 Z=40  ZR-98     bl:1     ln:1    
    408) Area:3 Z=40  ZR-ALY    bl:2     ln:4    
    409) Area:3 Z=40  ZR-CMP    bl:1     ln:1    
    410) Area:3 Z=40  ZR-HYD    bl:5     ln:7    
    411) Area:3 Z=41  NB-88     bl:2     ln:2    
    412) Area:3 Z=41  NB-89     bl:2     ln:2    
    413) Area:3 Z=41  NB-90     bl:2     ln:2    
    414) Area:3 Z=41  NB-91     bl:6     ln:6    
    415) Area:3 Z=41  NB-92     bl:7     ln:7    
    416) Area:3 Z=41  NB-93     bl:560   ln:1228 
    417) Area:3 Z=41  NB-94     bl:16    ln:20   
    418) Area:3 Z=41  NB-95     bl:18    ln:21   
    419) Area:3 Z=41  NB-96     bl:4     ln:4    
    420) Area:3 Z=41  NB-97     bl:2     ln:2    
    421) Area:3 Z=41  NB-98     bl:2     ln:2    
    422) Area:3 Z=41  NB-99     bl:2     ln:2    
    423) Area:3 Z=42  MO-0      bl:102   ln:267  
    424) Area:3 Z=42  MO-100    bl:158   ln:311  
    425) Area:3 Z=42  MO-101    bl:2     ln:2    
    426) Area:3 Z=42  MO-90     bl:2     ln:2    
    427) Area:3 Z=42  MO-91     bl:3     ln:3    
    428) Area:3 Z=42  MO-92     bl:202   ln:423  
    429) Area:3 Z=42  MO-93     bl:4     ln:5    
    430) Area:3 Z=42  MO-94     bl:82    ln:152  
    431) Area:3 Z=42  MO-95     bl:91    ln:158  
    432) Area:3 Z=42  MO-96     bl:105   ln:190  
    433) Area:3 Z=42  MO-97     bl:83    ln:147  
    434) Area:3 Z=42  MO-98     bl:150   ln:291  
    435) Area:3 Z=42  MO-99     bl:16    ln:21   
    436) Area:3 Z=43  TC-100    bl:4     ln:4    
    437) Area:3 Z=43  TC-101    bl:2     ln:2    
    438) Area:3 Z=43  TC-102    bl:2     ln:2    
    439) Area:3 Z=43  TC-103    bl:2     ln:2    
    440) Area:3 Z=43  TC-104    bl:2     ln:2    
    441) Area:3 Z=43  TC-92     bl:2     ln:2    
    442) Area:3 Z=43  TC-93     bl:2     ln:2    
    443) Area:3 Z=43  TC-94     bl:2     ln:2    
    444) Area:3 Z=43  TC-95     bl:2     ln:2    
    445) Area:3 Z=43  TC-96     bl:2     ln:2    
    446) Area:3 Z=43  TC-97     bl:2     ln:2    
    447) Area:3 Z=43  TC-98     bl:4     ln:4    
    448) Area:3 Z=43  TC-99     bl:43    ln:59   
    449) Area:3 Z=44  RU-0      bl:13    ln:26   
    450) Area:3 Z=44  RU-100    bl:32    ln:47   
    451) Area:3 Z=44  RU-101    bl:44    ln:54   
    452) Area:3 Z=44  RU-102    bl:58    ln:89   
    453) Area:3 Z=44  RU-103    bl:19    ln:22   
    454) Area:3 Z=44  RU-104    bl:64    ln:100  
    455) Area:3 Z=44  RU-105    bl:14    ln:17   
    456) Area:3 Z=44  RU-106    bl:12    ln:15   
    457) Area:3 Z=44  RU-107    bl:2     ln:2    
    458) Area:3 Z=44  RU-95     bl:2     ln:2    
    459) Area:3 Z=44  RU-96     bl:53    ln:87   
    460) Area:3 Z=44  RU-97     bl:2     ln:2    
    461) Area:3 Z=44  RU-98     bl:17    ln:21   
    462) Area:3 Z=44  RU-99     bl:25    ln:32   
    463) Area:3 Z=45  RH-100    bl:3     ln:3    
    464) Area:3 Z=45  RH-101    bl:2     ln:2    
    465) Area:3 Z=45  RH-102    bl:2     ln:2    
    466) Area:3 Z=45  RH-103    bl:215   ln:453  
    467) Area:3 Z=45  RH-104    bl:8     ln:11   
    468) Area:3 Z=45  RH-105    bl:17    ln:21   
    469) Area:3 Z=45  RH-106    bl:3     ln:3    
    470) Area:3 Z=45  RH-107    bl:2     ln:2    
    471) Area:3 Z=45  RH-108    bl:3     ln:3    
    472) Area:3 Z=45  RH-109    bl:2     ln:2    
    473) Area:3 Z=45  RH-97     bl:2     ln:2    
    474) Area:3 Z=45  RH-98     bl:2     ln:2    
    475) Area:3 Z=45  RH-99     bl:2     ln:2    
    476) Area:3 Z=46  PD-0      bl:31    ln:71   
    477) Area:3 Z=46  PD-100    bl:2     ln:2    
    478) Area:3 Z=46  PD-101    bl:2     ln:2    
    479) Area:3 Z=46  PD-102    bl:34    ln:62   
    480) Area:3 Z=46  PD-103    bl:2     ln:2    
    481) Area:3 Z=46  PD-104    bl:39    ln:64   
    482) Area:3 Z=46  PD-105    bl:61    ln:93   
    483) Area:3 Z=46  PD-106    bl:63    ln:111  
    484) Area:3 Z=46  PD-107    bl:18    ln:21   
    485) Area:3 Z=46  PD-108    bl:86    ln:160  
    486) Area:3 Z=46  PD-109    bl:16    ln:21   
    487) Area:3 Z=46  PD-110    bl:81    ln:172  
    488) Area:3 Z=46  PD-111    bl:3     ln:4    
    489) Area:3 Z=46  PD-112    bl:13    ln:17   
    490) Area:3 Z=46  PD-113    bl:2     ln:2    
    491) Area:3 Z=46  PD-114    bl:2     ln:2    
    492) Area:3 Z=46  PD-99     bl:2     ln:2    
    493) Area:3 Z=46  PD-CMP    bl:2     ln:2    
    494) Area:3 Z=47  AG-0      bl:102   ln:238  
    495) Area:3 Z=47  AG-102    bl:2     ln:2    
    496) Area:3 Z=47  AG-103    bl:2     ln:2    
    497) Area:3 Z=47  AG-104    bl:2     ln:2    
    498) Area:3 Z=47  AG-105    bl:2     ln:2    
    499) Area:3 Z=47  AG-106    bl:3     ln:3    
    500) Area:3 Z=47  AG-107    bl:117   ln:236  
    501) Area:3 Z=47  AG-108    bl:6     ln:6    
    502) Area:3 Z=47  AG-109    bl:146   ln:299  
    503) Area:3 Z=47  AG-110    bl:6     ln:6    
    504) Area:3 Z=47  AG-111    bl:12    ln:15   
    505) Area:3 Z=47  AG-112    bl:3     ln:3    
    506) Area:3 Z=47  AG-113    bl:2     ln:2    
    507) Area:3 Z=47  AG-114    bl:2     ln:2    
    508) Area:3 Z=47  AG-115    bl:2     ln:2    
    509) Area:3 Z=47  AG-CMP    bl:3     ln:5    
    510) Area:3 Z=48  CD-0      bl:81    ln:202  
    511) Area:3 Z=48  CD-104    bl:3     ln:4    
    512) Area:3 Z=48  CD-105    bl:2     ln:2    
    513) Area:3 Z=48  CD-106    bl:54    ln:116  
    514) Area:3 Z=48  CD-107    bl:2     ln:2    
    515) Area:3 Z=48  CD-108    bl:37    ln:74   
    516) Area:3 Z=48  CD-109    bl:5     ln:6    
    517) Area:3 Z=48  CD-110    bl:66    ln:130  
    518) Area:3 Z=48  CD-111    bl:56    ln:113  
    519) Area:3 Z=48  CD-112    bl:78    ln:150  
    520) Area:3 Z=48  CD-113    bl:71    ln:104  
    521) Area:3 Z=48  CD-114    bl:88    ln:175  
    522) Area:3 Z=48  CD-115    bl:14    ln:24   
    523) Area:3 Z=48  CD-116    bl:76    ln:157  
    524) Area:3 Z=48  CD-117    bl:4     ln:7    
    525) Area:3 Z=48  CD-118    bl:3     ln:4    
    526) Area:3 Z=49  IN-0      bl:55    ln:162  
    527) Area:3 Z=49  IN-106    bl:2     ln:2    
    528) Area:3 Z=49  IN-107    bl:2     ln:2    
    529) Area:3 Z=49  IN-108    bl:2     ln:2    
    530) Area:3 Z=49  IN-109    bl:2     ln:2    
    531) Area:3 Z=49  IN-110    bl:2     ln:2    
    532) Area:3 Z=49  IN-111    bl:2     ln:2    
    533) Area:3 Z=49  IN-112    bl:2     ln:2    
    534) Area:3 Z=49  IN-113    bl:96    ln:228  
    535) Area:3 Z=49  IN-114    bl:4     ln:4    
    536) Area:3 Z=49  IN-115    bl:297   ln:642  
    537) Area:3 Z=49  IN-116    bl:9     ln:13   
    538) Area:3 Z=49  IN-117    bl:2     ln:2    
    539) Area:3 Z=49  IN-118    bl:2     ln:2    
    540) Area:3 Z=49  IN-119    bl:2     ln:2    
    541) Area:3 Z=49  IN-120    bl:2     ln:2    
    542) Area:3 Z=49  IN-121    bl:2     ln:2    
    543) Area:3 Z=49  IN-122    bl:2     ln:2    
    544) Area:3 Z=49  IN-123    bl:2     ln:2    
    545) Area:3 Z=49  IN-CMP    bl:1     ln:1    
    546) Area:3 Z=50  SN-0      bl:61    ln:139  
    547) Area:3 Z=50  SN-108    bl:2     ln:2    
    548) Area:3 Z=50  SN-109    bl:2     ln:2    
    549) Area:3 Z=50  SN-110    bl:3     ln:4    
    550) Area:3 Z=50  SN-111    bl:2     ln:2    
    551) Area:3 Z=50  SN-112    bl:100   ln:179  
    552) Area:3 Z=50  SN-113    bl:4     ln:5    
    553) Area:3 Z=50  SN-114    bl:39    ln:51   
    554) Area:3 Z=50  SN-115    bl:43    ln:60   
    555) Area:3 Z=50  SN-116    bl:75    ln:120  
    556) Area:3 Z=50  SN-117    bl:67    ln:112  
    557) Area:3 Z=50  SN-118    bl:91    ln:156  
    558) Area:3 Z=50  SN-119    bl:44    ln:58   
    559) Area:3 Z=50  SN-120    bl:131   ln:236  
    560) Area:3 Z=50  SN-121    bl:13    ln:17   
    561) Area:3 Z=50  SN-122    bl:59    ln:91   
    562) Area:3 Z=50  SN-123    bl:13    ln:16   
    563) Area:3 Z=50  SN-124    bl:108   ln:203  
    564) Area:3 Z=50  SN-125    bl:14    ln:18   
    565) Area:3 Z=50  SN-126    bl:13    ln:19   
    566) Area:3 Z=50  SN-127    bl:2     ln:2    
    567) Area:3 Z=50  SN-128    bl:2     ln:2    
    568) Area:3 Z=50  SN-132    bl:1     ln:1    
    569) Area:3 Z=50  SN-CMP    bl:1     ln:1    
    570) Area:3 Z=51  SB-0      bl:63    ln:152  
    571) Area:3 Z=51  SB-113    bl:2     ln:2    
    572) Area:3 Z=51  SB-114    bl:2     ln:2    
    573) Area:3 Z=51  SB-115    bl:2     ln:2    
    574) Area:3 Z=51  SB-116    bl:2     ln:2    
    575) Area:3 Z=51  SB-117    bl:2     ln:2    
    576) Area:3 Z=51  SB-118    bl:4     ln:6    
    577) Area:3 Z=51  SB-119    bl:2     ln:2    
    578) Area:3 Z=51  SB-120    bl:2     ln:2    
    579) Area:3 Z=51  SB-121    bl:136   ln:227  
    580) Area:3 Z=51  SB-122    bl:15    ln:19   
    581) Area:3 Z=51  SB-123    bl:109   ln:180  
    582) Area:3 Z=51  SB-124    bl:13    ln:16   
    583) Area:3 Z=51  SB-125    bl:13    ln:16   
    584) Area:3 Z=51  SB-126    bl:12    ln:15   
    585) Area:3 Z=51  SB-127    bl:12    ln:15   
    586) Area:3 Z=51  SB-128    bl:12    ln:15   
    587) Area:3 Z=51  SB-129    bl:2     ln:2    
    588) Area:3 Z=51  SB-131    bl:1     ln:1    
    589) Area:3 Z=52  TE-0      bl:29    ln:70   
    590) Area:3 Z=52  TE-116    bl:2     ln:2    
    591) Area:3 Z=52  TE-117    bl:2     ln:2    
    592) Area:3 Z=52  TE-118    bl:2     ln:2    
    593) Area:3 Z=52  TE-119    bl:2     ln:2    
    594) Area:3 Z=52  TE-120    bl:28    ln:46   
    595) Area:3 Z=52  TE-121    bl:2     ln:2    
    596) Area:3 Z=52  TE-122    bl:64    ln:102  
    597) Area:3 Z=52  TE-123    bl:34    ln:51   
    598) Area:3 Z=52  TE-124    bl:70    ln:125  
    599) Area:3 Z=52  TE-125    bl:38    ln:62   
    600) Area:3 Z=52  TE-126    bl:66    ln:112  
    601) Area:3 Z=52  TE-127    bl:14    ln:24   
    602) Area:3 Z=52  TE-128    bl:93    ln:167  
    603) Area:3 Z=52  TE-129    bl:15    ln:25   
    604) Area:3 Z=52  TE-130    bl:97    ln:190  
    605) Area:3 Z=52  TE-131    bl:16    ln:27   
    606) Area:3 Z=52  TE-132    bl:14    ln:19   
    607) Area:3 Z=52  TE-133    bl:2     ln:2    
    608) Area:3 Z=52  TE-134    bl:2     ln:2    
    609) Area:3 Z=52  TE-CMP    bl:1     ln:1    
    610) Area:3 Z=53  I-119     bl:2     ln:2    
    611) Area:3 Z=53  I-120     bl:2     ln:2    
    612) Area:3 Z=53  I-121     bl:2     ln:2    
    613) Area:3 Z=53  I-122     bl:2     ln:2    
    614) Area:3 Z=53  I-123     bl:2     ln:2    
    615) Area:3 Z=53  I-124     bl:2     ln:2    
    616) Area:3 Z=53  I-125     bl:4     ln:4    
    617) Area:3 Z=53  I-126     bl:4     ln:4    
    618) Area:3 Z=53  I-127     bl:178   ln:371  
    619) Area:3 Z=53  I-128     bl:4     ln:4    
    620) Area:3 Z=53  I-129     bl:23    ln:30   
    621) Area:3 Z=53  I-130     bl:13    ln:16   
    622) Area:3 Z=53  I-131     bl:13    ln:16   
    623) Area:3 Z=53  I-132     bl:2     ln:2    
    624) Area:3 Z=53  I-133     bl:12    ln:15   
    625) Area:3 Z=53  I-134     bl:2     ln:2    
    626) Area:3 Z=53  I-135     bl:15    ln:18   
    627) Area:3 Z=53  I-136     bl:2     ln:2    
    628) Area:3 Z=54  XE-0      bl:17    ln:30   
    629) Area:3 Z=54  XE-121    bl:2     ln:2    
    630) Area:3 Z=54  XE-122    bl:2     ln:2    
    631) Area:3 Z=54  XE-123    bl:3     ln:3    
    632) Area:3 Z=54  XE-124    bl:28    ln:39   
    633) Area:3 Z=54  XE-125    bl:3     ln:3    
    634) Area:3 Z=54  XE-126    bl:23    ln:29   
    635) Area:3 Z=54  XE-127    bl:3     ln:3    
    636) Area:3 Z=54  XE-128    bl:30    ln:35   
    637) Area:3 Z=54  XE-129    bl:20    ln:27   
    638) Area:3 Z=54  XE-130    bl:29    ln:36   
    639) Area:3 Z=54  XE-131    bl:43    ln:57   
    640) Area:3 Z=54  XE-132    bl:36    ln:44   
    641) Area:3 Z=54  XE-133    bl:13    ln:16   
    642) Area:3 Z=54  XE-134    bl:38    ln:47   
    643) Area:3 Z=54  XE-135    bl:20    ln:24   
    644) Area:3 Z=54  XE-136    bl:36    ln:60   
    645) Area:3 Z=54  XE-137    bl:2     ln:2    
    646) Area:3 Z=54  XE-138    bl:2     ln:2    
    647) Area:3 Z=55  CS-125    bl:2     ln:2    
    648) Area:3 Z=55  CS-126    bl:2     ln:2    
    649) Area:3 Z=55  CS-127    bl:2     ln:2    
    650) Area:3 Z=55  CS-128    bl:2     ln:2    
    651) Area:3 Z=55  CS-129    bl:2     ln:2    
    652) Area:3 Z=55  CS-130    bl:2     ln:2    
    653) Area:3 Z=55  CS-131    bl:2     ln:2    
    654) Area:3 Z=55  CS-132    bl:2     ln:2    
    655) Area:3 Z=55  CS-133    bl:121   ln:289  
    656) Area:3 Z=55  CS-134    bl:20    ln:23   
    657) Area:3 Z=55  CS-135    bl:18    ln:21   
    658) Area:3 Z=55  CS-136    bl:13    ln:18   
    659) Area:3 Z=55  CS-137    bl:17    ln:22   
    660) Area:3 Z=55  CS-138    bl:2     ln:2    
    661) Area:3 Z=55  CS-139    bl:2     ln:2    
    662) Area:3 Z=55  CS-CMP    bl:3     ln:5    
    663) Area:3 Z=56  BA-0      bl:31    ln:77   
    664) Area:3 Z=56  BA-126    bl:2     ln:2    
    665) Area:3 Z=56  BA-127    bl:2     ln:2    
    666) Area:3 Z=56  BA-128    bl:2     ln:2    
    667) Area:3 Z=56  BA-129    bl:2     ln:2    
    668) Area:3 Z=56  BA-130    bl:21    ln:35   
    669) Area:3 Z=56  BA-131    bl:3     ln:4    
    670) Area:3 Z=56  BA-132    bl:38    ln:62   
    671) Area:3 Z=56  BA-133    bl:3     ln:4    
    672) Area:3 Z=56  BA-134    bl:55    ln:141  
    673) Area:3 Z=56  BA-135    bl:36    ln:83   
    674) Area:3 Z=56  BA-136    bl:66    ln:147  
    675) Area:3 Z=56  BA-137    bl:44    ln:97   
    676) Area:3 Z=56  BA-138    bl:109   ln:266  
    677) Area:3 Z=56  BA-139    bl:4     ln:4    
    678) Area:3 Z=56  BA-140    bl:12    ln:15   
    679) Area:3 Z=56  BA-141    bl:2     ln:2    
    680) Area:3 Z=56  BA-CMP    bl:1     ln:4    
    681) Area:3 Z=57  LA-0      bl:4     ln:10   
    682) Area:3 Z=57  LA-129    bl:2     ln:2    
    683) Area:3 Z=57  LA-130    bl:2     ln:2    
    684) Area:3 Z=57  LA-131    bl:2     ln:2    
    685) Area:3 Z=57  LA-132    bl:2     ln:2    
    686) Area:3 Z=57  LA-134    bl:2     ln:2    
    687) Area:3 Z=57  LA-135    bl:2     ln:2    
    688) Area:3 Z=57  LA-136    bl:2     ln:2    
    689) Area:3 Z=57  LA-137    bl:3     ln:3    
    690) Area:3 Z=57  LA-138    bl:14    ln:16   
    691) Area:3 Z=57  LA-139    bl:131   ln:270  
    692) Area:3 Z=57  LA-140    bl:13    ln:16   
    693) Area:3 Z=57  LA-141    bl:3     ln:3    
    694) Area:3 Z=57  LA-142    bl:2     ln:2    
    695) Area:3 Z=57  LA-143    bl:2     ln:2    
    696) Area:3 Z=57  LA-CMP    bl:3     ln:3    
    697) Area:3 Z=58  CE-0      bl:31    ln:73   
    698) Area:3 Z=58  CE-131    bl:2     ln:2    
    699) Area:3 Z=58  CE-132    bl:2     ln:2    
    700) Area:3 Z=58  CE-134    bl:2     ln:2    
    701) Area:3 Z=58  CE-135    bl:2     ln:2    
    702) Area:3 Z=58  CE-136    bl:25    ln:36   
    703) Area:3 Z=58  CE-137    bl:2     ln:2    
    704) Area:3 Z=58  CE-138    bl:25    ln:38   
    705) Area:3 Z=58  CE-139    bl:3     ln:3    
    706) Area:3 Z=58  CE-140    bl:121   ln:234  
    707) Area:3 Z=58  CE-141    bl:21    ln:24   
    708) Area:3 Z=58  CE-142    bl:84    ln:135  
    709) Area:3 Z=58  CE-143    bl:13    ln:16   
    710) Area:3 Z=58  CE-144    bl:21    ln:24   
    711) Area:3 Z=58  CE-145    bl:2     ln:2    
    712) Area:3 Z=58  CE-OXI    bl:1     ln:5    
    713) Area:3 Z=59  PR-137    bl:2     ln:2    
    714) Area:3 Z=59  PR-138    bl:2     ln:2    
    715) Area:3 Z=59  PR-139    bl:2     ln:2    
    716) Area:3 Z=59  PR-140    bl:2     ln:2    
    717) Area:3 Z=59  PR-141    bl:164   ln:385  
    718) Area:3 Z=59  PR-142    bl:15    ln:18   
    719) Area:3 Z=59  PR-143    bl:12    ln:15   
    720) Area:3 Z=59  PR-144    bl:2     ln:2    
    721) Area:3 Z=59  PR-145    bl:12    ln:15   
    722) Area:3 Z=59  PR-146    bl:2     ln:2    
    723) Area:3 Z=59  PR-147    bl:2     ln:2    
    724) Area:3 Z=60  ND-0      bl:24    ln:52   
    725) Area:3 Z=60  ND-139    bl:2     ln:2    
    726) Area:3 Z=60  ND-140    bl:2     ln:2    
    727) Area:3 Z=60  ND-141    bl:2     ln:2    
    728) Area:3 Z=60  ND-142    bl:73    ln:163  
    729) Area:3 Z=60  ND-143    bl:60    ln:168  
    730) Area:3 Z=60  ND-144    bl:51    ln:97   
    731) Area:3 Z=60  ND-145    bl:49    ln:83   
    732) Area:3 Z=60  ND-146    bl:69    ln:136  
    733) Area:3 Z=60  ND-147    bl:13    ln:16   
    734) Area:3 Z=60  ND-148    bl:82    ln:172  
    735) Area:3 Z=60  ND-149    bl:3     ln:3    
    736) Area:3 Z=60  ND-150    bl:65    ln:116  
    737) Area:3 Z=61  PM-141    bl:2     ln:2    
    738) Area:3 Z=61  PM-142    bl:2     ln:2    
    739) Area:3 Z=61  PM-143    bl:2     ln:2    
    740) Area:3 Z=61  PM-144    bl:2     ln:2    
    741) Area:3 Z=61  PM-145    bl:2     ln:2    
    742) Area:3 Z=61  PM-146    bl:3     ln:3    
    743) Area:3 Z=61  PM-147    bl:21    ln:25   
    744) Area:3 Z=61  PM-148    bl:19    ln:30   
    745) Area:3 Z=61  PM-148-M1 bl:1     ln:1    
    746) Area:3 Z=61  PM-149    bl:13    ln:16   
    747) Area:3 Z=61  PM-150    bl:4     ln:8    
    748) Area:3 Z=61  PM-151    bl:12    ln:15   
    749) Area:3 Z=61  PM-152    bl:2     ln:2    
    750) Area:3 Z=62  SM-0      bl:30    ln:61   
    751) Area:3 Z=62  SM-142    bl:2     ln:2    
    752) Area:3 Z=62  SM-143    bl:4     ln:5    
    753) Area:3 Z=62  SM-144    bl:99    ln:206  
    754) Area:3 Z=62  SM-145    bl:4     ln:6    
    755) Area:3 Z=62  SM-146    bl:6     ln:7    
    756) Area:3 Z=62  SM-147    bl:71    ln:177  
    757) Area:3 Z=62  SM-148    bl:49    ln:69   
    758) Area:3 Z=62  SM-149    bl:66    ln:143  
    759) Area:3 Z=62  SM-150    bl:70    ln:98   
    760) Area:3 Z=62  SM-151    bl:31    ln:36   
    761) Area:3 Z=62  SM-152    bl:115   ln:184  
    762) Area:3 Z=62  SM-153    bl:13    ln:16   
    763) Area:3 Z=62  SM-154    bl:111   ln:180  
    764) Area:3 Z=62  SM-155    bl:3     ln:3    
    765) Area:3 Z=62  SM-156    bl:13    ln:17   
    766) Area:3 Z=63  EU-0      bl:21    ln:45   
    767) Area:3 Z=63  EU-145    bl:2     ln:2    
    768) Area:3 Z=63  EU-146    bl:2     ln:2    
    769) Area:3 Z=63  EU-147    bl:2     ln:2    
    770) Area:3 Z=63  EU-148    bl:2     ln:2    
    771) Area:3 Z=63  EU-149    bl:2     ln:2    
    772) Area:3 Z=63  EU-150    bl:3     ln:3    
    773) Area:3 Z=63  EU-151    bl:90    ln:191  
    774) Area:3 Z=63  EU-152    bl:7     ln:9    
    775) Area:3 Z=63  EU-153    bl:91    ln:169  
    776) Area:3 Z=63  EU-154    bl:20    ln:24   
    777) Area:3 Z=63  EU-155    bl:20    ln:24   
    778) Area:3 Z=63  EU-156    bl:13    ln:18   
    779) Area:3 Z=63  EU-157    bl:12    ln:15   
    780) Area:3 Z=63  EU-159    bl:2     ln:2    
    781) Area:3 Z=64  GD-0      bl:33    ln:86   
    782) Area:3 Z=64  GD-146    bl:2     ln:2    
    783) Area:3 Z=64  GD-147    bl:2     ln:2    
    784) Area:3 Z=64  GD-148    bl:1     ln:1    
    785) Area:3 Z=64  GD-149    bl:2     ln:2    
    786) Area:3 Z=64  GD-150    bl:2     ln:2    
    787) Area:3 Z=64  GD-151    bl:2     ln:2    
    788) Area:3 Z=64  GD-152    bl:19    ln:25   
    789) Area:3 Z=64  GD-153    bl:3     ln:3    
    790) Area:3 Z=64  GD-154    bl:30    ln:57   
    791) Area:3 Z=64  GD-155    bl:45    ln:61   
    792) Area:3 Z=64  GD-156    bl:43    ln:63   
    793) Area:3 Z=64  GD-157    bl:52    ln:73   
    794) Area:3 Z=64  GD-158    bl:57    ln:93   
    795) Area:3 Z=64  GD-159    bl:14    ln:22   
    796) Area:3 Z=64  GD-160    bl:62    ln:123  
    797) Area:3 Z=64  GD-161    bl:3     ln:9    
    798) Area:3 Z=65  TB-148    bl:2     ln:2    
    799) Area:3 Z=65  TB-150    bl:2     ln:2    
    800) Area:3 Z=65  TB-151    bl:2     ln:2    
    801) Area:3 Z=65  TB-152    bl:2     ln:2    
    802) Area:3 Z=65  TB-153    bl:2     ln:2    
    803) Area:3 Z=65  TB-154    bl:2     ln:2    
    804) Area:3 Z=65  TB-155    bl:2     ln:2    
    805) Area:3 Z=65  TB-156    bl:2     ln:2    
    806) Area:3 Z=65  TB-157    bl:2     ln:2    
    807) Area:3 Z=65  TB-158    bl:13    ln:13   
    808) Area:3 Z=65  TB-159    bl:193   ln:426  
    809) Area:3 Z=65  TB-160    bl:12    ln:15   
    810) Area:3 Z=65  TB-161    bl:12    ln:15   
    811) Area:3 Z=65  TB-162    bl:2     ln:2    
    812) Area:3 Z=65  TB-163    bl:2     ln:2    
    813) Area:3 Z=66  DY-0      bl:32    ln:81   
    814) Area:3 Z=66  DY-150    bl:2     ln:2    
    815) Area:3 Z=66  DY-151    bl:2     ln:2    
    816) Area:3 Z=66  DY-152    bl:2     ln:2    
    817) Area:3 Z=66  DY-153    bl:2     ln:2    
    818) Area:3 Z=66  DY-154    bl:2     ln:2    
    819) Area:3 Z=66  DY-155    bl:2     ln:2    
    820) Area:3 Z=66  DY-156    bl:26    ln:38   
    821) Area:3 Z=66  DY-157    bl:2     ln:2    
    822) Area:3 Z=66  DY-158    bl:23    ln:31   
    823) Area:3 Z=66  DY-159    bl:2     ln:2    
    824) Area:3 Z=66  DY-160    bl:42    ln:102  
    825) Area:3 Z=66  DY-161    bl:46    ln:123  
    826) Area:3 Z=66  DY-162    bl:58    ln:119  
    827) Area:3 Z=66  DY-163    bl:52    ln:123  
    828) Area:3 Z=66  DY-164    bl:74    ln:141  
    829) Area:3 Z=66  DY-165    bl:8     ln:12   
    830) Area:3 Z=66  DY-166    bl:2     ln:2    
    831) Area:3 Z=67  HO-152    bl:2     ln:2    
    832) Area:3 Z=67  HO-153    bl:2     ln:2    
    833) Area:3 Z=67  HO-158    bl:2     ln:2    
    834) Area:3 Z=67  HO-159    bl:2     ln:2    
    835) Area:3 Z=67  HO-160    bl:2     ln:2    
    836) Area:3 Z=67  HO-161    bl:2     ln:2    
    837) Area:3 Z=67  HO-162    bl:2     ln:2    
    838) Area:3 Z=67  HO-163    bl:2     ln:2    
    839) Area:3 Z=67  HO-164    bl:2     ln:2    
    840) Area:3 Z=67  HO-165    bl:207   ln:461  
    841) Area:3 Z=67  HO-166    bl:5     ln:9    
    842) Area:3 Z=67  HO-167    bl:2     ln:2    
    843) Area:3 Z=67  HO-168    bl:2     ln:2    
    844) Area:3 Z=67  HO-169    bl:2     ln:2    
    845) Area:3 Z=68  ER-0      bl:32    ln:90   
    846) Area:3 Z=68  ER-161    bl:2     ln:2    
    847) Area:3 Z=68  ER-162    bl:31    ln:55   
    848) Area:3 Z=68  ER-163    bl:3     ln:3    
    849) Area:3 Z=68  ER-164    bl:22    ln:29   
    850) Area:3 Z=68  ER-165    bl:3     ln:3    
    851) Area:3 Z=68  ER-166    bl:48    ln:76   
    852) Area:3 Z=68  ER-167    bl:46    ln:76   
    853) Area:3 Z=68  ER-168    bl:52    ln:81   
    854) Area:3 Z=68  ER-169    bl:4     ln:4    
    855) Area:3 Z=68  ER-170    bl:58    ln:95   
    856) Area:3 Z=68  ER-171    bl:3     ln:3    
    857) Area:3 Z=68  ER-172    bl:2     ln:2    
    858) Area:3 Z=69  TM-161    bl:2     ln:2    
    859) Area:3 Z=69  TM-162    bl:2     ln:2    
    860) Area:3 Z=69  TM-163    bl:2     ln:2    
    861) Area:3 Z=69  TM-164    bl:2     ln:2    
    862) Area:3 Z=69  TM-165    bl:2     ln:2    
    863) Area:3 Z=69  TM-166    bl:2     ln:2    
    864) Area:3 Z=69  TM-167    bl:2     ln:2    
    865) Area:3 Z=69  TM-168    bl:6     ln:6    
    866) Area:3 Z=69  TM-169    bl:169   ln:391  
    867) Area:3 Z=69  TM-170    bl:10    ln:10   
    868) Area:3 Z=69  TM-171    bl:8     ln:8    
    869) Area:3 Z=69  TM-172    bl:2     ln:2    
    870) Area:3 Z=69  TM-173    bl:2     ln:2    
    871) Area:3 Z=69  TM-174    bl:2     ln:2    
    872) Area:3 Z=69  TM-175    bl:2     ln:2    
    873) Area:3 Z=70  YB-0      bl:25    ln:84   
    874) Area:3 Z=70  YB-165    bl:2     ln:2    
    875) Area:3 Z=70  YB-166    bl:3     ln:4    
    876) Area:3 Z=70  YB-167    bl:2     ln:2    
    877) Area:3 Z=70  YB-168    bl:31    ln:48   
    878) Area:3 Z=70  YB-169    bl:5     ln:6    
    879) Area:3 Z=70  YB-170    bl:28    ln:43   
    880) Area:3 Z=70  YB-171    bl:19    ln:37   
    881) Area:3 Z=70  YB-172    bl:26    ln:36   
    882) Area:3 Z=70  YB-173    bl:24    ln:46   
    883) Area:3 Z=70  YB-174    bl:54    ln:88   
    884) Area:3 Z=70  YB-175    bl:5     ln:6    
    885) Area:3 Z=70  YB-176    bl:60    ln:93   
    886) Area:3 Z=70  YB-177    bl:3     ln:3    
    887) Area:3 Z=70  YB-CMP    bl:1     ln:2    
    888) Area:3 Z=71  LU-0      bl:19    ln:63   
    889) Area:3 Z=71  LU-167    bl:2     ln:2    
    890) Area:3 Z=71  LU-168    bl:2     ln:2    
    891) Area:3 Z=71  LU-169    bl:2     ln:2    
    892) Area:3 Z=71  LU-170    bl:2     ln:2    
    893) Area:3 Z=71  LU-171    bl:2     ln:2    
    894) Area:3 Z=71  LU-172    bl:2     ln:2    
    895) Area:3 Z=71  LU-173    bl:2     ln:2    
    896) Area:3 Z=71  LU-174    bl:2     ln:2    
    897) Area:3 Z=71  LU-175    bl:96    ln:174  
    898) Area:3 Z=71  LU-176    bl:46    ln:85   
    899) Area:3 Z=71  LU-177    bl:2     ln:2    
    900) Area:3 Z=71  LU-178    bl:2     ln:2    
    901) Area:3 Z=71  LU-179    bl:2     ln:2    
    902) Area:3 Z=72  HF-0      bl:43    ln:82   
    903) Area:3 Z=72  HF-174    bl:28    ln:38   
    904) Area:3 Z=72  HF-175    bl:2     ln:2    
    905) Area:3 Z=72  HF-176    bl:46    ln:62   
    906) Area:3 Z=72  HF-177    bl:35    ln:45   
    907) Area:3 Z=72  HF-178    bl:62    ln:89   
    908) Area:3 Z=72  HF-179    bl:46    ln:83   
    909) Area:3 Z=72  HF-180    bl:82    ln:136  
    910) Area:3 Z=72  HF-181    bl:5     ln:6    
    911) Area:3 Z=72  HF-182    bl:2     ln:2    
    912) Area:3 Z=72  HF-198    bl:1     ln:1    
    913) Area:3 Z=73  TA-0      bl:12    ln:28   
    914) Area:3 Z=73  TA-175    bl:2     ln:2    
    915) Area:3 Z=73  TA-177    bl:2     ln:2    
    916) Area:3 Z=73  TA-178    bl:2     ln:2    
    917) Area:3 Z=73  TA-179    bl:2     ln:2    
    918) Area:3 Z=73  TA-180    bl:13    ln:13   
    919) Area:3 Z=73  TA-180-M1 bl:2     ln:4    
    920) Area:3 Z=73  TA-181    bl:325   ln:716  
    921) Area:3 Z=73  TA-182    bl:6     ln:6    
    922) Area:3 Z=73  TA-183    bl:2     ln:2    
    923) Area:3 Z=73  TA-184    bl:2     ln:2    
    924) Area:3 Z=73  TA-185    bl:2     ln:2    
    925) Area:3 Z=74  W-0       bl:79    ln:198  
    926) Area:3 Z=74  W-179     bl:2     ln:2    
    927) Area:3 Z=74  W-180     bl:32    ln:38   
    928) Area:3 Z=74  W-181     bl:2     ln:2    
    929) Area:3 Z=74  W-182     bl:70    ln:103  
    930) Area:3 Z=74  W-183     bl:45    ln:58   
    931) Area:3 Z=74  W-184     bl:83    ln:132  
    932) Area:3 Z=74  W-185     bl:3     ln:3    
    933) Area:3 Z=74  W-186     bl:128   ln:213  
    934) Area:3 Z=74  W-187     bl:5     ln:5    
    935) Area:3 Z=74  W-188     bl:1     ln:2    
    936) Area:3 Z=74  W-OXI     bl:1     ln:5    
    937) Area:3 Z=75  RE-0      bl:15    ln:35   
    938) Area:3 Z=75  RE-180    bl:1     ln:1    
    939) Area:3 Z=75  RE-181    bl:2     ln:2    
    940) Area:3 Z=75  RE-182    bl:2     ln:2    
    941) Area:3 Z=75  RE-183    bl:2     ln:2    
    942) Area:3 Z=75  RE-184    bl:2     ln:2    
    943) Area:3 Z=75  RE-185    bl:45    ln:79   
    944) Area:3 Z=75  RE-186    bl:3     ln:3    
    945) Area:3 Z=75  RE-187    bl:65    ln:104  
    946) Area:3 Z=75  RE-188    bl:3     ln:3    
    947) Area:3 Z=75  RE-189    bl:2     ln:2    
    948) Area:3 Z=75  RE-190    bl:2     ln:2    
    949) Area:3 Z=75  RE-CMP    bl:1     ln:1    
    950) Area:3 Z=76  OS-0      bl:13    ln:26   
    951) Area:3 Z=76  OS-182    bl:2     ln:2    
    952) Area:3 Z=76  OS-183    bl:2     ln:2    
    953) Area:3 Z=76  OS-184    bl:17    ln:36   
    954) Area:3 Z=76  OS-185    bl:2     ln:2    
    955) Area:3 Z=76  OS-186    bl:20    ln:30   
    956) Area:3 Z=76  OS-187    bl:15    ln:17   
    957) Area:3 Z=76  OS-188    bl:28    ln:45   
    958) Area:3 Z=76  OS-189    bl:25    ln:35   
    959) Area:3 Z=76  OS-190    bl:43    ln:95   
    960) Area:3 Z=76  OS-191    bl:2     ln:2    
    961) Area:3 Z=76  OS-192    bl:58    ln:120  
    962) Area:3 Z=76  OS-193    bl:3     ln:3    
    963) Area:3 Z=76  OS-194    bl:2     ln:2    
    964) Area:3 Z=77  IR-0      bl:20    ln:44   
    965) Area:3 Z=77  IR-186    bl:2     ln:2    
    966) Area:3 Z=77  IR-187    bl:2     ln:2    
    967) Area:3 Z=77  IR-188    bl:2     ln:2    
    968) Area:3 Z=77  IR-189    bl:2     ln:2    
    969) Area:3 Z=77  IR-190    bl:2     ln:2    
    970) Area:3 Z=77  IR-191    bl:67    ln:118  
    971) Area:3 Z=77  IR-192    bl:4     ln:4    
    972) Area:3 Z=77  IR-193    bl:60    ln:113  
    973) Area:3 Z=77  IR-194    bl:3     ln:3    
    974) Area:3 Z=77  IR-195    bl:2     ln:2    
    975) Area:3 Z=77  IR-196    bl:2     ln:2    
    976) Area:3 Z=77  IR-197    bl:2     ln:2    
    977) Area:3 Z=78  PT-0      bl:32    ln:79   
    978) Area:3 Z=78  PT-188    bl:2     ln:2    
    979) Area:3 Z=78  PT-189    bl:2     ln:2    
    980) Area:3 Z=78  PT-190    bl:12    ln:16   
    981) Area:3 Z=78  PT-191    bl:2     ln:2    
    982) Area:3 Z=78  PT-192    bl:23    ln:28   
    983) Area:3 Z=78  PT-193    bl:2     ln:2    
    984) Area:3 Z=78  PT-194    bl:55    ln:91   
    985) Area:3 Z=78  PT-195    bl:34    ln:44   
    986) Area:3 Z=78  PT-196    bl:37    ln:62   
    987) Area:3 Z=78  PT-197    bl:3     ln:4    
    988) Area:3 Z=78  PT-198    bl:84    ln:181  
    989) Area:3 Z=78  PT-199    bl:4     ln:4    
    990) Area:3 Z=78  PT-200    bl:2     ln:2    
    991) Area:3 Z=78  PT-202    bl:1     ln:1    
    992) Area:3 Z=79  AU-190    bl:2     ln:2    
    993) Area:3 Z=79  AU-191    bl:2     ln:2    
    994) Area:3 Z=79  AU-192    bl:2     ln:2    
    995) Area:3 Z=79  AU-193    bl:2     ln:2    
    996) Area:3 Z=79  AU-194    bl:2     ln:2    
    997) Area:3 Z=79  AU-195    bl:2     ln:2    
    998) Area:3 Z=79  AU-196    bl:7     ln:10   
    999) Area:3 Z=79  AU-197    bl:483   ln:1114 
   1000) Area:3 Z=79  AU-198    bl:8     ln:9    
   1001) Area:3 Z=79  AU-199    bl:2     ln:2    
   1002) Area:3 Z=79  AU-200    bl:2     ln:2    
   1003) Area:3 Z=79  AU-201    bl:2     ln:2    
   1004) Area:3 Z=79  AU-202    bl:2     ln:2    
   1005) Area:3 Z=80  HG-0      bl:29    ln:79   
   1006) Area:3 Z=80  HG-192    bl:2     ln:2    
   1007) Area:3 Z=80  HG-193    bl:2     ln:2    
   1008) Area:3 Z=80  HG-194    bl:2     ln:2    
   1009) Area:3 Z=80  HG-195    bl:2     ln:2    
   1010) Area:3 Z=80  HG-196    bl:29    ln:43   
   1011) Area:3 Z=80  HG-197    bl:2     ln:2    
   1012) Area:3 Z=80  HG-198    bl:40    ln:60   
   1013) Area:3 Z=80  HG-199    bl:30    ln:44   
   1014) Area:3 Z=80  HG-200    bl:35    ln:42   
   1015) Area:3 Z=80  HG-201    bl:22    ln:24   
   1016) Area:3 Z=80  HG-202    bl:30    ln:36   
   1017) Area:3 Z=80  HG-203    bl:3     ln:3    
   1018) Area:3 Z=80  HG-204    bl:21    ln:30   
   1019) Area:3 Z=80  HG-OXI    bl:1     ln:2    
   1020) Area:3 Z=81  TL-0      bl:26    ln:74   
   1021) Area:3 Z=81  TL-194    bl:2     ln:2    
   1022) Area:3 Z=81  TL-195    bl:2     ln:2    
   1023) Area:3 Z=81  TL-196    bl:2     ln:2    
   1024) Area:3 Z=81  TL-197    bl:2     ln:2    
   1025) Area:3 Z=81  TL-198    bl:2     ln:2    
   1026) Area:3 Z=81  TL-199    bl:2     ln:2    
   1027) Area:3 Z=81  TL-200    bl:2     ln:2    
   1028) Area:3 Z=81  TL-201    bl:2     ln:2    
   1029) Area:3 Z=81  TL-202    bl:2     ln:2    
   1030) Area:3 Z=81  TL-203    bl:58    ln:87   
   1031) Area:3 Z=81  TL-204    bl:5     ln:5    
   1032) Area:3 Z=81  TL-205    bl:34    ln:45   
   1033) Area:3 Z=81  TL-206    bl:3     ln:3    
   1034) Area:3 Z=82  PB-0      bl:185   ln:427  
   1035) Area:3 Z=82  PB-196    bl:2     ln:2    
   1036) Area:3 Z=82  PB-197    bl:2     ln:2    
   1037) Area:3 Z=82  PB-198    bl:3     ln:4    
   1038) Area:3 Z=82  PB-199    bl:2     ln:2    
   1039) Area:3 Z=82  PB-200    bl:2     ln:2    
   1040) Area:3 Z=82  PB-201    bl:2     ln:2    
   1041) Area:3 Z=82  PB-202    bl:2     ln:2    
   1042) Area:3 Z=82  PB-203    bl:3     ln:3    
   1043) Area:3 Z=82  PB-204    bl:68    ln:123  
   1044) Area:3 Z=82  PB-205    bl:2     ln:3    
   1045) Area:3 Z=82  PB-206    bl:85    ln:159  
   1046) Area:3 Z=82  PB-207    bl:72    ln:121  
   1047) Area:3 Z=82  PB-208    bl:261   ln:524  
   1048) Area:3 Z=82  PB-209    bl:3     ln:4    
   1049) Area:3 Z=82  PB-213    bl:1     ln:1    
   1050) Area:3 Z=82  PB-220    bl:1     ln:1    
   1051) Area:3 Z=82  PB-CMP    bl:3     ln:3    
   1052) Area:3 Z=83  BI-208    bl:1     ln:1    
   1053) Area:3 Z=83  BI-209    bl:451   ln:1159 
   1054) Area:3 Z=83  BI-210    bl:4     ln:5    
   1055) Area:3 Z=83  BI-CMP    bl:3     ln:3    
   1056) Area:3 Z=84  PO-194    bl:1     ln:1    
   1057) Area:3 Z=84  PO-196    bl:1     ln:1    
   1058) Area:3 Z=84  PO-198    bl:1     ln:1    
   1059) Area:3 Z=84  PO-200    bl:1     ln:1    
   1060) Area:3 Z=84  PO-202    bl:1     ln:1    
   1061) Area:3 Z=84  PO-204    bl:1     ln:1    
   1062) Area:3 Z=84  PO-206    bl:1     ln:1    
   1063) Area:3 Z=84  PO-208    bl:1     ln:1    
   1064) Area:3 Z=84  PO-210    bl:3     ln:3    
   1065) Area:3 Z=84  PO-211    bl:1     ln:1    
   1066) Area:3 Z=84  PO-212    bl:1     ln:1    
   1067) Area:3 Z=84  PO-214    bl:1     ln:1    
   1068) Area:3 Z=84  PO-216    bl:1     ln:1    
   1069) Area:3 Z=84  PO-218    bl:1     ln:1    
   1070) Area:3 Z=85  AT-210    bl:1     ln:1    
   1071) Area:3 Z=85  AT-213    bl:1     ln:3    
   1072) Area:3 Z=86  RN-220    bl:1     ln:1    
   1073) Area:3 Z=86  RN-222    bl:1     ln:1    
   1074) Area:3 Z=87  FR-217    bl:1     ln:1    
   1075) Area:3 Z=88  RA-220    bl:1     ln:1    
   1076) Area:3 Z=88  RA-222    bl:1     ln:1    
   1077) Area:3 Z=88  RA-223    bl:2     ln:6    
   1078) Area:3 Z=88  RA-224    bl:2     ln:2    
   1079) Area:3 Z=88  RA-226    bl:9     ln:13   
   1080) Area:3 Z=88  RA-228    bl:1     ln:1    
   1081) Area:3 Z=89  AC-227    bl:8     ln:10   
   1082) Area:3 Z=89  AC-240    bl:1     ln:1    
   1083) Area:3 Z=90  TH-224    bl:1     ln:1    
   1084) Area:3 Z=90  TH-226    bl:1     ln:1    
   1085) Area:3 Z=90  TH-227    bl:4     ln:4    
   1086) Area:3 Z=90  TH-228    bl:6     ln:6    
   1087) Area:3 Z=90  TH-229    bl:48    ln:82   
   1088) Area:3 Z=90  TH-230    bl:19    ln:42   
   1089) Area:3 Z=90  TH-231    bl:15    ln:16   
   1090) Area:3 Z=90  TH-232    bl:520   ln:1077 
   1091) Area:3 Z=90  TH-233    bl:25    ln:27   
   1092) Area:3 Z=90  TH-234    bl:2     ln:2    
   1093) Area:3 Z=91  PA-230    bl:4     ln:4    
   1094) Area:3 Z=91  PA-231    bl:57    ln:81   
   1095) Area:3 Z=91  PA-232    bl:20    ln:20   
   1096) Area:3 Z=91  PA-233    bl:47    ln:73   
   1097) Area:3 Z=91  PA-234    bl:3     ln:5    
   1098) Area:3 Z=92  U-0       bl:48    ln:98   
   1099) Area:3 Z=92  U-226     bl:1     ln:1    
   1100) Area:3 Z=92  U-228     bl:1     ln:1    
   1101) Area:3 Z=92  U-230     bl:3     ln:4    
   1102) Area:3 Z=92  U-231     bl:9     ln:9    
   1103) Area:3 Z=92  U-232     bl:74    ln:114  
   1104) Area:3 Z=92  U-233     bl:319   ln:599  
   1105) Area:3 Z=92  U-234     bl:84    ln:97   
   1106) Area:3 Z=92  U-235     bl:845   ln:1847 
   1107) Area:3 Z=92  U-236     bl:91    ln:120  
   1108) Area:3 Z=92  U-237     bl:44    ln:51   
   1109) Area:3 Z=92  U-238     bl:647   ln:1366 
   1110) Area:3 Z=92  U-239     bl:19    ln:19   
   1111) Area:3 Z=92  U-240     bl:18    ln:18   
   1112) Area:3 Z=92  U-241     bl:6     ln:6    
   1113) Area:3 Z=92  U-242     bl:6     ln:6    
   1114) Area:3 Z=92  U-243     bl:6     ln:6    
   1115) Area:3 Z=92  U-244     bl:6     ln:6    
   1116) Area:3 Z=92  U-245     bl:6     ln:6    
   1117) Area:3 Z=92  U-246     bl:1     ln:1    
   1118) Area:3 Z=92  U-CMP     bl:3     ln:9    
   1119) Area:3 Z=92  U-OXI     bl:11    ln:28   
   1120) Area:3 Z=93  NP-234    bl:2     ln:2    
   1121) Area:3 Z=93  NP-235    bl:1     ln:1    
   1122) Area:3 Z=93  NP-236    bl:8     ln:11   
   1123) Area:3 Z=93  NP-237    bl:173   ln:363  
   1124) Area:3 Z=93  NP-238    bl:12    ln:12   
   1125) Area:3 Z=93  NP-239    bl:3     ln:4    
   1126) Area:3 Z=93  NP-240    bl:1     ln:2    
   1127) Area:3 Z=94  PU-232    bl:1     ln:1    
   1128) Area:3 Z=94  PU-234    bl:1     ln:1    
   1129) Area:3 Z=94  PU-235    bl:1     ln:2    
   1130) Area:3 Z=94  PU-236    bl:23    ln:26   
   1131) Area:3 Z=94  PU-237    bl:10    ln:11   
   1132) Area:3 Z=94  PU-238    bl:94    ln:137  
   1133) Area:3 Z=94  PU-239    bl:488   ln:920  
   1134) Area:3 Z=94  PU-240    bl:211   ln:362  
   1135) Area:3 Z=94  PU-241    bl:222   ln:434  
   1136) Area:3 Z=94  PU-242    bl:142   ln:219  
   1137) Area:3 Z=94  PU-243    bl:18    ln:19   
   1138) Area:3 Z=94  PU-244    bl:23    ln:38   
   1139) Area:3 Z=94  PU-245    bl:8     ln:8    
   1140) Area:3 Z=94  PU-CMP    bl:2     ln:2    
   1141) Area:3 Z=95  AM-240    bl:1     ln:1    
   1142) Area:3 Z=95  AM-241    bl:89    ln:147  
   1143) Area:3 Z=95  AM-242    bl:43    ln:54   
   1144) Area:3 Z=95  AM-243    bl:50    ln:88   
   1145) Area:3 Z=95  AM-244    bl:4     ln:4    
   1146) Area:3 Z=96  CM-238    bl:1     ln:1    
   1147) Area:3 Z=96  CM-240    bl:1     ln:1    
   1148) Area:3 Z=96  CM-241    bl:1     ln:2    
   1149) Area:3 Z=96  CM-242    bl:21    ln:29   
   1150) Area:3 Z=96  CM-243    bl:33    ln:40   
   1151) Area:3 Z=96  CM-244    bl:81    ln:167  
   1152) Area:3 Z=96  CM-245    bl:70    ln:122  
   1153) Area:3 Z=96  CM-246    bl:34    ln:48   
   1154) Area:3 Z=96  CM-247    bl:24    ln:31   
   1155) Area:3 Z=96  CM-248    bl:32    ln:54   
   1156) Area:3 Z=96  CM-249    bl:2     ln:3    
   1157) Area:3 Z=96  CM-250    bl:3     ln:4    
   1158) Area:3 Z=97  BK-246    bl:1     ln:1    
   1159) Area:3 Z=97  BK-247    bl:1     ln:3    
   1160) Area:3 Z=97  BK-248    bl:3     ln:4    
   1161) Area:3 Z=97  BK-249    bl:18    ln:23   
   1162) Area:3 Z=97  BK-250    bl:2     ln:2    
   1163) Area:3 Z=98  CF-240    bl:1     ln:1    
   1164) Area:3 Z=98  CF-242    bl:1     ln:1    
   1165) Area:3 Z=98  CF-244    bl:1     ln:1    
   1166) Area:3 Z=98  CF-245    bl:2     ln:3    
   1167) Area:3 Z=98  CF-246    bl:2     ln:4    
   1168) Area:3 Z=98  CF-248    bl:3     ln:4    
   1169) Area:3 Z=98  CF-249    bl:39    ln:56   
   1170) Area:3 Z=98  CF-250    bl:19    ln:24   
   1171) Area:3 Z=98  CF-251    bl:20    ln:24   
   1172) Area:3 Z=98  CF-252    bl:331   ln:776  
   1173) Area:3 Z=98  CF-253    bl:15    ln:16   
   1174) Area:3 Z=98  CF-254    bl:18    ln:26   
   1175) Area:3 Z=98  CF-256    bl:3     ln:3    
   1176) Area:3 Z=99  ES-252    bl:1     ln:1    
   1177) Area:3 Z=99  ES-253    bl:14    ln:14   
   1178) Area:3 Z=99  ES-254    bl:11    ln:12   
   1179) Area:3 Z=99  ES-255    bl:3     ln:3    
   1180) Area:3 Z=99  ES-256    bl:1     ln:1    
   1181) Area:3 Z=100 FM-246    bl:3     ln:3    
   1182) Area:3 Z=100 FM-248    bl:3     ln:3    
   1183) Area:3 Z=100 FM-250    bl:1     ln:1    
   1184) Area:3 Z=100 FM-252    bl:1     ln:1    
   1185) Area:3 Z=100 FM-253    bl:4     ln:5    
   1186) Area:3 Z=100 FM-254    bl:10    ln:16   
   1187) Area:3 Z=100 FM-255    bl:13    ln:14   
   1188) Area:3 Z=100 FM-256    bl:13    ln:16   
   1189) Area:3 Z=100 FM-257    bl:15    ln:18   
   1190) Area:3 Z=100 FM-258    bl:4     ln:6    
   1191) Area:3 Z=100 FM-259    bl:3     ln:3    
   1192) Area:3 Z=101 MD-259    bl:3     ln:3    
   1193) Area:3 Z=101 MD-260    bl:2     ln:2    
   1194) Area:3 Z=102 NO-252    bl:3     ln:3    
   1195) Area:3 Z=102 NO-254    bl:1     ln:1    
   1196) Area:3 Z=102 NO-256    bl:1     ln:1    
   1197) Area:3 Z=102 NO-258    bl:2     ln:2    
   1198) Area:3 Z=104 RF-255    bl:1     ln:2    
   1199) Area:3 Z=104 RF-256    bl:1     ln:2    
   1200) Area:3 Z=104 RF-258    bl:1     ln:2    
   1201) Area:3 Z=104 RF-260    bl:3     ln:4    
   1202) Area:3 Z=105 DB-262    bl:3     ln:3    
   1203) Area:3 Z=999 FPROD     bl:9     ln:13   
   1204) Area:3 Z=999 MANY      bl:481   ln:679  
