CINDA BACKUP   BCK00320140625  45544  27240
      1) Area:3 Z=1   H-1       bl:95    ln:162  
      2) Area:3 Z=1   H-2       bl:109   ln:206  
      3) Area:3 Z=1   H-3       bl:24    ln:35   
      4) Area:3 Z=1   H-BNZ     bl:13    ln:19   
      5) Area:3 Z=1   H-CMP     bl:14    ln:18   
      6) Area:3 Z=1   H-CXX     bl:52    ln:85   
      7) Area:3 Z=1   H-D2O     bl:15    ln:24   
      8) Area:3 Z=1   H-DXX     bl:3     ln:6    
      9) Area:3 Z=1   H-MTH     bl:20    ln:35   
     10) Area:3 Z=1   H-PHL     bl:5     ln:6    
     11) Area:3 Z=1   H-PLE     bl:7     ln:18   
     12) Area:3 Z=1   H-WTR     bl:36    ln:52   
     13) Area:3 Z=2   HE-3      bl:37    ln:64   
     14) Area:3 Z=2   HE-4      bl:34    ln:46   
     15) Area:3 Z=3   LI-0      bl:13    ln:19   
     16) Area:3 Z=3   LI-6      bl:99    ln:188  
     17) Area:3 Z=3   LI-7      bl:72    ln:164  
     18) Area:3 Z=3   LI-8      bl:1     ln:1    
     19) Area:3 Z=3   LI-CMP    bl:6     ln:7    
     20) Area:3 Z=4   BE-10     bl:1     ln:1    
     21) Area:3 Z=4   BE-7      bl:5     ln:8    
     22) Area:3 Z=4   BE-9      bl:129   ln:208  
     23) Area:3 Z=4   BE-OXI    bl:10    ln:10   
     24) Area:3 Z=5   B-0       bl:14    ln:31   
     25) Area:3 Z=5   B-10      bl:53    ln:106  
     26) Area:3 Z=5   B-11      bl:36    ln:55   
     27) Area:3 Z=5   B-CMP     bl:1     ln:1    
     28) Area:3 Z=6   C-12      bl:201   ln:359  
     29) Area:3 Z=6   C-13      bl:13    ln:20   
     30) Area:3 Z=6   C-14      bl:1     ln:1    
     31) Area:3 Z=6   C-19      bl:1     ln:1    
     32) Area:3 Z=6   C-CMP     bl:6     ln:13   
     33) Area:3 Z=7   N-0       bl:1     ln:2    
     34) Area:3 Z=7   N-13      bl:2     ln:2    
     35) Area:3 Z=7   N-14      bl:71    ln:169  
     36) Area:3 Z=7   N-15      bl:29    ln:53   
     37) Area:3 Z=7   N-AIR     bl:1     ln:3    
     38) Area:3 Z=7   N-AMM     bl:21    ln:28   
     39) Area:3 Z=7   N-CMP     bl:1     ln:1    
     40) Area:3 Z=8   O-0       bl:1     ln:2    
     41) Area:3 Z=8   O-15      bl:1     ln:1    
     42) Area:3 Z=8   O-16      bl:78    ln:136  
     43) Area:3 Z=8   O-17      bl:12    ln:15   
     44) Area:3 Z=8   O-18      bl:12    ln:14   
     45) Area:3 Z=8   O-19      bl:1     ln:1    
     46) Area:3 Z=9   F-19      bl:100   ln:190  
     47) Area:3 Z=9   F-20      bl:3     ln:3    
     48) Area:3 Z=9   F-CMP     bl:4     ln:8    
     49) Area:3 Z=10  NE-0      bl:9     ln:14   
     50) Area:3 Z=10  NE-20     bl:15    ln:21   
     51) Area:3 Z=10  NE-21     bl:5     ln:8    
     52) Area:3 Z=10  NE-22     bl:9     ln:12   
     53) Area:3 Z=11  NA-22     bl:7     ln:9    
     54) Area:3 Z=11  NA-23     bl:131   ln:290  
     55) Area:3 Z=11  NA-24     bl:4     ln:4    
     56) Area:3 Z=11  NA-CMP    bl:3     ln:3    
     57) Area:3 Z=12  MG-0      bl:43    ln:92   
     58) Area:3 Z=12  MG-24     bl:76    ln:177  
     59) Area:3 Z=12  MG-25     bl:27    ln:41   
     60) Area:3 Z=12  MG-26     bl:34    ln:48   
     61) Area:3 Z=12  MG-27     bl:2     ln:2    
     62) Area:3 Z=12  MG-CMP    bl:2     ln:2    
     63) Area:3 Z=13  AL-26     bl:1     ln:1    
     64) Area:3 Z=13  AL-27     bl:342   ln:689  
     65) Area:3 Z=13  AL-28     bl:4     ln:4    
     66) Area:3 Z=13  AL-CMP    bl:1     ln:1    
     67) Area:3 Z=14  SI-0      bl:64    ln:161  
     68) Area:3 Z=14  SI-27     bl:1     ln:1    
     69) Area:3 Z=14  SI-28     bl:143   ln:402  
     70) Area:3 Z=14  SI-29     bl:42    ln:69   
     71) Area:3 Z=14  SI-30     bl:38    ln:72   
     72) Area:3 Z=14  SI-31     bl:2     ln:2    
     73) Area:3 Z=14  SI-CMP    bl:2     ln:3    
     74) Area:3 Z=14  SI-OXI    bl:4     ln:7    
     75) Area:3 Z=15  P-29      bl:1     ln:2    
     76) Area:3 Z=15  P-30      bl:1     ln:1    
     77) Area:3 Z=15  P-31      bl:104   ln:204  
     78) Area:3 Z=15  P-32      bl:3     ln:6    
     79) Area:3 Z=16  S-0       bl:52    ln:114  
     80) Area:3 Z=16  S-32      bl:97    ln:177  
     81) Area:3 Z=16  S-33      bl:16    ln:19   
     82) Area:3 Z=16  S-34      bl:32    ln:49   
     83) Area:3 Z=16  S-35      bl:1     ln:1    
     84) Area:3 Z=16  S-36      bl:9     ln:9    
     85) Area:3 Z=16  S-CMP     bl:7     ln:9    
     86) Area:3 Z=17  CL-0      bl:23    ln:33   
     87) Area:3 Z=17  CL-34     bl:1     ln:1    
     88) Area:3 Z=17  CL-35     bl:66    ln:105  
     89) Area:3 Z=17  CL-36     bl:3     ln:3    
     90) Area:3 Z=17  CL-37     bl:42    ln:68   
     91) Area:3 Z=17  CL-38     bl:1     ln:1    
     92) Area:3 Z=17  CL-CMP    bl:2     ln:2    
     93) Area:3 Z=18  AR-0      bl:15    ln:23   
     94) Area:3 Z=18  AR-36     bl:10    ln:10   
     95) Area:3 Z=18  AR-37     bl:3     ln:3    
     96) Area:3 Z=18  AR-38     bl:12    ln:12   
     97) Area:3 Z=18  AR-39     bl:3     ln:3    
     98) Area:3 Z=18  AR-40     bl:28    ln:30   
     99) Area:3 Z=18  AR-41     bl:2     ln:2    
    100) Area:3 Z=18  AR-42     bl:1     ln:1    
    101) Area:3 Z=19  K-0       bl:15    ln:32   
    102) Area:3 Z=19  K-38      bl:1     ln:1    
    103) Area:3 Z=19  K-39      bl:67    ln:125  
    104) Area:3 Z=19  K-40      bl:11    ln:11   
    105) Area:3 Z=19  K-41      bl:47    ln:90   
    106) Area:3 Z=19  K-42      bl:1     ln:1    
    107) Area:3 Z=19  K-43      bl:1     ln:1    
    108) Area:3 Z=19  K-44      bl:1     ln:1    
    109) Area:3 Z=19  K-45      bl:1     ln:1    
    110) Area:3 Z=19  K-46      bl:1     ln:1    
    111) Area:3 Z=19  K-CMP     bl:12    ln:15   
    112) Area:3 Z=20  CA-0      bl:41    ln:84   
    113) Area:3 Z=20  CA-39     bl:1     ln:1    
    114) Area:3 Z=20  CA-40     bl:123   ln:237  
    115) Area:3 Z=20  CA-41     bl:7     ln:7    
    116) Area:3 Z=20  CA-42     bl:36    ln:77   
    117) Area:3 Z=20  CA-43     bl:30    ln:74   
    118) Area:3 Z=20  CA-44     bl:53    ln:110  
    119) Area:3 Z=20  CA-45     bl:5     ln:5    
    120) Area:3 Z=20  CA-46     bl:17    ln:19   
    121) Area:3 Z=20  CA-47     bl:1     ln:1    
    122) Area:3 Z=20  CA-48     bl:33    ln:56   
    123) Area:3 Z=20  CA-49     bl:1     ln:1    
    124) Area:3 Z=20  CA-CMP    bl:7     ln:13   
    125) Area:3 Z=21  SC-44     bl:2     ln:3    
    126) Area:3 Z=21  SC-45     bl:120   ln:243  
    127) Area:3 Z=21  SC-46     bl:9     ln:9    
    128) Area:3 Z=21  SC-47     bl:6     ln:6    
    129) Area:3 Z=21  SC-48     bl:3     ln:3    
    130) Area:3 Z=21  SC-49     bl:1     ln:1    
    131) Area:3 Z=21  SC-50     bl:2     ln:2    
    132) Area:3 Z=22  TI-0      bl:50    ln:90   
    133) Area:3 Z=22  TI-44     bl:1     ln:1    
    134) Area:3 Z=22  TI-45     bl:1     ln:1    
    135) Area:3 Z=22  TI-46     bl:96    ln:199  
    136) Area:3 Z=22  TI-47     bl:79    ln:159  
    137) Area:3 Z=22  TI-48     bl:148   ln:274  
    138) Area:3 Z=22  TI-49     bl:54    ln:98   
    139) Area:3 Z=22  TI-50     bl:71    ln:135  
    140) Area:3 Z=22  TI-51     bl:3     ln:3    
    141) Area:3 Z=22  TI-52     bl:1     ln:1    
    142) Area:3 Z=22  TI-CMP    bl:2     ln:2    
    143) Area:3 Z=23  V-0       bl:1     ln:2    
    144) Area:3 Z=23  V-47      bl:1     ln:1    
    145) Area:3 Z=23  V-48      bl:1     ln:1    
    146) Area:3 Z=23  V-49      bl:1     ln:1    
    147) Area:3 Z=23  V-50      bl:11    ln:11   
    148) Area:3 Z=23  V-51      bl:205   ln:381  
    149) Area:3 Z=23  V-52      bl:3     ln:4    
    150) Area:3 Z=23  V-53      bl:1     ln:2    
    151) Area:3 Z=23  V-54      bl:1     ln:1    
    152) Area:3 Z=23  V-CMP     bl:1     ln:1    
    153) Area:3 Z=24  CR-0      bl:65    ln:149  
    154) Area:3 Z=24  CR-48     bl:1     ln:1    
    155) Area:3 Z=24  CR-49     bl:1     ln:1    
    156) Area:3 Z=24  CR-50     bl:76    ln:123  
    157) Area:3 Z=24  CR-51     bl:3     ln:3    
    158) Area:3 Z=24  CR-52     bl:177   ln:333  
    159) Area:3 Z=24  CR-53     bl:61    ln:111  
    160) Area:3 Z=24  CR-54     bl:56    ln:100  
    161) Area:3 Z=24  CR-55     bl:2     ln:2    
    162) Area:3 Z=24  CR-56     bl:1     ln:1    
    163) Area:3 Z=24  CR-CMP    bl:6     ln:7    
    164) Area:3 Z=25  MN-51     bl:1     ln:1    
    165) Area:3 Z=25  MN-52     bl:1     ln:1    
    166) Area:3 Z=25  MN-53     bl:3     ln:3    
    167) Area:3 Z=25  MN-54     bl:5     ln:5    
    168) Area:3 Z=25  MN-55     bl:223   ln:444  
    169) Area:3 Z=25  MN-56     bl:4     ln:4    
    170) Area:3 Z=25  MN-57     bl:1     ln:1    
    171) Area:3 Z=25  MN-58     bl:1     ln:1    
    172) Area:3 Z=25  MN-CMP    bl:15    ln:20   
    173) Area:3 Z=26  FE-0      bl:187   ln:378  
    174) Area:3 Z=26  FE-51     bl:1     ln:1    
    175) Area:3 Z=26  FE-52     bl:1     ln:1    
    176) Area:3 Z=26  FE-53     bl:2     ln:2    
    177) Area:3 Z=26  FE-54     bl:141   ln:252  
    178) Area:3 Z=26  FE-55     bl:10    ln:14   
    179) Area:3 Z=26  FE-56     bl:343   ln:610  
    180) Area:3 Z=26  FE-57     bl:56    ln:87   
    181) Area:3 Z=26  FE-58     bl:51    ln:70   
    182) Area:3 Z=26  FE-59     bl:2     ln:2    
    183) Area:3 Z=26  FE-60     bl:6     ln:7    
    184) Area:3 Z=26  FE-61     bl:1     ln:1    
    185) Area:3 Z=26  FE-CMP    bl:28    ln:34   
    186) Area:3 Z=27  CO-55     bl:1     ln:1    
    187) Area:3 Z=27  CO-56     bl:1     ln:1    
    188) Area:3 Z=27  CO-57     bl:3     ln:3    
    189) Area:3 Z=27  CO-58     bl:7     ln:8    
    190) Area:3 Z=27  CO-59     bl:277   ln:501  
    191) Area:3 Z=27  CO-60     bl:11    ln:12   
    192) Area:3 Z=27  CO-61     bl:2     ln:3    
    193) Area:3 Z=27  CO-62     bl:2     ln:3    
    194) Area:3 Z=27  CO-63     bl:1     ln:2    
    195) Area:3 Z=27  CO-64     bl:1     ln:1    
    196) Area:3 Z=27  CO-CMP    bl:9     ln:10   
    197) Area:3 Z=28  NI-0      bl:83    ln:155  
    198) Area:3 Z=28  NI-55     bl:1     ln:1    
    199) Area:3 Z=28  NI-56     bl:1     ln:1    
    200) Area:3 Z=28  NI-57     bl:1     ln:1    
    201) Area:3 Z=28  NI-58     bl:296   ln:579  
    202) Area:3 Z=28  NI-59     bl:15    ln:15   
    203) Area:3 Z=28  NI-60     bl:129   ln:198  
    204) Area:3 Z=28  NI-61     bl:47    ln:66   
    205) Area:3 Z=28  NI-62     bl:83    ln:113  
    206) Area:3 Z=28  NI-63     bl:5     ln:6    
    207) Area:3 Z=28  NI-64     bl:49    ln:69   
    208) Area:3 Z=28  NI-65     bl:4     ln:5    
    209) Area:3 Z=28  NI-66     bl:2     ln:3    
    210) Area:3 Z=28  NI-67     bl:1     ln:1    
    211) Area:3 Z=28  NI-68     bl:1     ln:1    
    212) Area:3 Z=28  NI-70     bl:1     ln:1    
    213) Area:3 Z=28  NI-CMP    bl:3     ln:3    
    214) Area:3 Z=29  CU-0      bl:108   ln:215  
    215) Area:3 Z=29  CU-60     bl:1     ln:2    
    216) Area:3 Z=29  CU-61     bl:2     ln:3    
    217) Area:3 Z=29  CU-62     bl:2     ln:3    
    218) Area:3 Z=29  CU-63     bl:165   ln:243  
    219) Area:3 Z=29  CU-64     bl:5     ln:6    
    220) Area:3 Z=29  CU-65     bl:154   ln:220  
    221) Area:3 Z=29  CU-66     bl:4     ln:5    
    222) Area:3 Z=29  CU-67     bl:1     ln:2    
    223) Area:3 Z=29  CU-CMP    bl:2     ln:2    
    224) Area:3 Z=30  ZN-0      bl:67    ln:128  
    225) Area:3 Z=30  ZN-61     bl:1     ln:2    
    226) Area:3 Z=30  ZN-62     bl:1     ln:2    
    227) Area:3 Z=30  ZN-63     bl:1     ln:2    
    228) Area:3 Z=30  ZN-64     bl:129   ln:202  
    229) Area:3 Z=30  ZN-65     bl:5     ln:6    
    230) Area:3 Z=30  ZN-66     bl:67    ln:92   
    231) Area:3 Z=30  ZN-67     bl:41    ln:53   
    232) Area:3 Z=30  ZN-68     bl:54    ln:88   
    233) Area:3 Z=30  ZN-69     bl:3     ln:5    
    234) Area:3 Z=30  ZN-70     bl:36    ln:58   
    235) Area:3 Z=30  ZN-71     bl:1     ln:2    
    236) Area:3 Z=30  ZN-72     bl:11    ln:15   
    237) Area:3 Z=30  ZN-CMP    bl:3     ln:3    
    238) Area:3 Z=31  GA-0      bl:26    ln:53   
    239) Area:3 Z=31  GA-63     bl:1     ln:2    
    240) Area:3 Z=31  GA-64     bl:1     ln:2    
    241) Area:3 Z=31  GA-65     bl:1     ln:2    
    242) Area:3 Z=31  GA-66     bl:1     ln:2    
    243) Area:3 Z=31  GA-67     bl:1     ln:2    
    244) Area:3 Z=31  GA-68     bl:1     ln:2    
    245) Area:3 Z=31  GA-69     bl:71    ln:104  
    246) Area:3 Z=31  GA-70     bl:2     ln:3    
    247) Area:3 Z=31  GA-71     bl:77    ln:117  
    248) Area:3 Z=31  GA-72     bl:12    ln:16   
    249) Area:3 Z=31  GA-73     bl:1     ln:2    
    250) Area:3 Z=32  GE-0      bl:29    ln:59   
    251) Area:3 Z=32  GE-65     bl:1     ln:2    
    252) Area:3 Z=32  GE-66     bl:1     ln:2    
    253) Area:3 Z=32  GE-67     bl:1     ln:2    
    254) Area:3 Z=32  GE-68     bl:1     ln:2    
    255) Area:3 Z=32  GE-69     bl:1     ln:2    
    256) Area:3 Z=32  GE-70     bl:50    ln:78   
    257) Area:3 Z=32  GE-71     bl:3     ln:4    
    258) Area:3 Z=32  GE-72     bl:50    ln:67   
    259) Area:3 Z=32  GE-73     bl:40    ln:50   
    260) Area:3 Z=32  GE-74     bl:57    ln:90   
    261) Area:3 Z=32  GE-75     bl:3     ln:5    
    262) Area:3 Z=32  GE-76     bl:56    ln:89   
    263) Area:3 Z=32  GE-77     bl:13    ln:18   
    264) Area:3 Z=33  AS-69     bl:1     ln:2    
    265) Area:3 Z=33  AS-70     bl:1     ln:2    
    266) Area:3 Z=33  AS-71     bl:2     ln:3    
    267) Area:3 Z=33  AS-72     bl:1     ln:2    
    268) Area:3 Z=33  AS-73     bl:2     ln:3    
    269) Area:3 Z=33  AS-74     bl:1     ln:2    
    270) Area:3 Z=33  AS-75     bl:127   ln:237  
    271) Area:3 Z=33  AS-76     bl:13    ln:17   
    272) Area:3 Z=33  AS-77     bl:12    ln:16   
    273) Area:3 Z=33  AS-78     bl:1     ln:2    
    274) Area:3 Z=33  AS-79     bl:1     ln:2    
    275) Area:3 Z=34  SE-0      bl:31    ln:74   
    276) Area:3 Z=34  SE-71     bl:1     ln:2    
    277) Area:3 Z=34  SE-72     bl:1     ln:2    
    278) Area:3 Z=34  SE-73     bl:2     ln:3    
    279) Area:3 Z=34  SE-74     bl:50    ln:91   
    280) Area:3 Z=34  SE-75     bl:2     ln:3    
    281) Area:3 Z=34  SE-76     bl:52    ln:72   
    282) Area:3 Z=34  SE-77     bl:38    ln:54   
    283) Area:3 Z=34  SE-78     bl:50    ln:72   
    284) Area:3 Z=34  SE-79     bl:14    ln:18   
    285) Area:3 Z=34  SE-80     bl:76    ln:115  
    286) Area:3 Z=34  SE-81     bl:4     ln:6    
    287) Area:3 Z=34  SE-82     bl:34    ln:59   
    288) Area:3 Z=34  SE-83     bl:2     ln:3    
    289) Area:3 Z=34  SE-84     bl:1     ln:2    
    290) Area:3 Z=35  BR-0      bl:17    ln:45   
    291) Area:3 Z=35  BR-73     bl:1     ln:2    
    292) Area:3 Z=35  BR-74     bl:1     ln:2    
    293) Area:3 Z=35  BR-75     bl:1     ln:2    
    294) Area:3 Z=35  BR-76     bl:2     ln:3    
    295) Area:3 Z=35  BR-77     bl:1     ln:2    
    296) Area:3 Z=35  BR-78     bl:1     ln:2    
    297) Area:3 Z=35  BR-79     bl:74    ln:112  
    298) Area:3 Z=35  BR-80     bl:4     ln:6    
    299) Area:3 Z=35  BR-81     bl:69    ln:97   
    300) Area:3 Z=35  BR-82     bl:12    ln:16   
    301) Area:3 Z=35  BR-83     bl:1     ln:2    
    302) Area:3 Z=35  BR-84     bl:1     ln:2    
    303) Area:3 Z=35  BR-85     bl:1     ln:2    
    304) Area:3 Z=36  KR-0      bl:13    ln:16   
    305) Area:3 Z=36  KR-74     bl:1     ln:2    
    306) Area:3 Z=36  KR-75     bl:1     ln:2    
    307) Area:3 Z=36  KR-76     bl:1     ln:2    
    308) Area:3 Z=36  KR-77     bl:1     ln:2    
    309) Area:3 Z=36  KR-78     bl:16    ln:19   
    310) Area:3 Z=36  KR-79     bl:1     ln:2    
    311) Area:3 Z=36  KR-80     bl:26    ln:29   
    312) Area:3 Z=36  KR-81     bl:1     ln:2    
    313) Area:3 Z=36  KR-82     bl:30    ln:37   
    314) Area:3 Z=36  KR-83     bl:35    ln:41   
    315) Area:3 Z=36  KR-84     bl:37    ln:44   
    316) Area:3 Z=36  KR-85     bl:21    ln:24   
    317) Area:3 Z=36  KR-86     bl:36    ln:41   
    318) Area:3 Z=36  KR-87     bl:3     ln:4    
    319) Area:3 Z=36  KR-88     bl:1     ln:2    
    320) Area:3 Z=36  KR-89     bl:1     ln:2    
    321) Area:3 Z=37  RB-0      bl:31    ln:58   
    322) Area:3 Z=37  RB-79     bl:1     ln:2    
    323) Area:3 Z=37  RB-80     bl:1     ln:2    
    324) Area:3 Z=37  RB-81     bl:1     ln:2    
    325) Area:3 Z=37  RB-82     bl:1     ln:2    
    326) Area:3 Z=37  RB-83     bl:1     ln:2    
    327) Area:3 Z=37  RB-84     bl:2     ln:3    
    328) Area:3 Z=37  RB-85     bl:110   ln:177  
    329) Area:3 Z=37  RB-86     bl:13    ln:18   
    330) Area:3 Z=37  RB-87     bl:102   ln:150  
    331) Area:3 Z=37  RB-88     bl:4     ln:5    
    332) Area:3 Z=37  RB-89     bl:1     ln:2    
    333) Area:3 Z=37  RB-90     bl:1     ln:2    
    334) Area:3 Z=37  RB-91     bl:1     ln:2    
    335) Area:3 Z=37  RB-CMP    bl:1     ln:1    
    336) Area:3 Z=38  SR-0      bl:20    ln:44   
    337) Area:3 Z=38  SR-82     bl:1     ln:2    
    338) Area:3 Z=38  SR-83     bl:1     ln:2    
    339) Area:3 Z=38  SR-84     bl:42    ln:64   
    340) Area:3 Z=38  SR-85     bl:4     ln:7    
    341) Area:3 Z=38  SR-86     bl:61    ln:115  
    342) Area:3 Z=38  SR-87     bl:29    ln:53   
    343) Area:3 Z=38  SR-88     bl:95    ln:147  
    344) Area:3 Z=38  SR-89     bl:30    ln:33   
    345) Area:3 Z=38  SR-90     bl:29    ln:32   
    346) Area:3 Z=38  SR-91     bl:11    ln:15   
    347) Area:3 Z=38  SR-92     bl:1     ln:2    
    348) Area:3 Z=38  SR-93     bl:1     ln:2    
    349) Area:3 Z=38  SR-CMP    bl:2     ln:2    
    350) Area:3 Z=39  Y-84      bl:1     ln:2    
    351) Area:3 Z=39  Y-85      bl:2     ln:3    
    352) Area:3 Z=39  Y-86      bl:1     ln:2    
    353) Area:3 Z=39  Y-87      bl:6     ln:7    
    354) Area:3 Z=39  Y-88      bl:10    ln:15   
    355) Area:3 Z=39  Y-89      bl:173   ln:290  
    356) Area:3 Z=39  Y-90      bl:15    ln:18   
    357) Area:3 Z=39  Y-91      bl:13    ln:16   
    358) Area:3 Z=39  Y-92      bl:1     ln:2    
    359) Area:3 Z=39  Y-93      bl:11    ln:15   
    360) Area:3 Z=39  Y-94      bl:1     ln:2    
    361) Area:3 Z=39  Y-95      bl:1     ln:2    
    362) Area:3 Z=39  Y-CMP     bl:2     ln:2    
    363) Area:3 Z=40  ZR-0      bl:75    ln:122  
    364) Area:3 Z=40  ZR-86     bl:2     ln:3    
    365) Area:3 Z=40  ZR-87     bl:1     ln:2    
    366) Area:3 Z=40  ZR-88     bl:1     ln:2    
    367) Area:3 Z=40  ZR-89     bl:2     ln:3    
    368) Area:3 Z=40  ZR-90     bl:190   ln:359  
    369) Area:3 Z=40  ZR-91     bl:73    ln:131  
    370) Area:3 Z=40  ZR-92     bl:78    ln:124  
    371) Area:3 Z=40  ZR-93     bl:20    ln:23   
    372) Area:3 Z=40  ZR-94     bl:96    ln:156  
    373) Area:3 Z=40  ZR-95     bl:12    ln:16   
    374) Area:3 Z=40  ZR-96     bl:71    ln:106  
    375) Area:3 Z=40  ZR-97     bl:11    ln:15   
    376) Area:3 Z=40  ZR-98     bl:1     ln:1    
    377) Area:3 Z=40  ZR-CMP    bl:1     ln:1    
    378) Area:3 Z=40  ZR-HYD    bl:5     ln:7    
    379) Area:3 Z=41  NB-88     bl:1     ln:2    
    380) Area:3 Z=41  NB-89     bl:1     ln:2    
    381) Area:3 Z=41  NB-90     bl:1     ln:2    
    382) Area:3 Z=41  NB-91     bl:5     ln:6    
    383) Area:3 Z=41  NB-92     bl:6     ln:7    
    384) Area:3 Z=41  NB-93     bl:318   ln:576  
    385) Area:3 Z=41  NB-94     bl:14    ln:15   
    386) Area:3 Z=41  NB-95     bl:17    ln:21   
    387) Area:3 Z=41  NB-96     bl:3     ln:4    
    388) Area:3 Z=41  NB-97     bl:1     ln:2    
    389) Area:3 Z=41  NB-98     bl:1     ln:2    
    390) Area:3 Z=41  NB-99     bl:1     ln:2    
    391) Area:3 Z=42  MO-0      bl:55    ln:114  
    392) Area:3 Z=42  MO-100    bl:101   ln:175  
    393) Area:3 Z=42  MO-101    bl:1     ln:2    
    394) Area:3 Z=42  MO-90     bl:1     ln:2    
    395) Area:3 Z=42  MO-91     bl:2     ln:3    
    396) Area:3 Z=42  MO-92     bl:153   ln:294  
    397) Area:3 Z=42  MO-93     bl:2     ln:3    
    398) Area:3 Z=42  MO-94     bl:60    ln:93   
    399) Area:3 Z=42  MO-95     bl:72    ln:113  
    400) Area:3 Z=42  MO-96     bl:83    ln:138  
    401) Area:3 Z=42  MO-97     bl:66    ln:106  
    402) Area:3 Z=42  MO-98     bl:108   ln:193  
    403) Area:3 Z=42  MO-99     bl:14    ln:21   
    404) Area:3 Z=43  TC-100    bl:3     ln:4    
    405) Area:3 Z=43  TC-101    bl:1     ln:2    
    406) Area:3 Z=43  TC-102    bl:1     ln:2    
    407) Area:3 Z=43  TC-103    bl:1     ln:2    
    408) Area:3 Z=43  TC-104    bl:1     ln:2    
    409) Area:3 Z=43  TC-92     bl:1     ln:2    
    410) Area:3 Z=43  TC-93     bl:1     ln:2    
    411) Area:3 Z=43  TC-94     bl:1     ln:2    
    412) Area:3 Z=43  TC-95     bl:1     ln:2    
    413) Area:3 Z=43  TC-96     bl:1     ln:2    
    414) Area:3 Z=43  TC-97     bl:1     ln:2    
    415) Area:3 Z=43  TC-98     bl:3     ln:4    
    416) Area:3 Z=43  TC-99     bl:40    ln:53   
    417) Area:3 Z=44  RU-0      bl:7     ln:9    
    418) Area:3 Z=44  RU-100    bl:27    ln:36   
    419) Area:3 Z=44  RU-101    bl:40    ln:46   
    420) Area:3 Z=44  RU-102    bl:45    ln:61   
    421) Area:3 Z=44  RU-103    bl:18    ln:22   
    422) Area:3 Z=44  RU-104    bl:47    ln:62   
    423) Area:3 Z=44  RU-105    bl:13    ln:17   
    424) Area:3 Z=44  RU-106    bl:11    ln:15   
    425) Area:3 Z=44  RU-107    bl:1     ln:2    
    426) Area:3 Z=44  RU-95     bl:1     ln:2    
    427) Area:3 Z=44  RU-96     bl:33    ln:44   
    428) Area:3 Z=44  RU-97     bl:1     ln:2    
    429) Area:3 Z=44  RU-98     bl:14    ln:17   
    430) Area:3 Z=44  RU-99     bl:20    ln:24   
    431) Area:3 Z=45  RH-100    bl:2     ln:3    
    432) Area:3 Z=45  RH-101    bl:1     ln:2    
    433) Area:3 Z=45  RH-102    bl:1     ln:2    
    434) Area:3 Z=45  RH-103    bl:138   ln:250  
    435) Area:3 Z=45  RH-104    bl:7     ln:10   
    436) Area:3 Z=45  RH-105    bl:17    ln:21   
    437) Area:3 Z=45  RH-106    bl:2     ln:3    
    438) Area:3 Z=45  RH-107    bl:1     ln:2    
    439) Area:3 Z=45  RH-108    bl:2     ln:3    
    440) Area:3 Z=45  RH-109    bl:1     ln:2    
    441) Area:3 Z=45  RH-97     bl:1     ln:2    
    442) Area:3 Z=45  RH-98     bl:1     ln:2    
    443) Area:3 Z=45  RH-99     bl:1     ln:2    
    444) Area:3 Z=46  PD-0      bl:12    ln:18   
    445) Area:3 Z=46  PD-100    bl:1     ln:2    
    446) Area:3 Z=46  PD-101    bl:1     ln:2    
    447) Area:3 Z=46  PD-102    bl:29    ln:44   
    448) Area:3 Z=46  PD-103    bl:1     ln:2    
    449) Area:3 Z=46  PD-104    bl:27    ln:35   
    450) Area:3 Z=46  PD-105    bl:50    ln:60   
    451) Area:3 Z=46  PD-106    bl:46    ln:64   
    452) Area:3 Z=46  PD-107    bl:18    ln:21   
    453) Area:3 Z=46  PD-108    bl:65    ln:96   
    454) Area:3 Z=46  PD-109    bl:15    ln:21   
    455) Area:3 Z=46  PD-110    bl:55    ln:98   
    456) Area:3 Z=46  PD-111    bl:2     ln:4    
    457) Area:3 Z=46  PD-112    bl:12    ln:17   
    458) Area:3 Z=46  PD-113    bl:1     ln:2    
    459) Area:3 Z=46  PD-114    bl:1     ln:2    
    460) Area:3 Z=46  PD-99     bl:1     ln:2    
    461) Area:3 Z=46  PD-CMP    bl:2     ln:2    
    462) Area:3 Z=47  AG-0      bl:50    ln:92   
    463) Area:3 Z=47  AG-102    bl:1     ln:2    
    464) Area:3 Z=47  AG-103    bl:1     ln:2    
    465) Area:3 Z=47  AG-104    bl:1     ln:2    
    466) Area:3 Z=47  AG-105    bl:1     ln:2    
    467) Area:3 Z=47  AG-106    bl:2     ln:3    
    468) Area:3 Z=47  AG-107    bl:84    ln:137  
    469) Area:3 Z=47  AG-108    bl:5     ln:6    
    470) Area:3 Z=47  AG-109    bl:95    ln:167  
    471) Area:3 Z=47  AG-110    bl:5     ln:6    
    472) Area:3 Z=47  AG-111    bl:11    ln:15   
    473) Area:3 Z=47  AG-112    bl:2     ln:3    
    474) Area:3 Z=47  AG-113    bl:1     ln:2    
    475) Area:3 Z=47  AG-114    bl:1     ln:2    
    476) Area:3 Z=47  AG-115    bl:1     ln:2    
    477) Area:3 Z=47  AG-CMP    bl:1     ln:1    
    478) Area:3 Z=48  CD-0      bl:45    ln:88   
    479) Area:3 Z=48  CD-104    bl:2     ln:4    
    480) Area:3 Z=48  CD-105    bl:1     ln:2    
    481) Area:3 Z=48  CD-106    bl:34    ln:60   
    482) Area:3 Z=48  CD-107    bl:1     ln:2    
    483) Area:3 Z=48  CD-108    bl:27    ln:56   
    484) Area:3 Z=48  CD-109    bl:4     ln:6    
    485) Area:3 Z=48  CD-110    bl:51    ln:88   
    486) Area:3 Z=48  CD-111    bl:46    ln:77   
    487) Area:3 Z=48  CD-112    bl:61    ln:101  
    488) Area:3 Z=48  CD-113    bl:62    ln:82   
    489) Area:3 Z=48  CD-114    bl:51    ln:88   
    490) Area:3 Z=48  CD-115    bl:13    ln:24   
    491) Area:3 Z=48  CD-116    bl:55    ln:98   
    492) Area:3 Z=48  CD-117    bl:3     ln:7    
    493) Area:3 Z=48  CD-118    bl:2     ln:4    
    494) Area:3 Z=49  IN-0      bl:34    ln:88   
    495) Area:3 Z=49  IN-106    bl:1     ln:2    
    496) Area:3 Z=49  IN-107    bl:1     ln:2    
    497) Area:3 Z=49  IN-108    bl:1     ln:2    
    498) Area:3 Z=49  IN-109    bl:1     ln:2    
    499) Area:3 Z=49  IN-110    bl:1     ln:2    
    500) Area:3 Z=49  IN-111    bl:1     ln:2    
    501) Area:3 Z=49  IN-112    bl:1     ln:2    
    502) Area:3 Z=49  IN-113    bl:73    ln:154  
    503) Area:3 Z=49  IN-114    bl:3     ln:4    
    504) Area:3 Z=49  IN-115    bl:226   ln:426  
    505) Area:3 Z=49  IN-116    bl:7     ln:10   
    506) Area:3 Z=49  IN-117    bl:1     ln:2    
    507) Area:3 Z=49  IN-118    bl:1     ln:2    
    508) Area:3 Z=49  IN-119    bl:1     ln:2    
    509) Area:3 Z=49  IN-120    bl:1     ln:2    
    510) Area:3 Z=49  IN-121    bl:1     ln:2    
    511) Area:3 Z=49  IN-122    bl:1     ln:2    
    512) Area:3 Z=49  IN-123    bl:1     ln:2    
    513) Area:3 Z=49  IN-CMP    bl:1     ln:1    
    514) Area:3 Z=50  SN-0      bl:42    ln:73   
    515) Area:3 Z=50  SN-108    bl:1     ln:2    
    516) Area:3 Z=50  SN-109    bl:1     ln:2    
    517) Area:3 Z=50  SN-110    bl:2     ln:4    
    518) Area:3 Z=50  SN-111    bl:1     ln:2    
    519) Area:3 Z=50  SN-112    bl:48    ln:64   
    520) Area:3 Z=50  SN-113    bl:3     ln:5    
    521) Area:3 Z=50  SN-114    bl:35    ln:43   
    522) Area:3 Z=50  SN-115    bl:37    ln:45   
    523) Area:3 Z=50  SN-116    bl:53    ln:69   
    524) Area:3 Z=50  SN-117    bl:55    ln:81   
    525) Area:3 Z=50  SN-118    bl:64    ln:89   
    526) Area:3 Z=50  SN-119    bl:42    ln:56   
    527) Area:3 Z=50  SN-120    bl:68    ln:86   
    528) Area:3 Z=50  SN-121    bl:12    ln:17   
    529) Area:3 Z=50  SN-122    bl:48    ln:67   
    530) Area:3 Z=50  SN-123    bl:12    ln:16   
    531) Area:3 Z=50  SN-124    bl:47    ln:62   
    532) Area:3 Z=50  SN-125    bl:13    ln:18   
    533) Area:3 Z=50  SN-126    bl:11    ln:15   
    534) Area:3 Z=50  SN-127    bl:1     ln:2    
    535) Area:3 Z=50  SN-128    bl:1     ln:2    
    536) Area:3 Z=50  SN-132    bl:1     ln:1    
    537) Area:3 Z=50  SN-CMP    bl:1     ln:1    
    538) Area:3 Z=51  SB-0      bl:50    ln:107  
    539) Area:3 Z=51  SB-113    bl:1     ln:2    
    540) Area:3 Z=51  SB-114    bl:1     ln:2    
    541) Area:3 Z=51  SB-115    bl:1     ln:2    
    542) Area:3 Z=51  SB-116    bl:1     ln:2    
    543) Area:3 Z=51  SB-117    bl:1     ln:2    
    544) Area:3 Z=51  SB-118    bl:3     ln:6    
    545) Area:3 Z=51  SB-119    bl:1     ln:2    
    546) Area:3 Z=51  SB-120    bl:1     ln:2    
    547) Area:3 Z=51  SB-121    bl:99    ln:137  
    548) Area:3 Z=51  SB-122    bl:14    ln:19   
    549) Area:3 Z=51  SB-123    bl:83    ln:120  
    550) Area:3 Z=51  SB-124    bl:12    ln:16   
    551) Area:3 Z=51  SB-125    bl:13    ln:16   
    552) Area:3 Z=51  SB-126    bl:11    ln:15   
    553) Area:3 Z=51  SB-127    bl:11    ln:15   
    554) Area:3 Z=51  SB-128    bl:11    ln:15   
    555) Area:3 Z=51  SB-129    bl:1     ln:2    
    556) Area:3 Z=51  SB-131    bl:1     ln:1    
    557) Area:3 Z=52  TE-0      bl:18    ln:35   
    558) Area:3 Z=52  TE-116    bl:1     ln:2    
    559) Area:3 Z=52  TE-117    bl:1     ln:2    
    560) Area:3 Z=52  TE-118    bl:1     ln:2    
    561) Area:3 Z=52  TE-119    bl:1     ln:2    
    562) Area:3 Z=52  TE-120    bl:20    ln:27   
    563) Area:3 Z=52  TE-121    bl:1     ln:2    
    564) Area:3 Z=52  TE-122    bl:50    ln:71   
    565) Area:3 Z=52  TE-123    bl:29    ln:40   
    566) Area:3 Z=52  TE-124    bl:53    ln:76   
    567) Area:3 Z=52  TE-125    bl:35    ln:54   
    568) Area:3 Z=52  TE-126    bl:53    ln:75   
    569) Area:3 Z=52  TE-127    bl:13    ln:24   
    570) Area:3 Z=52  TE-128    bl:71    ln:107  
    571) Area:3 Z=52  TE-129    bl:14    ln:25   
    572) Area:3 Z=52  TE-130    bl:73    ln:123  
    573) Area:3 Z=52  TE-131    bl:15    ln:27   
    574) Area:3 Z=52  TE-132    bl:12    ln:17   
    575) Area:3 Z=52  TE-133    bl:1     ln:2    
    576) Area:3 Z=52  TE-134    bl:1     ln:2    
    577) Area:3 Z=52  TE-CMP    bl:1     ln:1    
    578) Area:3 Z=53  I-119     bl:1     ln:2    
    579) Area:3 Z=53  I-120     bl:1     ln:2    
    580) Area:3 Z=53  I-121     bl:1     ln:2    
    581) Area:3 Z=53  I-122     bl:1     ln:2    
    582) Area:3 Z=53  I-123     bl:1     ln:2    
    583) Area:3 Z=53  I-124     bl:1     ln:2    
    584) Area:3 Z=53  I-125     bl:3     ln:4    
    585) Area:3 Z=53  I-126     bl:3     ln:4    
    586) Area:3 Z=53  I-127     bl:144   ln:253  
    587) Area:3 Z=53  I-128     bl:3     ln:4    
    588) Area:3 Z=53  I-129     bl:19    ln:22   
    589) Area:3 Z=53  I-130     bl:12    ln:16   
    590) Area:3 Z=53  I-131     bl:13    ln:16   
    591) Area:3 Z=53  I-132     bl:1     ln:2    
    592) Area:3 Z=53  I-133     bl:11    ln:15   
    593) Area:3 Z=53  I-134     bl:1     ln:2    
    594) Area:3 Z=53  I-135     bl:15    ln:18   
    595) Area:3 Z=53  I-136     bl:1     ln:2    
    596) Area:3 Z=54  XE-0      bl:13    ln:20   
    597) Area:3 Z=54  XE-121    bl:1     ln:2    
    598) Area:3 Z=54  XE-122    bl:1     ln:2    
    599) Area:3 Z=54  XE-123    bl:2     ln:3    
    600) Area:3 Z=54  XE-124    bl:22    ln:29   
    601) Area:3 Z=54  XE-125    bl:2     ln:3    
    602) Area:3 Z=54  XE-126    bl:21    ln:27   
    603) Area:3 Z=54  XE-127    bl:2     ln:3    
    604) Area:3 Z=54  XE-128    bl:29    ln:35   
    605) Area:3 Z=54  XE-129    bl:17    ln:21   
    606) Area:3 Z=54  XE-130    bl:28    ln:36   
    607) Area:3 Z=54  XE-131    bl:38    ln:47   
    608) Area:3 Z=54  XE-132    bl:36    ln:44   
    609) Area:3 Z=54  XE-133    bl:13    ln:16   
    610) Area:3 Z=54  XE-134    bl:38    ln:47   
    611) Area:3 Z=54  XE-135    bl:20    ln:24   
    612) Area:3 Z=54  XE-136    bl:31    ln:40   
    613) Area:3 Z=54  XE-137    bl:1     ln:2    
    614) Area:3 Z=54  XE-138    bl:1     ln:2    
    615) Area:3 Z=55  CS-125    bl:1     ln:2    
    616) Area:3 Z=55  CS-126    bl:1     ln:2    
    617) Area:3 Z=55  CS-127    bl:1     ln:2    
    618) Area:3 Z=55  CS-128    bl:1     ln:2    
    619) Area:3 Z=55  CS-129    bl:1     ln:2    
    620) Area:3 Z=55  CS-130    bl:1     ln:2    
    621) Area:3 Z=55  CS-131    bl:1     ln:2    
    622) Area:3 Z=55  CS-132    bl:1     ln:2    
    623) Area:3 Z=55  CS-133    bl:92    ln:193  
    624) Area:3 Z=55  CS-134    bl:20    ln:23   
    625) Area:3 Z=55  CS-135    bl:18    ln:21   
    626) Area:3 Z=55  CS-136    bl:12    ln:18   
    627) Area:3 Z=55  CS-137    bl:17    ln:22   
    628) Area:3 Z=55  CS-138    bl:1     ln:2    
    629) Area:3 Z=55  CS-139    bl:1     ln:2    
    630) Area:3 Z=55  CS-CMP    bl:2     ln:2    
    631) Area:3 Z=56  BA-0      bl:23    ln:50   
    632) Area:3 Z=56  BA-126    bl:1     ln:2    
    633) Area:3 Z=56  BA-127    bl:1     ln:2    
    634) Area:3 Z=56  BA-128    bl:1     ln:2    
    635) Area:3 Z=56  BA-129    bl:1     ln:2    
    636) Area:3 Z=56  BA-130    bl:14    ln:18   
    637) Area:3 Z=56  BA-131    bl:2     ln:4    
    638) Area:3 Z=56  BA-132    bl:25    ln:37   
    639) Area:3 Z=56  BA-133    bl:2     ln:4    
    640) Area:3 Z=56  BA-134    bl:43    ln:111  
    641) Area:3 Z=56  BA-135    bl:33    ln:67   
    642) Area:3 Z=56  BA-136    bl:55    ln:117  
    643) Area:3 Z=56  BA-137    bl:40    ln:81   
    644) Area:3 Z=56  BA-138    bl:82    ln:195  
    645) Area:3 Z=56  BA-139    bl:3     ln:4    
    646) Area:3 Z=56  BA-140    bl:11    ln:15   
    647) Area:3 Z=56  BA-141    bl:1     ln:2    
    648) Area:3 Z=56  BA-CMP    bl:1     ln:4    
    649) Area:3 Z=57  LA-129    bl:1     ln:2    
    650) Area:3 Z=57  LA-130    bl:1     ln:2    
    651) Area:3 Z=57  LA-131    bl:1     ln:2    
    652) Area:3 Z=57  LA-132    bl:1     ln:2    
    653) Area:3 Z=57  LA-134    bl:1     ln:2    
    654) Area:3 Z=57  LA-135    bl:1     ln:2    
    655) Area:3 Z=57  LA-136    bl:1     ln:2    
    656) Area:3 Z=57  LA-137    bl:2     ln:3    
    657) Area:3 Z=57  LA-138    bl:14    ln:16   
    658) Area:3 Z=57  LA-139    bl:98    ln:187  
    659) Area:3 Z=57  LA-140    bl:12    ln:16   
    660) Area:3 Z=57  LA-141    bl:2     ln:3    
    661) Area:3 Z=57  LA-142    bl:1     ln:2    
    662) Area:3 Z=57  LA-143    bl:1     ln:2    
    663) Area:3 Z=57  LA-CMP    bl:3     ln:3    
    664) Area:3 Z=58  CE-0      bl:22    ln:47   
    665) Area:3 Z=58  CE-131    bl:1     ln:2    
    666) Area:3 Z=58  CE-132    bl:1     ln:2    
    667) Area:3 Z=58  CE-134    bl:1     ln:2    
    668) Area:3 Z=58  CE-135    bl:1     ln:2    
    669) Area:3 Z=58  CE-136    bl:20    ln:28   
    670) Area:3 Z=58  CE-137    bl:1     ln:2    
    671) Area:3 Z=58  CE-138    bl:20    ln:29   
    672) Area:3 Z=58  CE-139    bl:2     ln:3    
    673) Area:3 Z=58  CE-140    bl:96    ln:171  
    674) Area:3 Z=58  CE-141    bl:20    ln:24   
    675) Area:3 Z=58  CE-142    bl:68    ln:97   
    676) Area:3 Z=58  CE-143    bl:12    ln:16   
    677) Area:3 Z=58  CE-144    bl:20    ln:24   
    678) Area:3 Z=58  CE-145    bl:1     ln:2    
    679) Area:3 Z=59  PR-137    bl:1     ln:2    
    680) Area:3 Z=59  PR-138    bl:1     ln:2    
    681) Area:3 Z=59  PR-139    bl:1     ln:2    
    682) Area:3 Z=59  PR-140    bl:1     ln:2    
    683) Area:3 Z=59  PR-141    bl:112   ln:247  
    684) Area:3 Z=59  PR-142    bl:14    ln:18   
    685) Area:3 Z=59  PR-143    bl:11    ln:15   
    686) Area:3 Z=59  PR-144    bl:1     ln:2    
    687) Area:3 Z=59  PR-145    bl:11    ln:15   
    688) Area:3 Z=59  PR-146    bl:1     ln:2    
    689) Area:3 Z=59  PR-147    bl:1     ln:2    
    690) Area:3 Z=60  ND-0      bl:12    ln:18   
    691) Area:3 Z=60  ND-139    bl:1     ln:2    
    692) Area:3 Z=60  ND-140    bl:1     ln:2    
    693) Area:3 Z=60  ND-141    bl:1     ln:2    
    694) Area:3 Z=60  ND-142    bl:57    ln:123  
    695) Area:3 Z=60  ND-143    bl:51    ln:110  
    696) Area:3 Z=60  ND-144    bl:44    ln:81   
    697) Area:3 Z=60  ND-145    bl:42    ln:69   
    698) Area:3 Z=60  ND-146    bl:51    ln:93   
    699) Area:3 Z=60  ND-147    bl:12    ln:16   
    700) Area:3 Z=60  ND-148    bl:57    ln:109  
    701) Area:3 Z=60  ND-149    bl:2     ln:3    
    702) Area:3 Z=60  ND-150    bl:49    ln:75   
    703) Area:3 Z=61  PM-141    bl:1     ln:2    
    704) Area:3 Z=61  PM-142    bl:1     ln:2    
    705) Area:3 Z=61  PM-143    bl:1     ln:2    
    706) Area:3 Z=61  PM-144    bl:1     ln:2    
    707) Area:3 Z=61  PM-145    bl:1     ln:2    
    708) Area:3 Z=61  PM-146    bl:2     ln:3    
    709) Area:3 Z=61  PM-147    bl:21    ln:25   
    710) Area:3 Z=61  PM-148    bl:19    ln:30   
    711) Area:3 Z=61  PM-148-M1 bl:1     ln:1    
    712) Area:3 Z=61  PM-149    bl:12    ln:16   
    713) Area:3 Z=61  PM-150    bl:3     ln:6    
    714) Area:3 Z=61  PM-151    bl:11    ln:15   
    715) Area:3 Z=61  PM-152    bl:1     ln:2    
    716) Area:3 Z=62  SM-0      bl:17    ln:25   
    717) Area:3 Z=62  SM-142    bl:1     ln:2    
    718) Area:3 Z=62  SM-143    bl:2     ln:3    
    719) Area:3 Z=62  SM-144    bl:44    ln:77   
    720) Area:3 Z=62  SM-145    bl:2     ln:4    
    721) Area:3 Z=62  SM-146    bl:5     ln:7    
    722) Area:3 Z=62  SM-147    bl:49    ln:102  
    723) Area:3 Z=62  SM-148    bl:42    ln:56   
    724) Area:3 Z=62  SM-149    bl:55    ln:99   
    725) Area:3 Z=62  SM-150    bl:50    ln:59   
    726) Area:3 Z=62  SM-151    bl:31    ln:36   
    727) Area:3 Z=62  SM-152    bl:73    ln:92   
    728) Area:3 Z=62  SM-153    bl:12    ln:16   
    729) Area:3 Z=62  SM-154    bl:66    ln:83   
    730) Area:3 Z=62  SM-155    bl:2     ln:3    
    731) Area:3 Z=62  SM-156    bl:12    ln:17   
    732) Area:3 Z=63  EU-0      bl:15    ln:28   
    733) Area:3 Z=63  EU-145    bl:1     ln:2    
    734) Area:3 Z=63  EU-146    bl:1     ln:2    
    735) Area:3 Z=63  EU-147    bl:1     ln:2    
    736) Area:3 Z=63  EU-148    bl:1     ln:2    
    737) Area:3 Z=63  EU-149    bl:1     ln:2    
    738) Area:3 Z=63  EU-150    bl:2     ln:3    
    739) Area:3 Z=63  EU-151    bl:73    ln:135  
    740) Area:3 Z=63  EU-152    bl:6     ln:9    
    741) Area:3 Z=63  EU-153    bl:80    ln:127  
    742) Area:3 Z=63  EU-154    bl:20    ln:24   
    743) Area:3 Z=63  EU-155    bl:20    ln:24   
    744) Area:3 Z=63  EU-156    bl:12    ln:17   
    745) Area:3 Z=63  EU-157    bl:11    ln:15   
    746) Area:3 Z=63  EU-159    bl:1     ln:2    
    747) Area:3 Z=64  GD-0      bl:24    ln:57   
    748) Area:3 Z=64  GD-146    bl:1     ln:2    
    749) Area:3 Z=64  GD-147    bl:1     ln:2    
    750) Area:3 Z=64  GD-148    bl:1     ln:1    
    751) Area:3 Z=64  GD-149    bl:1     ln:2    
    752) Area:3 Z=64  GD-150    bl:1     ln:2    
    753) Area:3 Z=64  GD-151    bl:1     ln:2    
    754) Area:3 Z=64  GD-152    bl:15    ln:19   
    755) Area:3 Z=64  GD-153    bl:2     ln:3    
    756) Area:3 Z=64  GD-154    bl:19    ln:23   
    757) Area:3 Z=64  GD-155    bl:38    ln:47   
    758) Area:3 Z=64  GD-156    bl:34    ln:44   
    759) Area:3 Z=64  GD-157    bl:45    ln:58   
    760) Area:3 Z=64  GD-158    bl:45    ln:68   
    761) Area:3 Z=64  GD-159    bl:13    ln:20   
    762) Area:3 Z=64  GD-160    bl:44    ln:75   
    763) Area:3 Z=64  GD-161    bl:2     ln:8    
    764) Area:3 Z=65  TB-148    bl:1     ln:2    
    765) Area:3 Z=65  TB-150    bl:1     ln:2    
    766) Area:3 Z=65  TB-151    bl:1     ln:2    
    767) Area:3 Z=65  TB-152    bl:1     ln:2    
    768) Area:3 Z=65  TB-153    bl:1     ln:2    
    769) Area:3 Z=65  TB-154    bl:1     ln:2    
    770) Area:3 Z=65  TB-155    bl:1     ln:2    
    771) Area:3 Z=65  TB-156    bl:1     ln:2    
    772) Area:3 Z=65  TB-157    bl:1     ln:2    
    773) Area:3 Z=65  TB-158    bl:12    ln:13   
    774) Area:3 Z=65  TB-159    bl:98    ln:188  
    775) Area:3 Z=65  TB-160    bl:11    ln:15   
    776) Area:3 Z=65  TB-161    bl:11    ln:15   
    777) Area:3 Z=65  TB-162    bl:1     ln:2    
    778) Area:3 Z=65  TB-163    bl:1     ln:2    
    779) Area:3 Z=66  DY-0      bl:17    ln:34   
    780) Area:3 Z=66  DY-150    bl:1     ln:2    
    781) Area:3 Z=66  DY-151    bl:1     ln:2    
    782) Area:3 Z=66  DY-152    bl:1     ln:2    
    783) Area:3 Z=66  DY-153    bl:1     ln:2    
    784) Area:3 Z=66  DY-154    bl:1     ln:2    
    785) Area:3 Z=66  DY-155    bl:1     ln:2    
    786) Area:3 Z=66  DY-156    bl:17    ln:21   
    787) Area:3 Z=66  DY-157    bl:1     ln:2    
    788) Area:3 Z=66  DY-158    bl:18    ln:23   
    789) Area:3 Z=66  DY-159    bl:1     ln:2    
    790) Area:3 Z=66  DY-160    bl:32    ln:72   
    791) Area:3 Z=66  DY-161    bl:31    ln:63   
    792) Area:3 Z=66  DY-162    bl:43    ln:72   
    793) Area:3 Z=66  DY-163    bl:38    ln:68   
    794) Area:3 Z=66  DY-164    bl:60    ln:107  
    795) Area:3 Z=66  DY-165    bl:7     ln:12   
    796) Area:3 Z=66  DY-166    bl:1     ln:2    
    797) Area:3 Z=67  HO-152    bl:1     ln:2    
    798) Area:3 Z=67  HO-153    bl:1     ln:2    
    799) Area:3 Z=67  HO-158    bl:1     ln:2    
    800) Area:3 Z=67  HO-159    bl:1     ln:2    
    801) Area:3 Z=67  HO-160    bl:1     ln:2    
    802) Area:3 Z=67  HO-161    bl:1     ln:2    
    803) Area:3 Z=67  HO-162    bl:1     ln:2    
    804) Area:3 Z=67  HO-163    bl:1     ln:2    
    805) Area:3 Z=67  HO-164    bl:1     ln:2    
    806) Area:3 Z=67  HO-165    bl:95    ln:202  
    807) Area:3 Z=67  HO-166    bl:3     ln:7    
    808) Area:3 Z=67  HO-167    bl:1     ln:2    
    809) Area:3 Z=67  HO-168    bl:1     ln:2    
    810) Area:3 Z=67  HO-169    bl:1     ln:2    
    811) Area:3 Z=68  ER-0      bl:15    ln:42   
    812) Area:3 Z=68  ER-161    bl:1     ln:2    
    813) Area:3 Z=68  ER-162    bl:21    ln:35   
    814) Area:3 Z=68  ER-163    bl:2     ln:3    
    815) Area:3 Z=68  ER-164    bl:16    ln:19   
    816) Area:3 Z=68  ER-165    bl:2     ln:3    
    817) Area:3 Z=68  ER-166    bl:35    ln:51   
    818) Area:3 Z=68  ER-167    bl:34    ln:48   
    819) Area:3 Z=68  ER-168    bl:41    ln:61   
    820) Area:3 Z=68  ER-169    bl:3     ln:4    
    821) Area:3 Z=68  ER-170    bl:43    ln:62   
    822) Area:3 Z=68  ER-171    bl:2     ln:3    
    823) Area:3 Z=68  ER-172    bl:1     ln:2    
    824) Area:3 Z=69  TM-161    bl:1     ln:2    
    825) Area:3 Z=69  TM-162    bl:1     ln:2    
    826) Area:3 Z=69  TM-163    bl:1     ln:2    
    827) Area:3 Z=69  TM-164    bl:1     ln:2    
    828) Area:3 Z=69  TM-165    bl:1     ln:2    
    829) Area:3 Z=69  TM-166    bl:1     ln:2    
    830) Area:3 Z=69  TM-167    bl:1     ln:2    
    831) Area:3 Z=69  TM-168    bl:5     ln:6    
    832) Area:3 Z=69  TM-169    bl:79    ln:161  
    833) Area:3 Z=69  TM-170    bl:9     ln:10   
    834) Area:3 Z=69  TM-171    bl:7     ln:8    
    835) Area:3 Z=69  TM-172    bl:1     ln:2    
    836) Area:3 Z=69  TM-173    bl:1     ln:2    
    837) Area:3 Z=69  TM-174    bl:1     ln:2    
    838) Area:3 Z=69  TM-175    bl:1     ln:2    
    839) Area:3 Z=70  YB-0      bl:12    ln:47   
    840) Area:3 Z=70  YB-165    bl:1     ln:2    
    841) Area:3 Z=70  YB-166    bl:2     ln:4    
    842) Area:3 Z=70  YB-167    bl:1     ln:2    
    843) Area:3 Z=70  YB-168    bl:24    ln:33   
    844) Area:3 Z=70  YB-169    bl:4     ln:6    
    845) Area:3 Z=70  YB-170    bl:22    ln:31   
    846) Area:3 Z=70  YB-171    bl:19    ln:27   
    847) Area:3 Z=70  YB-172    bl:21    ln:27   
    848) Area:3 Z=70  YB-173    bl:20    ln:28   
    849) Area:3 Z=70  YB-174    bl:36    ln:52   
    850) Area:3 Z=70  YB-175    bl:4     ln:6    
    851) Area:3 Z=70  YB-176    bl:42    ln:56   
    852) Area:3 Z=70  YB-177    bl:2     ln:3    
    853) Area:3 Z=70  YB-CMP    bl:1     ln:2    
    854) Area:3 Z=71  LU-0      bl:13    ln:45   
    855) Area:3 Z=71  LU-167    bl:1     ln:2    
    856) Area:3 Z=71  LU-168    bl:1     ln:2    
    857) Area:3 Z=71  LU-169    bl:1     ln:2    
    858) Area:3 Z=71  LU-170    bl:1     ln:2    
    859) Area:3 Z=71  LU-171    bl:1     ln:2    
    860) Area:3 Z=71  LU-172    bl:1     ln:2    
    861) Area:3 Z=71  LU-173    bl:1     ln:2    
    862) Area:3 Z=71  LU-174    bl:1     ln:2    
    863) Area:3 Z=71  LU-175    bl:51    ln:76   
    864) Area:3 Z=71  LU-176    bl:30    ln:46   
    865) Area:3 Z=71  LU-177    bl:1     ln:2    
    866) Area:3 Z=71  LU-178    bl:1     ln:2    
    867) Area:3 Z=71  LU-179    bl:1     ln:2    
    868) Area:3 Z=72  HF-0      bl:26    ln:35   
    869) Area:3 Z=72  HF-174    bl:23    ln:27   
    870) Area:3 Z=72  HF-175    bl:1     ln:2    
    871) Area:3 Z=72  HF-176    bl:38    ln:46   
    872) Area:3 Z=72  HF-177    bl:30    ln:35   
    873) Area:3 Z=72  HF-178    bl:46    ln:54   
    874) Area:3 Z=72  HF-179    bl:37    ln:60   
    875) Area:3 Z=72  HF-180    bl:58    ln:83   
    876) Area:3 Z=72  HF-181    bl:3     ln:4    
    877) Area:3 Z=72  HF-182    bl:1     ln:2    
    878) Area:3 Z=72  HF-198    bl:1     ln:1    
    879) Area:3 Z=73  TA-175    bl:1     ln:2    
    880) Area:3 Z=73  TA-177    bl:1     ln:2    
    881) Area:3 Z=73  TA-178    bl:1     ln:2    
    882) Area:3 Z=73  TA-179    bl:1     ln:2    
    883) Area:3 Z=73  TA-180    bl:13    ln:13   
    884) Area:3 Z=73  TA-181    bl:180   ln:332  
    885) Area:3 Z=73  TA-182    bl:5     ln:6    
    886) Area:3 Z=73  TA-183    bl:1     ln:2    
    887) Area:3 Z=73  TA-184    bl:1     ln:2    
    888) Area:3 Z=73  TA-185    bl:1     ln:2    
    889) Area:3 Z=74  W-0       bl:47    ln:92   
    890) Area:3 Z=74  W-179     bl:1     ln:2    
    891) Area:3 Z=74  W-180     bl:27    ln:30   
    892) Area:3 Z=74  W-181     bl:1     ln:2    
    893) Area:3 Z=74  W-182     bl:55    ln:70   
    894) Area:3 Z=74  W-183     bl:39    ln:45   
    895) Area:3 Z=74  W-184     bl:66    ln:85   
    896) Area:3 Z=74  W-185     bl:2     ln:3    
    897) Area:3 Z=74  W-186     bl:84    ln:116  
    898) Area:3 Z=74  W-187     bl:4     ln:5    
    899) Area:3 Z=74  W-188     bl:1     ln:2    
    900) Area:3 Z=75  RE-0      bl:7     ln:11   
    901) Area:3 Z=75  RE-180    bl:1     ln:1    
    902) Area:3 Z=75  RE-181    bl:1     ln:2    
    903) Area:3 Z=75  RE-182    bl:1     ln:2    
    904) Area:3 Z=75  RE-183    bl:1     ln:2    
    905) Area:3 Z=75  RE-184    bl:1     ln:2    
    906) Area:3 Z=75  RE-185    bl:30    ln:43   
    907) Area:3 Z=75  RE-186    bl:2     ln:3    
    908) Area:3 Z=75  RE-187    bl:47    ln:66   
    909) Area:3 Z=75  RE-188    bl:2     ln:3    
    910) Area:3 Z=75  RE-189    bl:1     ln:2    
    911) Area:3 Z=75  RE-190    bl:1     ln:2    
    912) Area:3 Z=75  RE-CMP    bl:1     ln:1    
    913) Area:3 Z=76  OS-0      bl:9     ln:13   
    914) Area:3 Z=76  OS-182    bl:1     ln:2    
    915) Area:3 Z=76  OS-183    bl:1     ln:2    
    916) Area:3 Z=76  OS-184    bl:14    ln:26   
    917) Area:3 Z=76  OS-185    bl:1     ln:2    
    918) Area:3 Z=76  OS-186    bl:18    ln:26   
    919) Area:3 Z=76  OS-187    bl:14    ln:17   
    920) Area:3 Z=76  OS-188    bl:19    ln:28   
    921) Area:3 Z=76  OS-189    bl:24    ln:32   
    922) Area:3 Z=76  OS-190    bl:37    ln:69   
    923) Area:3 Z=76  OS-191    bl:1     ln:2    
    924) Area:3 Z=76  OS-192    bl:36    ln:65   
    925) Area:3 Z=76  OS-193    bl:2     ln:3    
    926) Area:3 Z=76  OS-194    bl:1     ln:2    
    927) Area:3 Z=77  IR-0      bl:11    ln:16   
    928) Area:3 Z=77  IR-186    bl:1     ln:2    
    929) Area:3 Z=77  IR-187    bl:1     ln:2    
    930) Area:3 Z=77  IR-188    bl:1     ln:2    
    931) Area:3 Z=77  IR-189    bl:1     ln:2    
    932) Area:3 Z=77  IR-190    bl:1     ln:2    
    933) Area:3 Z=77  IR-191    bl:50    ln:76   
    934) Area:3 Z=77  IR-192    bl:3     ln:4    
    935) Area:3 Z=77  IR-193    bl:46    ln:71   
    936) Area:3 Z=77  IR-194    bl:2     ln:3    
    937) Area:3 Z=77  IR-195    bl:1     ln:2    
    938) Area:3 Z=77  IR-196    bl:1     ln:2    
    939) Area:3 Z=77  IR-197    bl:1     ln:2    
    940) Area:3 Z=78  PT-0      bl:12    ln:27   
    941) Area:3 Z=78  PT-188    bl:1     ln:2    
    942) Area:3 Z=78  PT-189    bl:1     ln:2    
    943) Area:3 Z=78  PT-190    bl:10    ln:13   
    944) Area:3 Z=78  PT-191    bl:1     ln:2    
    945) Area:3 Z=78  PT-192    bl:22    ln:25   
    946) Area:3 Z=78  PT-193    bl:1     ln:2    
    947) Area:3 Z=78  PT-194    bl:25    ln:29   
    948) Area:3 Z=78  PT-195    bl:28    ln:35   
    949) Area:3 Z=78  PT-196    bl:29    ln:38   
    950) Area:3 Z=78  PT-197    bl:2     ln:4    
    951) Area:3 Z=78  PT-198    bl:41    ln:69   
    952) Area:3 Z=78  PT-199    bl:3     ln:4    
    953) Area:3 Z=78  PT-200    bl:1     ln:2    
    954) Area:3 Z=78  PT-202    bl:1     ln:1    
    955) Area:3 Z=79  AU-190    bl:1     ln:2    
    956) Area:3 Z=79  AU-191    bl:1     ln:2    
    957) Area:3 Z=79  AU-192    bl:1     ln:2    
    958) Area:3 Z=79  AU-193    bl:1     ln:2    
    959) Area:3 Z=79  AU-194    bl:1     ln:2    
    960) Area:3 Z=79  AU-195    bl:1     ln:2    
    961) Area:3 Z=79  AU-196    bl:6     ln:10   
    962) Area:3 Z=79  AU-197    bl:226   ln:388  
    963) Area:3 Z=79  AU-198    bl:6     ln:7    
    964) Area:3 Z=79  AU-199    bl:1     ln:2    
    965) Area:3 Z=79  AU-200    bl:1     ln:2    
    966) Area:3 Z=79  AU-201    bl:1     ln:2    
    967) Area:3 Z=79  AU-202    bl:1     ln:2    
    968) Area:3 Z=80  HG-0      bl:22    ln:48   
    969) Area:3 Z=80  HG-192    bl:1     ln:2    
    970) Area:3 Z=80  HG-193    bl:1     ln:2    
    971) Area:3 Z=80  HG-194    bl:1     ln:2    
    972) Area:3 Z=80  HG-195    bl:1     ln:2    
    973) Area:3 Z=80  HG-196    bl:21    ln:25   
    974) Area:3 Z=80  HG-197    bl:1     ln:2    
    975) Area:3 Z=80  HG-198    bl:33    ln:41   
    976) Area:3 Z=80  HG-199    bl:27    ln:33   
    977) Area:3 Z=80  HG-200    bl:32    ln:35   
    978) Area:3 Z=80  HG-201    bl:22    ln:24   
    979) Area:3 Z=80  HG-202    bl:28    ln:32   
    980) Area:3 Z=80  HG-203    bl:2     ln:3    
    981) Area:3 Z=80  HG-204    bl:19    ln:24   
    982) Area:3 Z=81  TL-0      bl:19    ln:45   
    983) Area:3 Z=81  TL-194    bl:1     ln:2    
    984) Area:3 Z=81  TL-195    bl:1     ln:2    
    985) Area:3 Z=81  TL-196    bl:1     ln:2    
    986) Area:3 Z=81  TL-197    bl:1     ln:2    
    987) Area:3 Z=81  TL-198    bl:1     ln:2    
    988) Area:3 Z=81  TL-199    bl:1     ln:2    
    989) Area:3 Z=81  TL-200    bl:1     ln:2    
    990) Area:3 Z=81  TL-201    bl:1     ln:2    
    991) Area:3 Z=81  TL-202    bl:1     ln:2    
    992) Area:3 Z=81  TL-203    bl:52    ln:73   
    993) Area:3 Z=81  TL-204    bl:5     ln:5    
    994) Area:3 Z=81  TL-205    bl:30    ln:36   
    995) Area:3 Z=81  TL-206    bl:3     ln:3    
    996) Area:3 Z=82  PB-0      bl:111   ln:219  
    997) Area:3 Z=82  PB-196    bl:1     ln:2    
    998) Area:3 Z=82  PB-197    bl:1     ln:2    
    999) Area:3 Z=82  PB-198    bl:2     ln:4    
   1000) Area:3 Z=82  PB-199    bl:1     ln:2    
   1001) Area:3 Z=82  PB-200    bl:1     ln:2    
   1002) Area:3 Z=82  PB-201    bl:1     ln:2    
   1003) Area:3 Z=82  PB-202    bl:1     ln:2    
   1004) Area:3 Z=82  PB-203    bl:2     ln:3    
   1005) Area:3 Z=82  PB-204    bl:57    ln:91   
   1006) Area:3 Z=82  PB-205    bl:1     ln:1    
   1007) Area:3 Z=82  PB-206    bl:55    ln:72   
   1008) Area:3 Z=82  PB-207    bl:58    ln:75   
   1009) Area:3 Z=82  PB-208    bl:130   ln:190  
   1010) Area:3 Z=82  PB-209    bl:2     ln:2    
   1011) Area:3 Z=82  PB-213    bl:1     ln:1    
   1012) Area:3 Z=82  PB-220    bl:1     ln:1    
   1013) Area:3 Z=82  PB-CMP    bl:3     ln:3    
   1014) Area:3 Z=83  BI-208    bl:1     ln:1    
   1015) Area:3 Z=83  BI-209    bl:204   ln:401  
   1016) Area:3 Z=83  BI-210    bl:3     ln:3    
   1017) Area:3 Z=83  BI-CMP    bl:3     ln:3    
   1018) Area:3 Z=84  PO-194    bl:1     ln:1    
   1019) Area:3 Z=84  PO-196    bl:1     ln:1    
   1020) Area:3 Z=84  PO-198    bl:1     ln:1    
   1021) Area:3 Z=84  PO-200    bl:1     ln:1    
   1022) Area:3 Z=84  PO-202    bl:1     ln:1    
   1023) Area:3 Z=84  PO-204    bl:1     ln:1    
   1024) Area:3 Z=84  PO-206    bl:1     ln:1    
   1025) Area:3 Z=84  PO-208    bl:1     ln:1    
   1026) Area:3 Z=84  PO-210    bl:3     ln:3    
   1027) Area:3 Z=84  PO-211    bl:1     ln:1    
   1028) Area:3 Z=84  PO-212    bl:1     ln:1    
   1029) Area:3 Z=84  PO-214    bl:1     ln:1    
   1030) Area:3 Z=84  PO-216    bl:1     ln:1    
   1031) Area:3 Z=84  PO-218    bl:1     ln:1    
   1032) Area:3 Z=85  AT-210    bl:1     ln:1    
   1033) Area:3 Z=85  AT-213    bl:1     ln:3    
   1034) Area:3 Z=86  RN-220    bl:1     ln:1    
   1035) Area:3 Z=86  RN-222    bl:1     ln:1    
   1036) Area:3 Z=87  FR-217    bl:1     ln:1    
   1037) Area:3 Z=88  RA-220    bl:1     ln:1    
   1038) Area:3 Z=88  RA-222    bl:1     ln:1    
   1039) Area:3 Z=88  RA-223    bl:2     ln:5    
   1040) Area:3 Z=88  RA-224    bl:2     ln:2    
   1041) Area:3 Z=88  RA-226    bl:7     ln:9    
   1042) Area:3 Z=88  RA-228    bl:1     ln:1    
   1043) Area:3 Z=89  AC-227    bl:8     ln:10   
   1044) Area:3 Z=89  AC-240    bl:1     ln:1    
   1045) Area:3 Z=90  TH-224    bl:1     ln:1    
   1046) Area:3 Z=90  TH-226    bl:1     ln:1    
   1047) Area:3 Z=90  TH-227    bl:4     ln:4    
   1048) Area:3 Z=90  TH-228    bl:6     ln:6    
   1049) Area:3 Z=90  TH-229    bl:37    ln:51   
   1050) Area:3 Z=90  TH-230    bl:19    ln:37   
   1051) Area:3 Z=90  TH-231    bl:15    ln:16   
   1052) Area:3 Z=90  TH-232    bl:323   ln:559  
   1053) Area:3 Z=90  TH-233    bl:25    ln:27   
   1054) Area:3 Z=90  TH-234    bl:2     ln:2    
   1055) Area:3 Z=91  PA-230    bl:4     ln:4    
   1056) Area:3 Z=91  PA-231    bl:54    ln:75   
   1057) Area:3 Z=91  PA-232    bl:20    ln:20   
   1058) Area:3 Z=91  PA-233    bl:47    ln:71   
   1059) Area:3 Z=91  PA-234    bl:1     ln:1    
   1060) Area:3 Z=92  U-0       bl:38    ln:68   
   1061) Area:3 Z=92  U-226     bl:1     ln:1    
   1062) Area:3 Z=92  U-228     bl:1     ln:1    
   1063) Area:3 Z=92  U-230     bl:3     ln:4    
   1064) Area:3 Z=92  U-231     bl:9     ln:9    
   1065) Area:3 Z=92  U-232     bl:63    ln:88   
   1066) Area:3 Z=92  U-233     bl:295   ln:510  
   1067) Area:3 Z=92  U-234     bl:83    ln:95   
   1068) Area:3 Z=92  U-235     bl:738   ln:1458 
   1069) Area:3 Z=92  U-236     bl:83    ln:100  
   1070) Area:3 Z=92  U-237     bl:38    ln:39   
   1071) Area:3 Z=92  U-238     bl:481   ln:859  
   1072) Area:3 Z=92  U-239     bl:19    ln:19   
   1073) Area:3 Z=92  U-240     bl:18    ln:18   
   1074) Area:3 Z=92  U-241     bl:6     ln:6    
   1075) Area:3 Z=92  U-242     bl:6     ln:6    
   1076) Area:3 Z=92  U-243     bl:6     ln:6    
   1077) Area:3 Z=92  U-244     bl:6     ln:6    
   1078) Area:3 Z=92  U-245     bl:6     ln:6    
   1079) Area:3 Z=92  U-246     bl:1     ln:1    
   1080) Area:3 Z=92  U-CMP     bl:3     ln:9    
   1081) Area:3 Z=92  U-OXI     bl:10    ln:24   
   1082) Area:3 Z=93  NP-234    bl:2     ln:2    
   1083) Area:3 Z=93  NP-235    bl:1     ln:1    
   1084) Area:3 Z=93  NP-236    bl:7     ln:9    
   1085) Area:3 Z=93  NP-237    bl:137   ln:243  
   1086) Area:3 Z=93  NP-238    bl:12    ln:12   
   1087) Area:3 Z=93  NP-239    bl:2     ln:2    
   1088) Area:3 Z=94  PU-232    bl:1     ln:1    
   1089) Area:3 Z=94  PU-234    bl:1     ln:1    
   1090) Area:3 Z=94  PU-235    bl:1     ln:2    
   1091) Area:3 Z=94  PU-236    bl:23    ln:26   
   1092) Area:3 Z=94  PU-237    bl:10    ln:11   
   1093) Area:3 Z=94  PU-238    bl:80    ln:99   
   1094) Area:3 Z=94  PU-239    bl:452   ln:783  
   1095) Area:3 Z=94  PU-240    bl:190   ln:309  
   1096) Area:3 Z=94  PU-241    bl:206   ln:375  
   1097) Area:3 Z=94  PU-242    bl:137   ln:208  
   1098) Area:3 Z=94  PU-243    bl:18    ln:19   
   1099) Area:3 Z=94  PU-244    bl:17    ln:22   
   1100) Area:3 Z=94  PU-245    bl:8     ln:8    
   1101) Area:3 Z=94  PU-CMP    bl:2     ln:2    
   1102) Area:3 Z=95  AM-240    bl:1     ln:1    
   1103) Area:3 Z=95  AM-241    bl:76    ln:114  
   1104) Area:3 Z=95  AM-242    bl:43    ln:54   
   1105) Area:3 Z=95  AM-243    bl:38    ln:52   
   1106) Area:3 Z=95  AM-244    bl:4     ln:4    
   1107) Area:3 Z=96  CM-238    bl:1     ln:1    
   1108) Area:3 Z=96  CM-240    bl:1     ln:1    
   1109) Area:3 Z=96  CM-241    bl:1     ln:2    
   1110) Area:3 Z=96  CM-242    bl:21    ln:29   
   1111) Area:3 Z=96  CM-243    bl:33    ln:40   
   1112) Area:3 Z=96  CM-244    bl:59    ln:92   
   1113) Area:3 Z=96  CM-245    bl:57    ln:84   
   1114) Area:3 Z=96  CM-246    bl:34    ln:48   
   1115) Area:3 Z=96  CM-247    bl:24    ln:31   
   1116) Area:3 Z=96  CM-248    bl:24    ln:35   
   1117) Area:3 Z=96  CM-249    bl:2     ln:3    
   1118) Area:3 Z=96  CM-250    bl:3     ln:4    
   1119) Area:3 Z=97  BK-246    bl:1     ln:1    
   1120) Area:3 Z=97  BK-247    bl:1     ln:3    
   1121) Area:3 Z=97  BK-248    bl:3     ln:4    
   1122) Area:3 Z=97  BK-249    bl:18    ln:23   
   1123) Area:3 Z=97  BK-250    bl:2     ln:2    
   1124) Area:3 Z=98  CF-240    bl:1     ln:1    
   1125) Area:3 Z=98  CF-242    bl:1     ln:1    
   1126) Area:3 Z=98  CF-244    bl:1     ln:1    
   1127) Area:3 Z=98  CF-245    bl:2     ln:3    
   1128) Area:3 Z=98  CF-246    bl:2     ln:4    
   1129) Area:3 Z=98  CF-248    bl:3     ln:4    
   1130) Area:3 Z=98  CF-249    bl:36    ln:47   
   1131) Area:3 Z=98  CF-250    bl:19    ln:24   
   1132) Area:3 Z=98  CF-251    bl:20    ln:24   
   1133) Area:3 Z=98  CF-252    bl:273   ln:591  
   1134) Area:3 Z=98  CF-253    bl:15    ln:16   
   1135) Area:3 Z=98  CF-254    bl:15    ln:18   
   1136) Area:3 Z=98  CF-256    bl:3     ln:3    
   1137) Area:3 Z=99  ES-252    bl:1     ln:1    
   1138) Area:3 Z=99  ES-253    bl:14    ln:14   
   1139) Area:3 Z=99  ES-254    bl:11    ln:12   
   1140) Area:3 Z=99  ES-255    bl:3     ln:3    
   1141) Area:3 Z=99  ES-256    bl:1     ln:1    
   1142) Area:3 Z=100 FM-246    bl:3     ln:3    
   1143) Area:3 Z=100 FM-248    bl:3     ln:3    
   1144) Area:3 Z=100 FM-250    bl:1     ln:1    
   1145) Area:3 Z=100 FM-252    bl:1     ln:1    
   1146) Area:3 Z=100 FM-253    bl:4     ln:5    
   1147) Area:3 Z=100 FM-254    bl:10    ln:16   
   1148) Area:3 Z=100 FM-255    bl:13    ln:14   
   1149) Area:3 Z=100 FM-256    bl:13    ln:16   
   1150) Area:3 Z=100 FM-257    bl:15    ln:18   
   1151) Area:3 Z=100 FM-258    bl:4     ln:6    
   1152) Area:3 Z=100 FM-259    bl:3     ln:3    
   1153) Area:3 Z=101 MD-259    bl:3     ln:3    
   1154) Area:3 Z=101 MD-260    bl:2     ln:2    
   1155) Area:3 Z=102 NO-252    bl:3     ln:3    
   1156) Area:3 Z=102 NO-254    bl:1     ln:1    
   1157) Area:3 Z=102 NO-256    bl:1     ln:1    
   1158) Area:3 Z=102 NO-258    bl:2     ln:2    
   1159) Area:3 Z=104 RF-260    bl:3     ln:4    
   1160) Area:3 Z=105 DB-262    bl:3     ln:3    
   1161) Area:3 Z=999 FPROD     bl:9     ln:13   
   1162) Area:3 Z=999 MANY      bl:479   ln:679  
