CINDA BACKUP   BCK00420140625  61486  28750
      1) Area:4 Z=0   NN-1      bl:2     ln:2    
      2) Area:4 Z=1   H-1       bl:58    ln:112  
      3) Area:4 Z=1   H-2       bl:93    ln:168  
      4) Area:4 Z=1   H-3       bl:23    ln:40   
      5) Area:4 Z=1   H-BNZ     bl:7     ln:22   
      6) Area:4 Z=1   H-CMP     bl:4     ln:7    
      7) Area:4 Z=1   H-CXX     bl:8     ln:22   
      8) Area:4 Z=1   H-D2O     bl:5     ln:10   
      9) Area:4 Z=1   H-DXX     bl:1     ln:1    
     10) Area:4 Z=1   H-MTH     bl:2     ln:3    
     11) Area:4 Z=1   H-PHL     bl:3     ln:9    
     12) Area:4 Z=1   H-PLE     bl:6     ln:11   
     13) Area:4 Z=1   H-TXX     bl:2     ln:2    
     14) Area:4 Z=1   H-WTR     bl:28    ln:53   
     15) Area:4 Z=2   HE-3      bl:49    ln:94   
     16) Area:4 Z=2   HE-4      bl:41    ln:65   
     17) Area:4 Z=3   LI-0      bl:18    ln:34   
     18) Area:4 Z=3   LI-6      bl:78    ln:149  
     19) Area:4 Z=3   LI-7      bl:69    ln:160  
     20) Area:4 Z=3   LI-CMP    bl:1     ln:2    
     21) Area:4 Z=4   BE-7      bl:5     ln:5    
     22) Area:4 Z=4   BE-9      bl:91    ln:187  
     23) Area:4 Z=4   BE-CMP    bl:1     ln:2    
     24) Area:4 Z=4   BE-OXI    bl:6     ln:11   
     25) Area:4 Z=5   B-0       bl:38    ln:78   
     26) Area:4 Z=5   B-10      bl:33    ln:68   
     27) Area:4 Z=5   B-11      bl:26    ln:39   
     28) Area:4 Z=5   B-9       bl:1     ln:2    
     29) Area:4 Z=5   B-CMP     bl:2     ln:5    
     30) Area:4 Z=6   C-0       bl:1     ln:3    
     31) Area:4 Z=6   C-12      bl:170   ln:346  
     32) Area:4 Z=6   C-13      bl:8     ln:10   
     33) Area:4 Z=6   C-14      bl:1     ln:2    
     34) Area:4 Z=6   C-CMP     bl:1     ln:2    
     35) Area:4 Z=7   N-14      bl:70    ln:137  
     36) Area:4 Z=7   N-15      bl:22    ln:23   
     37) Area:4 Z=7   N-AIR     bl:6     ln:12   
     38) Area:4 Z=7   N-AMM     bl:3     ln:5    
     39) Area:4 Z=8   O-0       bl:3     ln:11   
     40) Area:4 Z=8   O-15      bl:3     ln:4    
     41) Area:4 Z=8   O-16      bl:95    ln:182  
     42) Area:4 Z=8   O-17      bl:10    ln:15   
     43) Area:4 Z=8   O-18      bl:6     ln:8    
     44) Area:4 Z=9   F-19      bl:53    ln:126  
     45) Area:4 Z=10  NE-0      bl:4     ln:5    
     46) Area:4 Z=10  NE-20     bl:6     ln:9    
     47) Area:4 Z=10  NE-21     bl:4     ln:9    
     48) Area:4 Z=10  NE-22     bl:2     ln:2    
     49) Area:4 Z=11  NA-22     bl:6     ln:13   
     50) Area:4 Z=11  NA-23     bl:118   ln:262  
     51) Area:4 Z=11  NA-24     bl:1     ln:2    
     52) Area:4 Z=11  NA-CMP    bl:1     ln:1    
     53) Area:4 Z=12  MG-0      bl:79    ln:205  
     54) Area:4 Z=12  MG-24     bl:52    ln:95   
     55) Area:4 Z=12  MG-25     bl:18    ln:30   
     56) Area:4 Z=12  MG-26     bl:16    ln:22   
     57) Area:4 Z=12  MG-27     bl:4     ln:7    
     58) Area:4 Z=12  MG-CMP    bl:1     ln:1    
     59) Area:4 Z=13  AL-26     bl:1     ln:1    
     60) Area:4 Z=13  AL-27     bl:272   ln:642  
     61) Area:4 Z=13  AL-28     bl:5     ln:10   
     62) Area:4 Z=13  AL-CMP    bl:3     ln:4    
     63) Area:4 Z=14  SI-0      bl:74    ln:154  
     64) Area:4 Z=14  SI-28     bl:73    ln:130  
     65) Area:4 Z=14  SI-29     bl:16    ln:28   
     66) Area:4 Z=14  SI-30     bl:17    ln:31   
     67) Area:4 Z=14  SI-31     bl:1     ln:3    
     68) Area:4 Z=14  SI-OXI    bl:2     ln:3    
     69) Area:4 Z=15  P-31      bl:72    ln:166  
     70) Area:4 Z=15  P-32      bl:1     ln:1    
     71) Area:4 Z=16  S-0       bl:65    ln:132  
     72) Area:4 Z=16  S-32      bl:57    ln:114  
     73) Area:4 Z=16  S-33      bl:9     ln:10   
     74) Area:4 Z=16  S-34      bl:13    ln:21   
     75) Area:4 Z=16  S-35      bl:2     ln:5    
     76) Area:4 Z=16  S-36      bl:2     ln:3    
     77) Area:4 Z=17  CL-0      bl:45    ln:87   
     78) Area:4 Z=17  CL-35     bl:53    ln:107  
     79) Area:4 Z=17  CL-36     bl:11    ln:17   
     80) Area:4 Z=17  CL-37     bl:20    ln:35   
     81) Area:4 Z=17  CL-38     bl:1     ln:2    
     82) Area:4 Z=18  AR-0      bl:11    ln:17   
     83) Area:4 Z=18  AR-36     bl:11    ln:17   
     84) Area:4 Z=18  AR-37     bl:1     ln:1    
     85) Area:4 Z=18  AR-38     bl:4     ln:5    
     86) Area:4 Z=18  AR-39     bl:1     ln:3    
     87) Area:4 Z=18  AR-40     bl:15    ln:18   
     88) Area:4 Z=18  AR-41     bl:1     ln:2    
     89) Area:4 Z=19  K-0       bl:37    ln:75   
     90) Area:4 Z=19  K-39      bl:39    ln:72   
     91) Area:4 Z=19  K-40      bl:6     ln:9    
     92) Area:4 Z=19  K-41      bl:25    ln:57   
     93) Area:4 Z=19  K-42      bl:1     ln:2    
     94) Area:4 Z=19  K-CMP     bl:1     ln:3    
     95) Area:4 Z=20  CA-0      bl:50    ln:82   
     96) Area:4 Z=20  CA-36     bl:1     ln:2    
     97) Area:4 Z=20  CA-38     bl:1     ln:2    
     98) Area:4 Z=20  CA-40     bl:52    ln:72   
     99) Area:4 Z=20  CA-41     bl:6     ln:8    
    100) Area:4 Z=20  CA-42     bl:18    ln:37   
    101) Area:4 Z=20  CA-43     bl:9     ln:12   
    102) Area:4 Z=20  CA-44     bl:31    ln:57   
    103) Area:4 Z=20  CA-45     bl:3     ln:5    
    104) Area:4 Z=20  CA-46     bl:8     ln:9    
    105) Area:4 Z=20  CA-48     bl:12    ln:17   
    106) Area:4 Z=20  CA-49     bl:1     ln:2    
    107) Area:4 Z=21  SC-45     bl:57    ln:111  
    108) Area:4 Z=21  SC-46     bl:7     ln:20   
    109) Area:4 Z=22  TI-0      bl:114   ln:291  
    110) Area:4 Z=22  TI-44     bl:2     ln:3    
    111) Area:4 Z=22  TI-46     bl:51    ln:106  
    112) Area:4 Z=22  TI-47     bl:32    ln:63   
    113) Area:4 Z=22  TI-48     bl:89    ln:179  
    114) Area:4 Z=22  TI-49     bl:25    ln:49   
    115) Area:4 Z=22  TI-50     bl:34    ln:63   
    116) Area:4 Z=22  TI-51     bl:2     ln:3    
    117) Area:4 Z=23  V-0       bl:4     ln:13   
    118) Area:4 Z=23  V-48      bl:1     ln:1    
    119) Area:4 Z=23  V-49      bl:2     ln:2    
    120) Area:4 Z=23  V-50      bl:31    ln:56   
    121) Area:4 Z=23  V-51      bl:124   ln:268  
    122) Area:4 Z=23  V-52      bl:3     ln:7    
    123) Area:4 Z=23  V-CMP     bl:1     ln:2    
    124) Area:4 Z=24  CR-0      bl:141   ln:354  
    125) Area:4 Z=24  CR-48     bl:2     ln:3    
    126) Area:4 Z=24  CR-50     bl:78    ln:175  
    127) Area:4 Z=24  CR-51     bl:4     ln:6    
    128) Area:4 Z=24  CR-52     bl:146   ln:293  
    129) Area:4 Z=24  CR-53     bl:51    ln:96   
    130) Area:4 Z=24  CR-54     bl:57    ln:124  
    131) Area:4 Z=24  CR-55     bl:3     ln:5    
    132) Area:4 Z=24  CR-59     bl:1     ln:1    
    133) Area:4 Z=25  MN-52     bl:1     ln:1    
    134) Area:4 Z=25  MN-53     bl:1     ln:1    
    135) Area:4 Z=25  MN-54     bl:6     ln:8    
    136) Area:4 Z=25  MN-55     bl:145   ln:307  
    137) Area:4 Z=25  MN-56     bl:7     ln:14   
    138) Area:4 Z=25  MN-CMP    bl:2     ln:4    
    139) Area:4 Z=26  FE-0      bl:302   ln:721  
    140) Area:4 Z=26  FE-52     bl:1     ln:1    
    141) Area:4 Z=26  FE-54     bl:154   ln:327  
    142) Area:4 Z=26  FE-55     bl:8     ln:10   
    143) Area:4 Z=26  FE-56     bl:291   ln:560  
    144) Area:4 Z=26  FE-57     bl:52    ln:91   
    145) Area:4 Z=26  FE-58     bl:58    ln:101  
    146) Area:4 Z=26  FE-59     bl:3     ln:4    
    147) Area:4 Z=26  FE-CMP    bl:13    ln:23   
    148) Area:4 Z=27  CO-55     bl:1     ln:1    
    149) Area:4 Z=27  CO-56     bl:1     ln:1    
    150) Area:4 Z=27  CO-57     bl:2     ln:3    
    151) Area:4 Z=27  CO-58     bl:9     ln:21   
    152) Area:4 Z=27  CO-59     bl:218   ln:504  
    153) Area:4 Z=27  CO-60     bl:7     ln:18   
    154) Area:4 Z=28  NI-0      bl:181   ln:427  
    155) Area:4 Z=28  NI-56     bl:6     ln:9    
    156) Area:4 Z=28  NI-57     bl:1     ln:1    
    157) Area:4 Z=28  NI-58     bl:231   ln:483  
    158) Area:4 Z=28  NI-59     bl:12    ln:14   
    159) Area:4 Z=28  NI-60     bl:162   ln:310  
    160) Area:4 Z=28  NI-61     bl:38    ln:67   
    161) Area:4 Z=28  NI-62     bl:108   ln:215  
    162) Area:4 Z=28  NI-63     bl:4     ln:5    
    163) Area:4 Z=28  NI-64     bl:79    ln:140  
    164) Area:4 Z=28  NI-65     bl:3     ln:5    
    165) Area:4 Z=28  NI-68     bl:1     ln:1    
    166) Area:4 Z=28  NI-CMP    bl:2     ln:4    
    167) Area:4 Z=29  CU-0      bl:220   ln:562  
    168) Area:4 Z=29  CU-63     bl:92    ln:196  
    169) Area:4 Z=29  CU-64     bl:6     ln:11   
    170) Area:4 Z=29  CU-65     bl:70    ln:153  
    171) Area:4 Z=29  CU-66     bl:1     ln:2    
    172) Area:4 Z=29  CU-67     bl:1     ln:1    
    173) Area:4 Z=29  CU-CMP    bl:1     ln:1    
    174) Area:4 Z=30  ZN-0      bl:117   ln:296  
    175) Area:4 Z=30  ZN-63     bl:1     ln:1    
    176) Area:4 Z=30  ZN-64     bl:87    ln:202  
    177) Area:4 Z=30  ZN-65     bl:9     ln:12   
    178) Area:4 Z=30  ZN-66     bl:64    ln:145  
    179) Area:4 Z=30  ZN-67     bl:42    ln:87   
    180) Area:4 Z=30  ZN-68     bl:67    ln:147  
    181) Area:4 Z=30  ZN-69     bl:3     ln:6    
    182) Area:4 Z=30  ZN-70     bl:18    ln:33   
    183) Area:4 Z=30  ZN-71     bl:1     ln:2    
    184) Area:4 Z=31  GA-0      bl:22    ln:51   
    185) Area:4 Z=31  GA-67     bl:1     ln:1    
    186) Area:4 Z=31  GA-69     bl:38    ln:105  
    187) Area:4 Z=31  GA-70     bl:1     ln:2    
    188) Area:4 Z=31  GA-71     bl:31    ln:89   
    189) Area:4 Z=31  GA-72     bl:2     ln:3    
    190) Area:4 Z=32  GE-0      bl:39    ln:77   
    191) Area:4 Z=32  GE-68     bl:1     ln:2    
    192) Area:4 Z=32  GE-69     bl:1     ln:1    
    193) Area:4 Z=32  GE-70     bl:69    ln:135  
    194) Area:4 Z=32  GE-71     bl:5     ln:6    
    195) Area:4 Z=32  GE-72     bl:64    ln:126  
    196) Area:4 Z=32  GE-73     bl:30    ln:68   
    197) Area:4 Z=32  GE-74     bl:67    ln:140  
    198) Area:4 Z=32  GE-75     bl:2     ln:3    
    199) Area:4 Z=32  GE-76     bl:48    ln:95   
    200) Area:4 Z=32  GE-77     bl:2     ln:3    
    201) Area:4 Z=32  GE-78     bl:1     ln:1    
    202) Area:4 Z=33  AS-71     bl:2     ln:2    
    203) Area:4 Z=33  AS-72     bl:1     ln:1    
    204) Area:4 Z=33  AS-73     bl:1     ln:1    
    205) Area:4 Z=33  AS-74     bl:1     ln:1    
    206) Area:4 Z=33  AS-75     bl:47    ln:107  
    207) Area:4 Z=33  AS-76     bl:2     ln:3    
    208) Area:4 Z=33  AS-77     bl:2     ln:2    
    209) Area:4 Z=34  SE-0      bl:49    ln:110  
    210) Area:4 Z=34  SE-72     bl:2     ln:3    
    211) Area:4 Z=34  SE-73     bl:1     ln:3    
    212) Area:4 Z=34  SE-74     bl:45    ln:92   
    213) Area:4 Z=34  SE-75     bl:3     ln:5    
    214) Area:4 Z=34  SE-76     bl:79    ln:175  
    215) Area:4 Z=34  SE-77     bl:34    ln:82   
    216) Area:4 Z=34  SE-78     bl:90    ln:202  
    217) Area:4 Z=34  SE-79     bl:8     ln:12   
    218) Area:4 Z=34  SE-80     bl:107   ln:252  
    219) Area:4 Z=34  SE-81     bl:3     ln:4    
    220) Area:4 Z=34  SE-82     bl:69    ln:146  
    221) Area:4 Z=34  SE-83     bl:2     ln:3    
    222) Area:4 Z=34  SE-84     bl:1     ln:1    
    223) Area:4 Z=35  BR-0      bl:26    ln:60   
    224) Area:4 Z=35  BR-76     bl:1     ln:1    
    225) Area:4 Z=35  BR-79     bl:34    ln:77   
    226) Area:4 Z=35  BR-80     bl:2     ln:3    
    227) Area:4 Z=35  BR-81     bl:37    ln:72   
    228) Area:4 Z=35  BR-82     bl:2     ln:3    
    229) Area:4 Z=35  BR-83     bl:1     ln:1    
    230) Area:4 Z=35  BR-85     bl:1     ln:1    
    231) Area:4 Z=35  BR-87     bl:1     ln:1    
    232) Area:4 Z=36  KR-0      bl:6     ln:11   
    233) Area:4 Z=36  KR-78     bl:7     ln:10   
    234) Area:4 Z=36  KR-79     bl:3     ln:4    
    235) Area:4 Z=36  KR-80     bl:9     ln:17   
    236) Area:4 Z=36  KR-81     bl:3     ln:4    
    237) Area:4 Z=36  KR-82     bl:10    ln:16   
    238) Area:4 Z=36  KR-83     bl:8     ln:13   
    239) Area:4 Z=36  KR-84     bl:14    ln:21   
    240) Area:4 Z=36  KR-85     bl:7     ln:12   
    241) Area:4 Z=36  KR-86     bl:10    ln:16   
    242) Area:4 Z=36  KR-88     bl:1     ln:1    
    243) Area:4 Z=37  RB-0      bl:15    ln:38   
    244) Area:4 Z=37  RB-81     bl:1     ln:1    
    245) Area:4 Z=37  RB-83     bl:1     ln:1    
    246) Area:4 Z=37  RB-84     bl:1     ln:1    
    247) Area:4 Z=37  RB-85     bl:43    ln:88   
    248) Area:4 Z=37  RB-86     bl:5     ln:8    
    249) Area:4 Z=37  RB-87     bl:34    ln:79   
    250) Area:4 Z=37  RB-88     bl:2     ln:4    
    251) Area:4 Z=37  RB-89     bl:1     ln:1    
    252) Area:4 Z=38  SR-0      bl:30    ln:67   
    253) Area:4 Z=38  SR-82     bl:2     ln:3    
    254) Area:4 Z=38  SR-83     bl:2     ln:2    
    255) Area:4 Z=38  SR-84     bl:32    ln:56   
    256) Area:4 Z=38  SR-85     bl:5     ln:8    
    257) Area:4 Z=38  SR-86     bl:44    ln:79   
    258) Area:4 Z=38  SR-87     bl:39    ln:71   
    259) Area:4 Z=38  SR-88     bl:60    ln:104  
    260) Area:4 Z=38  SR-89     bl:5     ln:6    
    261) Area:4 Z=38  SR-90     bl:19    ln:32   
    262) Area:4 Z=38  SR-92     bl:1     ln:1    
    263) Area:4 Z=38  SR-94     bl:1     ln:1    
    264) Area:4 Z=38  SR-96     bl:1     ln:1    
    265) Area:4 Z=39  Y-87      bl:2     ln:2    
    266) Area:4 Z=39  Y-88      bl:5     ln:7    
    267) Area:4 Z=39  Y-89      bl:126   ln:276  
    268) Area:4 Z=39  Y-90      bl:3     ln:4    
    269) Area:4 Z=39  Y-91      bl:2     ln:2    
    270) Area:4 Z=39  Y-93      bl:1     ln:1    
    271) Area:4 Z=40  ZR-0      bl:135   ln:334  
    272) Area:4 Z=40  ZR-88     bl:3     ln:6    
    273) Area:4 Z=40  ZR-89     bl:2     ln:2    
    274) Area:4 Z=40  ZR-90     bl:119   ln:251  
    275) Area:4 Z=40  ZR-91     bl:62    ln:133  
    276) Area:4 Z=40  ZR-92     bl:79    ln:154  
    277) Area:4 Z=40  ZR-93     bl:13    ln:20   
    278) Area:4 Z=40  ZR-94     bl:80    ln:163  
    279) Area:4 Z=40  ZR-95     bl:5     ln:6    
    280) Area:4 Z=40  ZR-96     bl:54    ln:91   
    281) Area:4 Z=40  ZR-97     bl:3     ln:4    
    282) Area:4 Z=40  ZR-98     bl:1     ln:1    
    283) Area:4 Z=40  ZR-HYD    bl:11    ln:15   
    284) Area:4 Z=41  NB-91     bl:3     ln:5    
    285) Area:4 Z=41  NB-92     bl:4     ln:4    
    286) Area:4 Z=41  NB-93     bl:276   ln:685  
    287) Area:4 Z=41  NB-94     bl:8     ln:10   
    288) Area:4 Z=41  NB-95     bl:5     ln:5    
    289) Area:4 Z=41  NB-97     bl:2     ln:2    
    290) Area:4 Z=42  MO-0      bl:141   ln:338  
    291) Area:4 Z=42  MO-100    bl:85    ln:167  
    292) Area:4 Z=42  MO-101    bl:2     ln:3    
    293) Area:4 Z=42  MO-92     bl:88    ln:181  
    294) Area:4 Z=42  MO-93     bl:2     ln:3    
    295) Area:4 Z=42  MO-94     bl:55    ln:94   
    296) Area:4 Z=42  MO-95     bl:58    ln:138  
    297) Area:4 Z=42  MO-96     bl:72    ln:128  
    298) Area:4 Z=42  MO-97     bl:41    ln:95   
    299) Area:4 Z=42  MO-98     bl:86    ln:169  
    300) Area:4 Z=42  MO-99     bl:3     ln:6    
    301) Area:4 Z=43  TC-100    bl:1     ln:2    
    302) Area:4 Z=43  TC-93     bl:1     ln:1    
    303) Area:4 Z=43  TC-96     bl:1     ln:1    
    304) Area:4 Z=43  TC-97     bl:5     ln:8    
    305) Area:4 Z=43  TC-98     bl:5     ln:9    
    306) Area:4 Z=43  TC-99     bl:33    ln:62   
    307) Area:4 Z=44  RU-0      bl:14    ln:25   
    308) Area:4 Z=44  RU-100    bl:16    ln:39   
    309) Area:4 Z=44  RU-101    bl:28    ln:69   
    310) Area:4 Z=44  RU-102    bl:37    ln:77   
    311) Area:4 Z=44  RU-103    bl:4     ln:9    
    312) Area:4 Z=44  RU-104    bl:29    ln:61   
    313) Area:4 Z=44  RU-105    bl:3     ln:4    
    314) Area:4 Z=44  RU-106    bl:8     ln:14   
    315) Area:4 Z=44  RU-92     bl:1     ln:1    
    316) Area:4 Z=44  RU-94     bl:1     ln:1    
    317) Area:4 Z=44  RU-96     bl:14    ln:23   
    318) Area:4 Z=44  RU-97     bl:2     ln:2    
    319) Area:4 Z=44  RU-98     bl:8     ln:15   
    320) Area:4 Z=44  RU-99     bl:15    ln:41   
    321) Area:4 Z=45  RH-101    bl:2     ln:2    
    322) Area:4 Z=45  RH-102    bl:3     ln:5    
    323) Area:4 Z=45  RH-103    bl:114   ln:236  
    324) Area:4 Z=45  RH-104    bl:3     ln:5    
    325) Area:4 Z=45  RH-105    bl:4     ln:4    
    326) Area:4 Z=45  RH-106    bl:1     ln:1    
    327) Area:4 Z=45  RH-107    bl:1     ln:1    
    328) Area:4 Z=45  RH-97     bl:1     ln:1    
    329) Area:4 Z=45  RH-99     bl:2     ln:2    
    330) Area:4 Z=46  PD-0      bl:19    ln:37   
    331) Area:4 Z=46  PD-100    bl:3     ln:4    
    332) Area:4 Z=46  PD-102    bl:19    ln:36   
    333) Area:4 Z=46  PD-103    bl:3     ln:3    
    334) Area:4 Z=46  PD-104    bl:24    ln:50   
    335) Area:4 Z=46  PD-105    bl:37    ln:81   
    336) Area:4 Z=46  PD-106    bl:35    ln:62   
    337) Area:4 Z=46  PD-107    bl:15    ln:27   
    338) Area:4 Z=46  PD-108    bl:42    ln:72   
    339) Area:4 Z=46  PD-109    bl:3     ln:4    
    340) Area:4 Z=46  PD-110    bl:26    ln:42   
    341) Area:4 Z=46  PD-111    bl:2     ln:3    
    342) Area:4 Z=46  PD-98     bl:1     ln:1    
    343) Area:4 Z=47  AG-0      bl:66    ln:162  
    344) Area:4 Z=47  AG-103    bl:1     ln:1    
    345) Area:4 Z=47  AG-105    bl:2     ln:2    
    346) Area:4 Z=47  AG-107    bl:57    ln:124  
    347) Area:4 Z=47  AG-108    bl:13    ln:24   
    348) Area:4 Z=47  AG-109    bl:70    ln:165  
    349) Area:4 Z=47  AG-110    bl:6     ln:15   
    350) Area:4 Z=47  AG-111    bl:3     ln:3    
    351) Area:4 Z=47  AG-CMP    bl:1     ln:2    
    352) Area:4 Z=48  CD-0      bl:113   ln:279  
    353) Area:4 Z=48  CD-106    bl:59    ln:125  
    354) Area:4 Z=48  CD-107    bl:2     ln:3    
    355) Area:4 Z=48  CD-108    bl:52    ln:108  
    356) Area:4 Z=48  CD-109    bl:6     ln:12   
    357) Area:4 Z=48  CD-110    bl:78    ln:161  
    358) Area:4 Z=48  CD-111    bl:76    ln:158  
    359) Area:4 Z=48  CD-112    bl:96    ln:217  
    360) Area:4 Z=48  CD-113    bl:68    ln:129  
    361) Area:4 Z=48  CD-114    bl:95    ln:185  
    362) Area:4 Z=48  CD-115    bl:4     ln:6    
    363) Area:4 Z=48  CD-116    bl:87    ln:184  
    364) Area:4 Z=48  CD-117    bl:2     ln:3    
    365) Area:4 Z=48  CD-CMP    bl:4     ln:7    
    366) Area:4 Z=49  IN-0      bl:62    ln:155  
    367) Area:4 Z=49  IN-107    bl:1     ln:1    
    368) Area:4 Z=49  IN-109    bl:1     ln:1    
    369) Area:4 Z=49  IN-111    bl:2     ln:2    
    370) Area:4 Z=49  IN-113    bl:51    ln:124  
    371) Area:4 Z=49  IN-114    bl:2     ln:5    
    372) Area:4 Z=49  IN-115    bl:143   ln:345  
    373) Area:4 Z=49  IN-116    bl:1     ln:2    
    374) Area:4 Z=49  IN-117    bl:1     ln:1    
    375) Area:4 Z=49  IN-119    bl:1     ln:1    
    376) Area:4 Z=49  IN-121    bl:1     ln:1    
    377) Area:4 Z=50  SN-0      bl:122   ln:320  
    378) Area:4 Z=50  SN-112    bl:61    ln:133  
    379) Area:4 Z=50  SN-113    bl:9     ln:18   
    380) Area:4 Z=50  SN-114    bl:44    ln:96   
    381) Area:4 Z=50  SN-115    bl:23    ln:56   
    382) Area:4 Z=50  SN-116    bl:97    ln:216  
    383) Area:4 Z=50  SN-117    bl:93    ln:230  
    384) Area:4 Z=50  SN-118    bl:99    ln:224  
    385) Area:4 Z=50  SN-119    bl:48    ln:118  
    386) Area:4 Z=50  SN-120    bl:108   ln:228  
    387) Area:4 Z=50  SN-121    bl:7     ln:8    
    388) Area:4 Z=50  SN-122    bl:84    ln:191  
    389) Area:4 Z=50  SN-123    bl:5     ln:6    
    390) Area:4 Z=50  SN-124    bl:90    ln:212  
    391) Area:4 Z=50  SN-125    bl:3     ln:4    
    392) Area:4 Z=50  SN-126    bl:6     ln:9    
    393) Area:4 Z=51  SB-0      bl:90    ln:247  
    394) Area:4 Z=51  SB-115    bl:1     ln:1    
    395) Area:4 Z=51  SB-117    bl:1     ln:1    
    396) Area:4 Z=51  SB-119    bl:1     ln:1    
    397) Area:4 Z=51  SB-120    bl:2     ln:2    
    398) Area:4 Z=51  SB-121    bl:45    ln:104  
    399) Area:4 Z=51  SB-122    bl:2     ln:2    
    400) Area:4 Z=51  SB-123    bl:43    ln:102  
    401) Area:4 Z=51  SB-124    bl:4     ln:7    
    402) Area:4 Z=51  SB-125    bl:1     ln:1    
    403) Area:4 Z=52  TE-0      bl:46    ln:134  
    404) Area:4 Z=52  TE-118    bl:3     ln:4    
    405) Area:4 Z=52  TE-119    bl:2     ln:2    
    406) Area:4 Z=52  TE-120    bl:19    ln:36   
    407) Area:4 Z=52  TE-121    bl:3     ln:3    
    408) Area:4 Z=52  TE-122    bl:79    ln:174  
    409) Area:4 Z=52  TE-123    bl:51    ln:127  
    410) Area:4 Z=52  TE-124    bl:87    ln:170  
    411) Area:4 Z=52  TE-125    bl:23    ln:48   
    412) Area:4 Z=52  TE-126    bl:88    ln:188  
    413) Area:4 Z=52  TE-127    bl:2     ln:3    
    414) Area:4 Z=52  TE-128    bl:89    ln:200  
    415) Area:4 Z=52  TE-129    bl:4     ln:5    
    416) Area:4 Z=52  TE-130    bl:92    ln:197  
    417) Area:4 Z=52  TE-131    bl:3     ln:4    
    418) Area:4 Z=52  TE-132    bl:2     ln:2    
    419) Area:4 Z=53  I-119     bl:1     ln:1    
    420) Area:4 Z=53  I-123     bl:1     ln:1    
    421) Area:4 Z=53  I-124     bl:1     ln:1    
    422) Area:4 Z=53  I-125     bl:4     ln:4    
    423) Area:4 Z=53  I-126     bl:1     ln:1    
    424) Area:4 Z=53  I-127     bl:126   ln:296  
    425) Area:4 Z=53  I-128     bl:4     ln:5    
    426) Area:4 Z=53  I-129     bl:20    ln:33   
    427) Area:4 Z=53  I-130     bl:2     ln:3    
    428) Area:4 Z=53  I-131     bl:2     ln:3    
    429) Area:4 Z=53  I-135     bl:1     ln:1    
    430) Area:4 Z=53  I-CMP     bl:4     ln:8    
    431) Area:4 Z=54  XE-0      bl:6     ln:8    
    432) Area:4 Z=54  XE-124    bl:12    ln:18   
    433) Area:4 Z=54  XE-125    bl:1     ln:1    
    434) Area:4 Z=54  XE-126    bl:11    ln:15   
    435) Area:4 Z=54  XE-127    bl:2     ln:2    
    436) Area:4 Z=54  XE-128    bl:14    ln:22   
    437) Area:4 Z=54  XE-129    bl:21    ln:42   
    438) Area:4 Z=54  XE-130    bl:21    ln:34   
    439) Area:4 Z=54  XE-131    bl:29    ln:50   
    440) Area:4 Z=54  XE-132    bl:22    ln:33   
    441) Area:4 Z=54  XE-133    bl:3     ln:4    
    442) Area:4 Z=54  XE-134    bl:20    ln:32   
    443) Area:4 Z=54  XE-135    bl:8     ln:15   
    444) Area:4 Z=54  XE-136    bl:10    ln:16   
    445) Area:4 Z=55  CS-127    bl:1     ln:1    
    446) Area:4 Z=55  CS-129    bl:2     ln:2    
    447) Area:4 Z=55  CS-131    bl:2     ln:2    
    448) Area:4 Z=55  CS-132    bl:2     ln:3    
    449) Area:4 Z=55  CS-133    bl:91    ln:202  
    450) Area:4 Z=55  CS-134    bl:18    ln:37   
    451) Area:4 Z=55  CS-135    bl:18    ln:33   
    452) Area:4 Z=55  CS-137    bl:26    ln:45   
    453) Area:4 Z=55  CS-139    bl:1     ln:1    
    454) Area:4 Z=55  CS-142    bl:1     ln:1    
    455) Area:4 Z=55  CS-CMP    bl:4     ln:8    
    456) Area:4 Z=56  BA-0      bl:50    ln:108  
    457) Area:4 Z=56  BA-128    bl:2     ln:3    
    458) Area:4 Z=56  BA-130    bl:17    ln:27   
    459) Area:4 Z=56  BA-131    bl:4     ln:5    
    460) Area:4 Z=56  BA-132    bl:21    ln:36   
    461) Area:4 Z=56  BA-133    bl:5     ln:11   
    462) Area:4 Z=56  BA-134    bl:34    ln:54   
    463) Area:4 Z=56  BA-135    bl:30    ln:61   
    464) Area:4 Z=56  BA-136    bl:43    ln:68   
    465) Area:4 Z=56  BA-137    bl:29    ln:43   
    466) Area:4 Z=56  BA-138    bl:77    ln:156  
    467) Area:4 Z=56  BA-139    bl:7     ln:9    
    468) Area:4 Z=56  BA-140    bl:5     ln:6    
    469) Area:4 Z=57  LA-135    bl:1     ln:1    
    470) Area:4 Z=57  LA-137    bl:2     ln:2    
    471) Area:4 Z=57  LA-138    bl:11    ln:20   
    472) Area:4 Z=57  LA-139    bl:80    ln:150  
    473) Area:4 Z=57  LA-140    bl:7     ln:10   
    474) Area:4 Z=57  LA-141    bl:1     ln:1    
    475) Area:4 Z=57  LA-CMP    bl:1     ln:2    
    476) Area:4 Z=58  CE-0      bl:16    ln:32   
    477) Area:4 Z=58  CE-134    bl:2     ln:3    
    478) Area:4 Z=58  CE-135    bl:1     ln:1    
    479) Area:4 Z=58  CE-136    bl:17    ln:31   
    480) Area:4 Z=58  CE-137    bl:3     ln:4    
    481) Area:4 Z=58  CE-138    bl:19    ln:36   
    482) Area:4 Z=58  CE-139    bl:3     ln:3    
    483) Area:4 Z=58  CE-140    bl:69    ln:122  
    484) Area:4 Z=58  CE-141    bl:5     ln:7    
    485) Area:4 Z=58  CE-142    bl:50    ln:94   
    486) Area:4 Z=58  CE-143    bl:4     ln:6    
    487) Area:4 Z=58  CE-144    bl:10    ln:22   
    488) Area:4 Z=58  CE-146    bl:1     ln:1    
    489) Area:4 Z=58  CE-CMP    bl:2     ln:2    
    490) Area:4 Z=59  PR-137    bl:1     ln:1    
    491) Area:4 Z=59  PR-139    bl:1     ln:1    
    492) Area:4 Z=59  PR-140    bl:2     ln:4    
    493) Area:4 Z=59  PR-141    bl:75    ln:161  
    494) Area:4 Z=59  PR-142    bl:2     ln:4    
    495) Area:4 Z=59  PR-143    bl:4     ln:7    
    496) Area:4 Z=59  PR-CMP    bl:2     ln:3    
    497) Area:4 Z=60  ND-0      bl:21    ln:44   
    498) Area:4 Z=60  ND-140    bl:3     ln:4    
    499) Area:4 Z=60  ND-141    bl:1     ln:1    
    500) Area:4 Z=60  ND-142    bl:60    ln:144  
    501) Area:4 Z=60  ND-143    bl:93    ln:223  
    502) Area:4 Z=60  ND-144    bl:62    ln:138  
    503) Area:4 Z=60  ND-145    bl:72    ln:162  
    504) Area:4 Z=60  ND-146    bl:56    ln:129  
    505) Area:4 Z=60  ND-147    bl:9     ln:14   
    506) Area:4 Z=60  ND-148    bl:45    ln:112  
    507) Area:4 Z=60  ND-149    bl:2     ln:3    
    508) Area:4 Z=60  ND-150    bl:42    ln:104  
    509) Area:4 Z=60  ND-151    bl:1     ln:2    
    510) Area:4 Z=61  PM-141    bl:1     ln:1    
    511) Area:4 Z=61  PM-143    bl:2     ln:2    
    512) Area:4 Z=61  PM-144    bl:1     ln:1    
    513) Area:4 Z=61  PM-145    bl:3     ln:4    
    514) Area:4 Z=61  PM-146    bl:2     ln:3    
    515) Area:4 Z=61  PM-147    bl:27    ln:56   
    516) Area:4 Z=61  PM-148    bl:12    ln:20   
    517) Area:4 Z=61  PM-149    bl:6     ln:12   
    518) Area:4 Z=61  PM-151    bl:6     ln:8    
    519) Area:4 Z=62  SM-0      bl:21    ln:44   
    520) Area:4 Z=62  SM-143    bl:1     ln:1    
    521) Area:4 Z=62  SM-144    bl:35    ln:73   
    522) Area:4 Z=62  SM-145    bl:6     ln:7    
    523) Area:4 Z=62  SM-146    bl:2     ln:3    
    524) Area:4 Z=62  SM-147    bl:119   ln:348  
    525) Area:4 Z=62  SM-148    bl:55    ln:118  
    526) Area:4 Z=62  SM-149    bl:99    ln:259  
    527) Area:4 Z=62  SM-150    bl:61    ln:134  
    528) Area:4 Z=62  SM-151    bl:23    ln:44   
    529) Area:4 Z=62  SM-152    bl:74    ln:177  
    530) Area:4 Z=62  SM-153    bl:5     ln:10   
    531) Area:4 Z=62  SM-154    bl:59    ln:143  
    532) Area:4 Z=62  SM-155    bl:2     ln:5    
    533) Area:4 Z=62  SM-156    bl:3     ln:4    
    534) Area:4 Z=63  EU-0      bl:19    ln:50   
    535) Area:4 Z=63  EU-145    bl:1     ln:1    
    536) Area:4 Z=63  EU-146    bl:1     ln:1    
    537) Area:4 Z=63  EU-147    bl:1     ln:1    
    538) Area:4 Z=63  EU-148    bl:1     ln:1    
    539) Area:4 Z=63  EU-149    bl:2     ln:2    
    540) Area:4 Z=63  EU-151    bl:97    ln:260  
    541) Area:4 Z=63  EU-152    bl:21    ln:54   
    542) Area:4 Z=63  EU-153    bl:88    ln:224  
    543) Area:4 Z=63  EU-154    bl:12    ln:35   
    544) Area:4 Z=63  EU-155    bl:14    ln:31   
    545) Area:4 Z=63  EU-156    bl:3     ln:4    
    546) Area:4 Z=63  EU-157    bl:1     ln:1    
    547) Area:4 Z=64  GD-0      bl:20    ln:39   
    548) Area:4 Z=64  GD-147    bl:2     ln:2    
    549) Area:4 Z=64  GD-148    bl:3     ln:4    
    550) Area:4 Z=64  GD-149    bl:1     ln:1    
    551) Area:4 Z=64  GD-150    bl:2     ln:3    
    552) Area:4 Z=64  GD-151    bl:1     ln:1    
    553) Area:4 Z=64  GD-152    bl:27    ln:63   
    554) Area:4 Z=64  GD-153    bl:9     ln:19   
    555) Area:4 Z=64  GD-154    bl:35    ln:92   
    556) Area:4 Z=64  GD-155    bl:75    ln:156  
    557) Area:4 Z=64  GD-156    bl:50    ln:117  
    558) Area:4 Z=64  GD-157    bl:63    ln:152  
    559) Area:4 Z=64  GD-158    bl:58    ln:125  
    560) Area:4 Z=64  GD-159    bl:5     ln:8    
    561) Area:4 Z=64  GD-160    bl:43    ln:109  
    562) Area:4 Z=64  GD-161    bl:3     ln:6    
    563) Area:4 Z=64  GD-162    bl:1     ln:1    
    564) Area:4 Z=65  TB-151    bl:1     ln:1    
    565) Area:4 Z=65  TB-153    bl:2     ln:2    
    566) Area:4 Z=65  TB-155    bl:3     ln:3    
    567) Area:4 Z=65  TB-156    bl:1     ln:1    
    568) Area:4 Z=65  TB-157    bl:1     ln:1    
    569) Area:4 Z=65  TB-158    bl:3     ln:3    
    570) Area:4 Z=65  TB-159    bl:60    ln:124  
    571) Area:4 Z=65  TB-160    bl:9     ln:11   
    572) Area:4 Z=65  TB-161    bl:1     ln:1    
    573) Area:4 Z=65  TB-163    bl:1     ln:1    
    574) Area:4 Z=66  DY-0      bl:21    ln:48   
    575) Area:4 Z=66  DY-152    bl:1     ln:1    
    576) Area:4 Z=66  DY-154    bl:1     ln:1    
    577) Area:4 Z=66  DY-156    bl:25    ln:48   
    578) Area:4 Z=66  DY-158    bl:22    ln:37   
    579) Area:4 Z=66  DY-159    bl:2     ln:2    
    580) Area:4 Z=66  DY-160    bl:34    ln:64   
    581) Area:4 Z=66  DY-161    bl:45    ln:104  
    582) Area:4 Z=66  DY-162    bl:55    ln:118  
    583) Area:4 Z=66  DY-163    bl:62    ln:129  
    584) Area:4 Z=66  DY-164    bl:59    ln:118  
    585) Area:4 Z=66  DY-165    bl:6     ln:7    
    586) Area:4 Z=67  HO-161    bl:1     ln:1    
    587) Area:4 Z=67  HO-163    bl:1     ln:1    
    588) Area:4 Z=67  HO-165    bl:93    ln:194  
    589) Area:4 Z=67  HO-166    bl:18    ln:30   
    590) Area:4 Z=67  HO-167    bl:2     ln:4    
    591) Area:4 Z=67  HO-169    bl:1     ln:1    
    592) Area:4 Z=68  ER-0      bl:31    ln:64   
    593) Area:4 Z=68  ER-160    bl:2     ln:2    
    594) Area:4 Z=68  ER-162    bl:41    ln:78   
    595) Area:4 Z=68  ER-163    bl:2     ln:3    
    596) Area:4 Z=68  ER-164    bl:46    ln:92   
    597) Area:4 Z=68  ER-165    bl:4     ln:9    
    598) Area:4 Z=68  ER-166    bl:74    ln:154  
    599) Area:4 Z=68  ER-167    bl:87    ln:176  
    600) Area:4 Z=68  ER-168    bl:94    ln:190  
    601) Area:4 Z=68  ER-169    bl:4     ln:9    
    602) Area:4 Z=68  ER-170    bl:81    ln:170  
    603) Area:4 Z=68  ER-171    bl:3     ln:8    
    604) Area:4 Z=68  ER-172    bl:1     ln:1    
    605) Area:4 Z=69  TM-163    bl:1     ln:1    
    606) Area:4 Z=69  TM-165    bl:1     ln:1    
    607) Area:4 Z=69  TM-167    bl:2     ln:2    
    608) Area:4 Z=69  TM-168    bl:1     ln:1    
    609) Area:4 Z=69  TM-169    bl:37    ln:71   
    610) Area:4 Z=69  TM-170    bl:5     ln:6    
    611) Area:4 Z=69  TM-171    bl:2     ln:3    
    612) Area:4 Z=69  TM-173    bl:1     ln:1    
    613) Area:4 Z=69  TM-175    bl:1     ln:1    
    614) Area:4 Z=70  YB-0      bl:14    ln:28   
    615) Area:4 Z=70  YB-166    bl:4     ln:5    
    616) Area:4 Z=70  YB-168    bl:23    ln:41   
    617) Area:4 Z=70  YB-169    bl:7     ln:13   
    618) Area:4 Z=70  YB-170    bl:22    ln:45   
    619) Area:4 Z=70  YB-171    bl:27    ln:65   
    620) Area:4 Z=70  YB-172    bl:24    ln:39   
    621) Area:4 Z=70  YB-173    bl:37    ln:74   
    622) Area:4 Z=70  YB-174    bl:40    ln:67   
    623) Area:4 Z=70  YB-175    bl:6     ln:7    
    624) Area:4 Z=70  YB-176    bl:29    ln:46   
    625) Area:4 Z=70  YB-177    bl:6     ln:7    
    626) Area:4 Z=71  LU-0      bl:18    ln:36   
    627) Area:4 Z=71  LU-169    bl:2     ln:2    
    628) Area:4 Z=71  LU-170    bl:1     ln:1    
    629) Area:4 Z=71  LU-171    bl:2     ln:2    
    630) Area:4 Z=71  LU-172    bl:1     ln:1    
    631) Area:4 Z=71  LU-173    bl:2     ln:2    
    632) Area:4 Z=71  LU-174    bl:2     ln:2    
    633) Area:4 Z=71  LU-175    bl:52    ln:114  
    634) Area:4 Z=71  LU-176    bl:35    ln:74   
    635) Area:4 Z=71  LU-177    bl:8     ln:10   
    636) Area:4 Z=71  LU-179    bl:1     ln:1    
    637) Area:4 Z=72  HF-0      bl:11    ln:23   
    638) Area:4 Z=72  HF-166    bl:1     ln:1    
    639) Area:4 Z=72  HF-168    bl:1     ln:1    
    640) Area:4 Z=72  HF-170    bl:1     ln:1    
    641) Area:4 Z=72  HF-172    bl:1     ln:1    
    642) Area:4 Z=72  HF-174    bl:18    ln:41   
    643) Area:4 Z=72  HF-175    bl:3     ln:4    
    644) Area:4 Z=72  HF-176    bl:25    ln:59   
    645) Area:4 Z=72  HF-177    bl:45    ln:98   
    646) Area:4 Z=72  HF-178    bl:61    ln:117  
    647) Area:4 Z=72  HF-179    bl:44    ln:84   
    648) Area:4 Z=72  HF-180    bl:48    ln:97   
    649) Area:4 Z=72  HF-181    bl:7     ln:9    
    650) Area:4 Z=72  HF-182    bl:1     ln:1    
    651) Area:4 Z=73  TA-177    bl:2     ln:2    
    652) Area:4 Z=73  TA-179    bl:2     ln:2    
    653) Area:4 Z=73  TA-180    bl:10    ln:17   
    654) Area:4 Z=73  TA-181    bl:171   ln:402  
    655) Area:4 Z=73  TA-182    bl:6     ln:9    
    656) Area:4 Z=73  TA-183    bl:2     ln:3    
    657) Area:4 Z=74  W-0       bl:114   ln:282  
    658) Area:4 Z=74  W-172     bl:1     ln:1    
    659) Area:4 Z=74  W-174     bl:1     ln:1    
    660) Area:4 Z=74  W-176     bl:1     ln:1    
    661) Area:4 Z=74  W-178     bl:1     ln:1    
    662) Area:4 Z=74  W-180     bl:20    ln:38   
    663) Area:4 Z=74  W-181     bl:7     ln:9    
    664) Area:4 Z=74  W-182     bl:62    ln:126  
    665) Area:4 Z=74  W-183     bl:49    ln:113  
    666) Area:4 Z=74  W-184     bl:75    ln:154  
    667) Area:4 Z=74  W-185     bl:8     ln:15   
    668) Area:4 Z=74  W-186     bl:93    ln:195  
    669) Area:4 Z=74  W-187     bl:6     ln:8    
    670) Area:4 Z=74  W-188     bl:1     ln:1    
    671) Area:4 Z=75  RE-0      bl:25    ln:65   
    672) Area:4 Z=75  RE-182    bl:1     ln:1    
    673) Area:4 Z=75  RE-183    bl:2     ln:2    
    674) Area:4 Z=75  RE-184    bl:3     ln:3    
    675) Area:4 Z=75  RE-185    bl:33    ln:81   
    676) Area:4 Z=75  RE-186    bl:2     ln:3    
    677) Area:4 Z=75  RE-187    bl:39    ln:85   
    678) Area:4 Z=75  RE-188    bl:3     ln:4    
    679) Area:4 Z=75  RE-189    bl:1     ln:1    
    680) Area:4 Z=76  OS-0      bl:13    ln:28   
    681) Area:4 Z=76  OS-178    bl:1     ln:1    
    682) Area:4 Z=76  OS-180    bl:1     ln:1    
    683) Area:4 Z=76  OS-182    bl:1     ln:1    
    684) Area:4 Z=76  OS-184    bl:5     ln:8    
    685) Area:4 Z=76  OS-185    bl:2     ln:2    
    686) Area:4 Z=76  OS-186    bl:29    ln:83   
    687) Area:4 Z=76  OS-187    bl:55    ln:149  
    688) Area:4 Z=76  OS-188    bl:26    ln:77   
    689) Area:4 Z=76  OS-189    bl:26    ln:81   
    690) Area:4 Z=76  OS-190    bl:37    ln:85   
    691) Area:4 Z=76  OS-191    bl:2     ln:3    
    692) Area:4 Z=76  OS-192    bl:29    ln:86   
    693) Area:4 Z=76  OS-193    bl:1     ln:2    
    694) Area:4 Z=76  OS-194    bl:1     ln:1    
    695) Area:4 Z=77  IR-0      bl:21    ln:57   
    696) Area:4 Z=77  IR-188    bl:1     ln:1    
    697) Area:4 Z=77  IR-189    bl:2     ln:2    
    698) Area:4 Z=77  IR-190    bl:1     ln:1    
    699) Area:4 Z=77  IR-191    bl:47    ln:101  
    700) Area:4 Z=77  IR-192    bl:11    ln:23   
    701) Area:4 Z=77  IR-193    bl:36    ln:85   
    702) Area:4 Z=77  IR-194    bl:1     ln:2    
    703) Area:4 Z=77  IR-195    bl:1     ln:1    
    704) Area:4 Z=77  IR-196    bl:1     ln:1    
    705) Area:4 Z=78  PT-0      bl:19    ln:41   
    706) Area:4 Z=78  PT-188    bl:2     ln:3    
    707) Area:4 Z=78  PT-190    bl:9     ln:27   
    708) Area:4 Z=78  PT-191    bl:1     ln:1    
    709) Area:4 Z=78  PT-192    bl:17    ln:54   
    710) Area:4 Z=78  PT-193    bl:3     ln:4    
    711) Area:4 Z=78  PT-194    bl:30    ln:75   
    712) Area:4 Z=78  PT-195    bl:32    ln:71   
    713) Area:4 Z=78  PT-196    bl:30    ln:74   
    714) Area:4 Z=78  PT-197    bl:3     ln:4    
    715) Area:4 Z=78  PT-198    bl:22    ln:54   
    716) Area:4 Z=78  PT-199    bl:2     ln:3    
    717) Area:4 Z=79  AU-194    bl:1     ln:1    
    718) Area:4 Z=79  AU-195    bl:3     ln:3    
    719) Area:4 Z=79  AU-196    bl:3     ln:5    
    720) Area:4 Z=79  AU-197    bl:183   ln:396  
    721) Area:4 Z=79  AU-198    bl:5     ln:6    
    722) Area:4 Z=80  HG-0      bl:59    ln:162  
    723) Area:4 Z=80  HG-194    bl:3     ln:6    
    724) Area:4 Z=80  HG-196    bl:8     ln:13   
    725) Area:4 Z=80  HG-197    bl:1     ln:1    
    726) Area:4 Z=80  HG-198    bl:23    ln:47   
    727) Area:4 Z=80  HG-199    bl:26    ln:38   
    728) Area:4 Z=80  HG-200    bl:22    ln:40   
    729) Area:4 Z=80  HG-201    bl:9     ln:15   
    730) Area:4 Z=80  HG-202    bl:22    ln:33   
    731) Area:4 Z=80  HG-203    bl:1     ln:1    
    732) Area:4 Z=80  HG-204    bl:13    ln:18   
    733) Area:4 Z=81  TL-0      bl:21    ln:35   
    734) Area:4 Z=81  TL-201    bl:2     ln:3    
    735) Area:4 Z=81  TL-202    bl:1     ln:1    
    736) Area:4 Z=81  TL-203    bl:29    ln:64   
    737) Area:4 Z=81  TL-204    bl:3     ln:4    
    738) Area:4 Z=81  TL-205    bl:22    ln:54   
    739) Area:4 Z=81  TL-206    bl:1     ln:2    
    740) Area:4 Z=82  PB-0      bl:216   ln:513  
    741) Area:4 Z=82  PB-198    bl:1     ln:2    
    742) Area:4 Z=82  PB-200    bl:1     ln:2    
    743) Area:4 Z=82  PB-202    bl:4     ln:6    
    744) Area:4 Z=82  PB-203    bl:2     ln:2    
    745) Area:4 Z=82  PB-204    bl:41    ln:71   
    746) Area:4 Z=82  PB-205    bl:4     ln:5    
    747) Area:4 Z=82  PB-206    bl:68    ln:125  
    748) Area:4 Z=82  PB-207    bl:59    ln:101  
    749) Area:4 Z=82  PB-208    bl:123   ln:218  
    750) Area:4 Z=82  PB-209    bl:6     ln:7    
    751) Area:4 Z=82  PB-210    bl:1     ln:2    
    752) Area:4 Z=82  PB-212    bl:1     ln:2    
    753) Area:4 Z=82  PB-214    bl:1     ln:2    
    754) Area:4 Z=82  PB-216    bl:1     ln:2    
    755) Area:4 Z=82  PB-CMP    bl:3     ln:5    
    756) Area:4 Z=83  BI-205    bl:1     ln:1    
    757) Area:4 Z=83  BI-206    bl:1     ln:1    
    758) Area:4 Z=83  BI-207    bl:3     ln:4    
    759) Area:4 Z=83  BI-208    bl:4     ln:7    
    760) Area:4 Z=83  BI-209    bl:283   ln:600  
    761) Area:4 Z=83  BI-210    bl:2     ln:3    
    762) Area:4 Z=83  BI-CMP    bl:1     ln:3    
    763) Area:4 Z=84  PO-206    bl:3     ln:4    
    764) Area:4 Z=84  PO-208    bl:5     ln:7    
    765) Area:4 Z=84  PO-209    bl:1     ln:1    
    766) Area:4 Z=84  PO-210    bl:9     ln:15   
    767) Area:4 Z=84  PO-211    bl:2     ln:2    
    768) Area:4 Z=84  PO-212    bl:5     ln:10   
    769) Area:4 Z=85  AT-213    bl:6     ln:7    
    770) Area:4 Z=86  RN-222    bl:1     ln:2    
    771) Area:4 Z=88  RA-224    bl:2     ln:4    
    772) Area:4 Z=88  RA-225    bl:1     ln:2    
    773) Area:4 Z=88  RA-226    bl:46    ln:151  
    774) Area:4 Z=88  RA-227    bl:4     ln:5    
    775) Area:4 Z=88  RA-228    bl:1     ln:3    
    776) Area:4 Z=89  AC-225    bl:1     ln:1    
    777) Area:4 Z=89  AC-226    bl:2     ln:3    
    778) Area:4 Z=89  AC-227    bl:14    ln:38   
    779) Area:4 Z=89  AC-228    bl:2     ln:2    
    780) Area:4 Z=90  TH-225    bl:1     ln:1    
    781) Area:4 Z=90  TH-226    bl:2     ln:5    
    782) Area:4 Z=90  TH-227    bl:4     ln:4    
    783) Area:4 Z=90  TH-228    bl:15    ln:32   
    784) Area:4 Z=90  TH-229    bl:55    ln:107  
    785) Area:4 Z=90  TH-230    bl:61    ln:177  
    786) Area:4 Z=90  TH-231    bl:13    ln:23   
    787) Area:4 Z=90  TH-232    bl:410   ln:973  
    788) Area:4 Z=90  TH-233    bl:13    ln:20   
    789) Area:4 Z=90  TH-234    bl:2     ln:2    
    790) Area:4 Z=91  PA-229    bl:4     ln:4    
    791) Area:4 Z=91  PA-230    bl:6     ln:6    
    792) Area:4 Z=91  PA-231    bl:75    ln:147  
    793) Area:4 Z=91  PA-232    bl:20    ln:44   
    794) Area:4 Z=91  PA-233    bl:35    ln:63   
    795) Area:4 Z=91  PA-234    bl:2     ln:3    
    796) Area:4 Z=91  PA-235    bl:1     ln:1    
    797) Area:4 Z=91  PA-236    bl:2     ln:2    
    798) Area:4 Z=91  PA-237    bl:1     ln:1    
    799) Area:4 Z=91  PA-238    bl:1     ln:1    
    800) Area:4 Z=92  U-0       bl:85    ln:203  
    801) Area:4 Z=92  U-228     bl:2     ln:4    
    802) Area:4 Z=92  U-229     bl:3     ln:5    
    803) Area:4 Z=92  U-230     bl:8     ln:14   
    804) Area:4 Z=92  U-231     bl:5     ln:7    
    805) Area:4 Z=92  U-232     bl:80    ln:142  
    806) Area:4 Z=92  U-233     bl:404   ln:927  
    807) Area:4 Z=92  U-234     bl:125   ln:251  
    808) Area:4 Z=92  U-235     bl:1040  ln:2491 
    809) Area:4 Z=92  U-236     bl:207   ln:438  
    810) Area:4 Z=92  U-237     bl:41    ln:81   
    811) Area:4 Z=92  U-238     bl:883   ln:1992 
    812) Area:4 Z=92  U-239     bl:33    ln:65   
    813) Area:4 Z=92  U-240     bl:7     ln:12   
    814) Area:4 Z=92  U-241     bl:2     ln:4    
    815) Area:4 Z=92  U-242     bl:2     ln:4    
    816) Area:4 Z=93  NP-230    bl:2     ln:4    
    817) Area:4 Z=93  NP-231    bl:2     ln:4    
    818) Area:4 Z=93  NP-232    bl:2     ln:4    
    819) Area:4 Z=93  NP-233    bl:3     ln:5    
    820) Area:4 Z=93  NP-234    bl:4     ln:6    
    821) Area:4 Z=93  NP-235    bl:6     ln:8    
    822) Area:4 Z=93  NP-236    bl:33    ln:61   
    823) Area:4 Z=93  NP-237    bl:302   ln:638  
    824) Area:4 Z=93  NP-238    bl:48    ln:78   
    825) Area:4 Z=93  NP-239    bl:12    ln:22   
    826) Area:4 Z=93  NP-240    bl:5     ln:10   
    827) Area:4 Z=93  NP-241    bl:3     ln:5    
    828) Area:4 Z=93  NP-242    bl:3     ln:5    
    829) Area:4 Z=93  NP-244    bl:1     ln:1    
    830) Area:4 Z=94  PU-233    bl:1     ln:1    
    831) Area:4 Z=94  PU-234    bl:6     ln:12   
    832) Area:4 Z=94  PU-235    bl:4     ln:11   
    833) Area:4 Z=94  PU-236    bl:30    ln:66   
    834) Area:4 Z=94  PU-237    bl:12    ln:26   
    835) Area:4 Z=94  PU-238    bl:152   ln:341  
    836) Area:4 Z=94  PU-239    bl:698   ln:1723 
    837) Area:4 Z=94  PU-240    bl:208   ln:417  
    838) Area:4 Z=94  PU-241    bl:210   ln:510  
    839) Area:4 Z=94  PU-242    bl:154   ln:344  
    840) Area:4 Z=94  PU-243    bl:29    ln:70   
    841) Area:4 Z=94  PU-244    bl:28    ln:51   
    842) Area:4 Z=94  PU-245    bl:6     ln:12   
    843) Area:4 Z=94  PU-246    bl:4     ln:9    
    844) Area:4 Z=94  PU-248    bl:1     ln:2    
    845) Area:4 Z=95  AM-236    bl:2     ln:4    
    846) Area:4 Z=95  AM-237    bl:2     ln:4    
    847) Area:4 Z=95  AM-238    bl:5     ln:11   
    848) Area:4 Z=95  AM-239    bl:6     ln:9    
    849) Area:4 Z=95  AM-240    bl:16    ln:27   
    850) Area:4 Z=95  AM-241    bl:235   ln:505  
    851) Area:4 Z=95  AM-242    bl:102   ln:206  
    852) Area:4 Z=95  AM-243    bl:145   ln:283  
    853) Area:4 Z=95  AM-244    bl:11    ln:20   
    854) Area:4 Z=95  AM-245    bl:4     ln:6    
    855) Area:4 Z=95  AM-246    bl:4     ln:6    
    856) Area:4 Z=95  AM-247    bl:2     ln:4    
    857) Area:4 Z=96  CM-238    bl:4     ln:9    
    858) Area:4 Z=96  CM-239    bl:3     ln:5    
    859) Area:4 Z=96  CM-240    bl:5     ln:10   
    860) Area:4 Z=96  CM-241    bl:11    ln:24   
    861) Area:4 Z=96  CM-242    bl:77    ln:152  
    862) Area:4 Z=96  CM-243    bl:61    ln:133  
    863) Area:4 Z=96  CM-244    bl:157   ln:372  
    864) Area:4 Z=96  CM-245    bl:103   ln:217  
    865) Area:4 Z=96  CM-246    bl:93    ln:196  
    866) Area:4 Z=96  CM-247    bl:74    ln:155  
    867) Area:4 Z=96  CM-248    bl:98    ln:214  
    868) Area:4 Z=96  CM-249    bl:9     ln:18   
    869) Area:4 Z=96  CM-250    bl:10    ln:17   
    870) Area:4 Z=96  CM-251    bl:3     ln:6    
    871) Area:4 Z=96  CM-252    bl:2     ln:3    
    872) Area:4 Z=97  BK-240    bl:1     ln:1    
    873) Area:4 Z=97  BK-242    bl:3     ln:5    
    874) Area:4 Z=97  BK-243    bl:2     ln:4    
    875) Area:4 Z=97  BK-244    bl:4     ln:6    
    876) Area:4 Z=97  BK-245    bl:5     ln:8    
    877) Area:4 Z=97  BK-246    bl:6     ln:11   
    878) Area:4 Z=97  BK-247    bl:5     ln:7    
    879) Area:4 Z=97  BK-248    bl:3     ln:5    
    880) Area:4 Z=97  BK-249    bl:35    ln:88   
    881) Area:4 Z=97  BK-250    bl:8     ln:21   
    882) Area:4 Z=97  BK-251    bl:4     ln:7    
    883) Area:4 Z=97  BK-252    bl:4     ln:8    
    884) Area:4 Z=97  BK-253    bl:2     ln:4    
    885) Area:4 Z=98  CF-242    bl:1     ln:2    
    886) Area:4 Z=98  CF-243    bl:1     ln:2    
    887) Area:4 Z=98  CF-244    bl:1     ln:2    
    888) Area:4 Z=98  CF-245    bl:3     ln:7    
    889) Area:4 Z=98  CF-246    bl:10    ln:22   
    890) Area:4 Z=98  CF-247    bl:3     ln:7    
    891) Area:4 Z=98  CF-248    bl:6     ln:12   
    892) Area:4 Z=98  CF-249    bl:80    ln:193  
    893) Area:4 Z=98  CF-250    bl:27    ln:69   
    894) Area:4 Z=98  CF-251    bl:31    ln:74   
    895) Area:4 Z=98  CF-252    bl:272   ln:625  
    896) Area:4 Z=98  CF-253    bl:13    ln:41   
    897) Area:4 Z=98  CF-254    bl:18    ln:32   
    898) Area:4 Z=98  CF-255    bl:2     ln:4    
    899) Area:4 Z=98  CF-256    bl:5     ln:8    
    900) Area:4 Z=99  ES-244    bl:3     ln:5    
    901) Area:4 Z=99  ES-245    bl:2     ln:4    
    902) Area:4 Z=99  ES-246    bl:2     ln:4    
    903) Area:4 Z=99  ES-247    bl:2     ln:4    
    904) Area:4 Z=99  ES-248    bl:3     ln:5    
    905) Area:4 Z=99  ES-249    bl:2     ln:4    
    906) Area:4 Z=99  ES-250    bl:2     ln:4    
    907) Area:4 Z=99  ES-251    bl:3     ln:5    
    908) Area:4 Z=99  ES-252    bl:3     ln:5    
    909) Area:4 Z=99  ES-253    bl:12    ln:24   
    910) Area:4 Z=99  ES-254    bl:14    ln:27   
    911) Area:4 Z=99  ES-255    bl:4     ln:8    
    912) Area:4 Z=99  ES-256    bl:1     ln:4    
    913) Area:4 Z=100 FM-244    bl:5     ln:6    
    914) Area:4 Z=100 FM-246    bl:6     ln:7    
    915) Area:4 Z=100 FM-248    bl:4     ln:9    
    916) Area:4 Z=100 FM-249    bl:1     ln:2    
    917) Area:4 Z=100 FM-250    bl:6     ln:13   
    918) Area:4 Z=100 FM-251    bl:2     ln:6    
    919) Area:4 Z=100 FM-252    bl:3     ln:7    
    920) Area:4 Z=100 FM-253    bl:3     ln:7    
    921) Area:4 Z=100 FM-254    bl:21    ln:41   
    922) Area:4 Z=100 FM-255    bl:8     ln:17   
    923) Area:4 Z=100 FM-256    bl:21    ln:42   
    924) Area:4 Z=100 FM-257    bl:9     ln:16   
    925) Area:4 Z=100 FM-258    bl:8     ln:13   
    926) Area:4 Z=100 FM-259    bl:3     ln:4    
    927) Area:4 Z=101 MD-256    bl:1     ln:1    
    928) Area:4 Z=101 MD-259    bl:2     ln:4    
    929) Area:4 Z=102 NO-252    bl:4     ln:6    
    930) Area:4 Z=102 NO-254    bl:1     ln:2    
    931) Area:4 Z=102 NO-256    bl:1     ln:1    
    932) Area:4 Z=102 NO-258    bl:2     ln:5    
    933) Area:4 Z=102 NO-260    bl:1     ln:4    
    934) Area:4 Z=102 NO-262    bl:1     ln:4    
    935) Area:4 Z=103 LR-257    bl:1     ln:2    
    936) Area:4 Z=104 RF-254    bl:1     ln:1    
    937) Area:4 Z=104 RF-255    bl:1     ln:1    
    938) Area:4 Z=104 RF-256    bl:1     ln:1    
    939) Area:4 Z=104 RF-260    bl:2     ln:5    
    940) Area:4 Z=104 RF-262    bl:1     ln:1    
    941) Area:4 Z=999 FPROD     bl:4     ln:6    
    942) Area:4 Z=999 MANY      bl:608   ln:946  
