CINDA BACKUP   BCK00220140625  88808  46254
      1) Area:2 Z=0   NN-1      bl:13    ln:28   
      2) Area:2 Z=1   H-1       bl:360   ln:622  
      3) Area:2 Z=1   H-2       bl:355   ln:668  
      4) Area:2 Z=1   H-3       bl:41    ln:62   
      5) Area:2 Z=1   H-BNZ     bl:20    ln:32   
      6) Area:2 Z=1   H-CMP     bl:9     ln:12   
      7) Area:2 Z=1   H-CXX     bl:37    ln:58   
      8) Area:2 Z=1   H-D2O     bl:55    ln:84   
      9) Area:2 Z=1   H-DXX     bl:9     ln:12   
     10) Area:2 Z=1   H-MTH     bl:13    ln:17   
     11) Area:2 Z=1   H-PFN     bl:1     ln:1    
     12) Area:2 Z=1   H-PHL     bl:15    ln:24   
     13) Area:2 Z=1   H-PLE     bl:24    ln:31   
     14) Area:2 Z=1   H-WTR     bl:92    ln:144  
     15) Area:2 Z=2   HE-3      bl:105   ln:198  
     16) Area:2 Z=2   HE-4      bl:97    ln:157  
     17) Area:2 Z=3   LI-0      bl:24    ln:50   
     18) Area:2 Z=3   LI-6      bl:303   ln:713  
     19) Area:2 Z=3   LI-7      bl:229   ln:514  
     20) Area:2 Z=3   LI-8      bl:1     ln:1    
     21) Area:2 Z=3   LI-9      bl:1     ln:1    
     22) Area:2 Z=3   LI-CMP    bl:2     ln:2    
     23) Area:2 Z=4   BE-10     bl:3     ln:4    
     24) Area:2 Z=4   BE-7      bl:9     ln:10   
     25) Area:2 Z=4   BE-9      bl:285   ln:584  
     26) Area:2 Z=4   BE-CMP    bl:4     ln:4    
     27) Area:2 Z=4   BE-OXI    bl:19    ln:27   
     28) Area:2 Z=5   B-0       bl:36    ln:74   
     29) Area:2 Z=5   B-10      bl:186   ln:411  
     30) Area:2 Z=5   B-11      bl:130   ln:255  
     31) Area:2 Z=6   C-0       bl:11    ln:38   
     32) Area:2 Z=6   C-11      bl:7     ln:7    
     33) Area:2 Z=6   C-12      bl:701   ln:1593 
     34) Area:2 Z=6   C-13      bl:30    ln:47   
     35) Area:2 Z=6   C-14      bl:5     ln:7    
     36) Area:2 Z=6   C-15      bl:1     ln:1    
     37) Area:2 Z=6   C-16      bl:1     ln:1    
     38) Area:2 Z=6   C-17      bl:1     ln:1    
     39) Area:2 Z=6   C-CMP     bl:2     ln:4    
     40) Area:2 Z=7   N-0       bl:6     ln:15   
     41) Area:2 Z=7   N-13      bl:4     ln:4    
     42) Area:2 Z=7   N-14      bl:215   ln:442  
     43) Area:2 Z=7   N-15      bl:55    ln:88   
     44) Area:2 Z=7   N-16      bl:1     ln:1    
     45) Area:2 Z=7   N-17      bl:1     ln:1    
     46) Area:2 Z=7   N-18      bl:1     ln:1    
     47) Area:2 Z=7   N-AIR     bl:1     ln:2    
     48) Area:2 Z=7   N-AMM     bl:8     ln:9    
     49) Area:2 Z=8   O-0       bl:6     ln:16   
     50) Area:2 Z=8   O-14      bl:3     ln:3    
     51) Area:2 Z=8   O-15      bl:3     ln:4    
     52) Area:2 Z=8   O-16      bl:349   ln:730  
     53) Area:2 Z=8   O-17      bl:21    ln:37   
     54) Area:2 Z=8   O-18      bl:33    ln:80   
     55) Area:2 Z=8   O-19      bl:1     ln:1    
     56) Area:2 Z=8   O-20      bl:1     ln:1    
     57) Area:2 Z=8   O-21      bl:1     ln:1    
     58) Area:2 Z=9   F-19      bl:217   ln:425  
     59) Area:2 Z=9   F-20      bl:4     ln:8    
     60) Area:2 Z=9   F-CMP     bl:1     ln:2    
     61) Area:2 Z=10  NE-0      bl:21    ln:47   
     62) Area:2 Z=10  NE-20     bl:44    ln:72   
     63) Area:2 Z=10  NE-21     bl:10    ln:19   
     64) Area:2 Z=10  NE-22     bl:23    ln:42   
     65) Area:2 Z=11  NA-22     bl:21    ln:24   
     66) Area:2 Z=11  NA-23     bl:343   ln:729  
     67) Area:2 Z=11  NA-24     bl:12    ln:23   
     68) Area:2 Z=11  NA-CMP    bl:7     ln:8    
     69) Area:2 Z=12  MG-0      bl:79    ln:185  
     70) Area:2 Z=12  MG-23     bl:1     ln:1    
     71) Area:2 Z=12  MG-24     bl:147   ln:345  
     72) Area:2 Z=12  MG-25     bl:48    ln:83   
     73) Area:2 Z=12  MG-26     bl:62    ln:119  
     74) Area:2 Z=12  MG-27     bl:2     ln:5    
     75) Area:2 Z=12  MG-CMP    bl:7     ln:8    
     76) Area:2 Z=13  AL-26     bl:21    ln:27   
     77) Area:2 Z=13  AL-27     bl:762   ln:1728 
     78) Area:2 Z=13  AL-28     bl:4     ln:8    
     79) Area:2 Z=13  AL-CMP    bl:5     ln:6    
     80) Area:2 Z=14  SI-0      bl:195   ln:434  
     81) Area:2 Z=14  SI-27     bl:1     ln:1    
     82) Area:2 Z=14  SI-28     bl:250   ln:640  
     83) Area:2 Z=14  SI-29     bl:84    ln:161  
     84) Area:2 Z=14  SI-30     bl:61    ln:109  
     85) Area:2 Z=14  SI-31     bl:5     ln:7    
     86) Area:2 Z=14  SI-32     bl:2     ln:2    
     87) Area:2 Z=14  SI-CMP    bl:2     ln:2    
     88) Area:2 Z=14  SI-OXI    bl:14    ln:25   
     89) Area:2 Z=15  P-29      bl:2     ln:2    
     90) Area:2 Z=15  P-30      bl:1     ln:1    
     91) Area:2 Z=15  P-31      bl:206   ln:401  
     92) Area:2 Z=15  P-32      bl:8     ln:10   
     93) Area:2 Z=16  S-0       bl:95    ln:221  
     94) Area:2 Z=16  S-32      bl:218   ln:492  
     95) Area:2 Z=16  S-33      bl:39    ln:65   
     96) Area:2 Z=16  S-34      bl:49    ln:81   
     97) Area:2 Z=16  S-35      bl:2     ln:2    
     98) Area:2 Z=16  S-36      bl:18    ln:38   
     99) Area:2 Z=16  S-37      bl:1     ln:1    
    100) Area:2 Z=16  S-38      bl:1     ln:1    
    101) Area:2 Z=16  S-39      bl:1     ln:1    
    102) Area:2 Z=16  S-40      bl:1     ln:1    
    103) Area:2 Z=16  S-41      bl:1     ln:1    
    104) Area:2 Z=16  S-42      bl:1     ln:1    
    105) Area:2 Z=16  S-43      bl:1     ln:1    
    106) Area:2 Z=16  S-44      bl:1     ln:1    
    107) Area:2 Z=16  S-45      bl:1     ln:1    
    108) Area:2 Z=17  CL-0      bl:60    ln:126  
    109) Area:2 Z=17  CL-34     bl:1     ln:1    
    110) Area:2 Z=17  CL-35     bl:86    ln:161  
    111) Area:2 Z=17  CL-36     bl:21    ln:29   
    112) Area:2 Z=17  CL-37     bl:51    ln:106  
    113) Area:2 Z=17  CL-38     bl:1     ln:2    
    114) Area:2 Z=17  CL-CMP    bl:9     ln:15   
    115) Area:2 Z=18  AR-0      bl:20    ln:47   
    116) Area:2 Z=18  AR-36     bl:22    ln:30   
    117) Area:2 Z=18  AR-37     bl:17    ln:40   
    118) Area:2 Z=18  AR-38     bl:17    ln:19   
    119) Area:2 Z=18  AR-39     bl:5     ln:6    
    120) Area:2 Z=18  AR-40     bl:47    ln:69   
    121) Area:2 Z=18  AR-41     bl:3     ln:3    
    122) Area:2 Z=19  K-0       bl:38    ln:63   
    123) Area:2 Z=19  K-39      bl:90    ln:182  
    124) Area:2 Z=19  K-40      bl:33    ln:67   
    125) Area:2 Z=19  K-41      bl:89    ln:156  
    126) Area:2 Z=19  K-42      bl:2     ln:2    
    127) Area:2 Z=19  K-CMP     bl:9     ln:13   
    128) Area:2 Z=20  CA-0      bl:91    ln:191  
    129) Area:2 Z=20  CA-40     bl:185   ln:369  
    130) Area:2 Z=20  CA-41     bl:18    ln:26   
    131) Area:2 Z=20  CA-42     bl:48    ln:88   
    132) Area:2 Z=20  CA-43     bl:49    ln:81   
    133) Area:2 Z=20  CA-44     bl:72    ln:132  
    134) Area:2 Z=20  CA-45     bl:10    ln:11   
    135) Area:2 Z=20  CA-46     bl:29    ln:53   
    136) Area:2 Z=20  CA-48     bl:44    ln:78   
    137) Area:2 Z=20  CA-CMP    bl:7     ln:8    
    138) Area:2 Z=21  SC-44     bl:2     ln:3    
    139) Area:2 Z=21  SC-45     bl:175   ln:315  
    140) Area:2 Z=21  SC-46     bl:7     ln:13   
    141) Area:2 Z=21  SC-48     bl:1     ln:1    
    142) Area:2 Z=21  SC-51     bl:3     ln:3    
    143) Area:2 Z=22  TI-0      bl:155   ln:323  
    144) Area:2 Z=22  TI-42     bl:1     ln:1    
    145) Area:2 Z=22  TI-46     bl:123   ln:253  
    146) Area:2 Z=22  TI-47     bl:124   ln:259  
    147) Area:2 Z=22  TI-48     bl:135   ln:279  
    148) Area:2 Z=22  TI-49     bl:59    ln:119  
    149) Area:2 Z=22  TI-50     bl:94    ln:194  
    150) Area:2 Z=22  TI-51     bl:4     ln:5    
    151) Area:2 Z=22  TI-CMP    bl:8     ln:10   
    152) Area:2 Z=23  V-0       bl:13    ln:45   
    153) Area:2 Z=23  V-49      bl:1     ln:1    
    154) Area:2 Z=23  V-50      bl:16    ln:25   
    155) Area:2 Z=23  V-51      bl:339   ln:770  
    156) Area:2 Z=23  V-52      bl:6     ln:10   
    157) Area:2 Z=23  V-CMP     bl:12    ln:16   
    158) Area:2 Z=24  CR-0      bl:229   ln:516  
    159) Area:2 Z=24  CR-49     bl:1     ln:1    
    160) Area:2 Z=24  CR-50     bl:170   ln:335  
    161) Area:2 Z=24  CR-51     bl:11    ln:17   
    162) Area:2 Z=24  CR-52     bl:215   ln:417  
    163) Area:2 Z=24  CR-53     bl:124   ln:270  
    164) Area:2 Z=24  CR-54     bl:95    ln:188  
    165) Area:2 Z=24  CR-55     bl:6     ln:10   
    166) Area:2 Z=24  CR-CMP    bl:12    ln:12   
    167) Area:2 Z=25  MN-51     bl:1     ln:1    
    168) Area:2 Z=25  MN-52     bl:1     ln:2    
    169) Area:2 Z=25  MN-53     bl:2     ln:3    
    170) Area:2 Z=25  MN-54     bl:3     ln:4    
    171) Area:2 Z=25  MN-55     bl:362   ln:726  
    172) Area:2 Z=25  MN-56     bl:13    ln:22   
    173) Area:2 Z=25  MN-CMP    bl:27    ln:28   
    174) Area:2 Z=26  FE-0      bl:440   ln:993  
    175) Area:2 Z=26  FE-52     bl:1     ln:1    
    176) Area:2 Z=26  FE-54     bl:287   ln:578  
    177) Area:2 Z=26  FE-55     bl:13    ln:23   
    178) Area:2 Z=26  FE-56     bl:477   ln:995  
    179) Area:2 Z=26  FE-57     bl:114   ln:242  
    180) Area:2 Z=26  FE-58     bl:100   ln:201  
    181) Area:2 Z=26  FE-59     bl:7     ln:11   
    182) Area:2 Z=26  FE-CMP    bl:41    ln:43   
    183) Area:2 Z=27  CO-55     bl:2     ln:2    
    184) Area:2 Z=27  CO-56     bl:1     ln:1    
    185) Area:2 Z=27  CO-57     bl:3     ln:4    
    186) Area:2 Z=27  CO-58     bl:37    ln:45   
    187) Area:2 Z=27  CO-58-M1  bl:2     ln:2    
    188) Area:2 Z=27  CO-59     bl:534   ln:1124 
    189) Area:2 Z=27  CO-60     bl:22    ln:34   
    190) Area:2 Z=27  CO-CMP    bl:6     ln:7    
    191) Area:2 Z=28  NI-0      bl:347   ln:774  
    192) Area:2 Z=28  NI-56     bl:2     ln:2    
    193) Area:2 Z=28  NI-57     bl:1     ln:2    
    194) Area:2 Z=28  NI-58     bl:461   ln:930  
    195) Area:2 Z=28  NI-59     bl:31    ln:57   
    196) Area:2 Z=28  NI-60     bl:262   ln:487  
    197) Area:2 Z=28  NI-61     bl:124   ln:242  
    198) Area:2 Z=28  NI-62     bl:137   ln:259  
    199) Area:2 Z=28  NI-63     bl:19    ln:25   
    200) Area:2 Z=28  NI-64     bl:111   ln:200  
    201) Area:2 Z=28  NI-65     bl:9     ln:14   
    202) Area:2 Z=28  NI-CMP    bl:7     ln:7    
    203) Area:2 Z=29  CU-0      bl:271   ln:622  
    204) Area:2 Z=29  CU-59     bl:2     ln:3    
    205) Area:2 Z=29  CU-61     bl:1     ln:1    
    206) Area:2 Z=29  CU-63     bl:316   ln:619  
    207) Area:2 Z=29  CU-64     bl:10    ln:15   
    208) Area:2 Z=29  CU-65     bl:208   ln:418  
    209) Area:2 Z=29  CU-66     bl:5     ln:8    
    210) Area:2 Z=29  CU-CMP    bl:8     ln:8    
    211) Area:2 Z=30  ZN-0      bl:96    ln:232  
    212) Area:2 Z=30  ZN-60     bl:1     ln:1    
    213) Area:2 Z=30  ZN-64     bl:171   ln:340  
    214) Area:2 Z=30  ZN-65     bl:10    ln:13   
    215) Area:2 Z=30  ZN-66     bl:74    ln:142  
    216) Area:2 Z=30  ZN-67     bl:56    ln:103  
    217) Area:2 Z=30  ZN-68     bl:78    ln:154  
    218) Area:2 Z=30  ZN-69     bl:3     ln:4    
    219) Area:2 Z=30  ZN-70     bl:24    ln:39   
    220) Area:2 Z=30  ZN-71     bl:1     ln:2    
    221) Area:2 Z=30  ZN-72     bl:2     ln:3    
    222) Area:2 Z=30  ZN-CMP    bl:2     ln:2    
    223) Area:2 Z=31  GA-0      bl:51    ln:94   
    224) Area:2 Z=31  GA-64     bl:1     ln:1    
    225) Area:2 Z=31  GA-67     bl:1     ln:1    
    226) Area:2 Z=31  GA-68     bl:1     ln:1    
    227) Area:2 Z=31  GA-69     bl:61    ln:121  
    228) Area:2 Z=31  GA-70     bl:3     ln:4    
    229) Area:2 Z=31  GA-71     bl:67    ln:129  
    230) Area:2 Z=31  GA-72     bl:4     ln:6    
    231) Area:2 Z=32  GE-0      bl:24    ln:44   
    232) Area:2 Z=32  GE-70     bl:68    ln:109  
    233) Area:2 Z=32  GE-71     bl:2     ln:2    
    234) Area:2 Z=32  GE-72     bl:59    ln:89   
    235) Area:2 Z=32  GE-73     bl:52    ln:79   
    236) Area:2 Z=32  GE-74     bl:69    ln:109  
    237) Area:2 Z=32  GE-75     bl:5     ln:8    
    238) Area:2 Z=32  GE-76     bl:70    ln:119  
    239) Area:2 Z=32  GE-77     bl:5     ln:7    
    240) Area:2 Z=32  GE-CMP    bl:1     ln:1    
    241) Area:2 Z=33  AS-75     bl:187   ln:362  
    242) Area:2 Z=33  AS-76     bl:3     ln:4    
    243) Area:2 Z=33  AS-77     bl:3     ln:5    
    244) Area:2 Z=33  AS-78     bl:1     ln:2    
    245) Area:2 Z=33  AS-CMP    bl:1     ln:2    
    246) Area:2 Z=34  SE-0      bl:34    ln:67   
    247) Area:2 Z=34  SE-73     bl:2     ln:3    
    248) Area:2 Z=34  SE-74     bl:52    ln:89   
    249) Area:2 Z=34  SE-75     bl:6     ln:6    
    250) Area:2 Z=34  SE-76     bl:64    ln:171  
    251) Area:2 Z=34  SE-77     bl:46    ln:81   
    252) Area:2 Z=34  SE-78     bl:65    ln:164  
    253) Area:2 Z=34  SE-79     bl:22    ln:25   
    254) Area:2 Z=34  SE-80     bl:85    ln:184  
    255) Area:2 Z=34  SE-81     bl:5     ln:6    
    256) Area:2 Z=34  SE-82     bl:45    ln:130  
    257) Area:2 Z=34  SE-83     bl:3     ln:3    
    258) Area:2 Z=34  SE-87     bl:1     ln:1    
    259) Area:2 Z=34  SE-88     bl:1     ln:1    
    260) Area:2 Z=34  SE-CMP    bl:4     ln:4    
    261) Area:2 Z=35  BR-0      bl:34    ln:85   
    262) Area:2 Z=35  BR-76     bl:2     ln:6    
    263) Area:2 Z=35  BR-79     bl:87    ln:165  
    264) Area:2 Z=35  BR-80     bl:9     ln:11   
    265) Area:2 Z=35  BR-81     bl:107   ln:195  
    266) Area:2 Z=35  BR-82     bl:8     ln:10   
    267) Area:2 Z=35  BR-85     bl:3     ln:3    
    268) Area:2 Z=35  BR-87     bl:1     ln:1    
    269) Area:2 Z=35  BR-88     bl:1     ln:1    
    270) Area:2 Z=35  BR-89     bl:1     ln:1    
    271) Area:2 Z=35  BR-CMP    bl:1     ln:1    
    272) Area:2 Z=36  KR-0      bl:18    ln:48   
    273) Area:2 Z=36  KR-78     bl:24    ln:37   
    274) Area:2 Z=36  KR-79     bl:8     ln:8    
    275) Area:2 Z=36  KR-80     bl:27    ln:41   
    276) Area:2 Z=36  KR-81     bl:10    ln:10   
    277) Area:2 Z=36  KR-82     bl:32    ln:49   
    278) Area:2 Z=36  KR-83     bl:30    ln:45   
    279) Area:2 Z=36  KR-84     bl:48    ln:80   
    280) Area:2 Z=36  KR-85     bl:20    ln:23   
    281) Area:2 Z=36  KR-86     bl:37    ln:57   
    282) Area:2 Z=36  KR-87     bl:1     ln:1    
    283) Area:2 Z=36  KR-89     bl:1     ln:1    
    284) Area:2 Z=36  KR-90     bl:1     ln:1    
    285) Area:2 Z=36  KR-91     bl:1     ln:1    
    286) Area:2 Z=37  RB-0      bl:19    ln:39   
    287) Area:2 Z=37  RB-84     bl:5     ln:13   
    288) Area:2 Z=37  RB-85     bl:108   ln:170  
    289) Area:2 Z=37  RB-86     bl:12    ln:15   
    290) Area:2 Z=37  RB-87     bl:94    ln:151  
    291) Area:2 Z=37  RB-88     bl:1     ln:1    
    292) Area:2 Z=37  RB-91     bl:1     ln:1    
    293) Area:2 Z=37  RB-92     bl:1     ln:1    
    294) Area:2 Z=37  RB-93     bl:1     ln:1    
    295) Area:2 Z=37  RB-94     bl:1     ln:1    
    296) Area:2 Z=37  RB-CMP    bl:5     ln:5    
    297) Area:2 Z=38  SR-0      bl:32    ln:61   
    298) Area:2 Z=38  SR-84     bl:39    ln:77   
    299) Area:2 Z=38  SR-85     bl:3     ln:4    
    300) Area:2 Z=38  SR-86     bl:55    ln:96   
    301) Area:2 Z=38  SR-87     bl:37    ln:56   
    302) Area:2 Z=38  SR-88     bl:71    ln:109  
    303) Area:2 Z=38  SR-89     bl:15    ln:19   
    304) Area:2 Z=38  SR-90     bl:33    ln:75   
    305) Area:2 Z=38  SR-91     bl:4     ln:6    
    306) Area:2 Z=38  SR-92     bl:1     ln:2    
    307) Area:2 Z=38  SR-93     bl:1     ln:1    
    308) Area:2 Z=38  SR-94     bl:2     ln:3    
    309) Area:2 Z=38  SR-95     bl:1     ln:1    
    310) Area:2 Z=38  SR-96     bl:2     ln:3    
    311) Area:2 Z=38  SR-97     bl:1     ln:1    
    312) Area:2 Z=38  SR-CMP    bl:4     ln:5    
    313) Area:2 Z=39  Y-87      bl:1     ln:1    
    314) Area:2 Z=39  Y-88      bl:3     ln:3    
    315) Area:2 Z=39  Y-89      bl:190   ln:437  
    316) Area:2 Z=39  Y-90      bl:13    ln:15   
    317) Area:2 Z=39  Y-91      bl:14    ln:20   
    318) Area:2 Z=39  Y-93      bl:2     ln:3    
    319) Area:2 Z=39  Y-95      bl:1     ln:1    
    320) Area:2 Z=39  Y-96      bl:1     ln:1    
    321) Area:2 Z=39  Y-97      bl:1     ln:1    
    322) Area:2 Z=39  Y-99      bl:1     ln:1    
    323) Area:2 Z=39  Y-CMP     bl:9     ln:9    
    324) Area:2 Z=40  ZR-0      bl:106   ln:248  
    325) Area:2 Z=40  ZR-100    bl:1     ln:1    
    326) Area:2 Z=40  ZR-101    bl:1     ln:1    
    327) Area:2 Z=40  ZR-102    bl:1     ln:1    
    328) Area:2 Z=40  ZR-103    bl:1     ln:1    
    329) Area:2 Z=40  ZR-89     bl:2     ln:3    
    330) Area:2 Z=40  ZR-90     bl:179   ln:324  
    331) Area:2 Z=40  ZR-91     bl:97    ln:201  
    332) Area:2 Z=40  ZR-92     bl:82    ln:137  
    333) Area:2 Z=40  ZR-93     bl:50    ln:82   
    334) Area:2 Z=40  ZR-94     bl:98    ln:171  
    335) Area:2 Z=40  ZR-95     bl:18    ln:25   
    336) Area:2 Z=40  ZR-96     bl:82    ln:162  
    337) Area:2 Z=40  ZR-97     bl:5     ln:7    
    338) Area:2 Z=40  ZR-98     bl:1     ln:1    
    339) Area:2 Z=40  ZR-99     bl:1     ln:1    
    340) Area:2 Z=40  ZR-HYD    bl:31    ln:53   
    341) Area:2 Z=41  NB-101    bl:1     ln:1    
    342) Area:2 Z=41  NB-102    bl:1     ln:1    
    343) Area:2 Z=41  NB-103    bl:1     ln:1    
    344) Area:2 Z=41  NB-104    bl:1     ln:1    
    345) Area:2 Z=41  NB-92     bl:6     ln:6    
    346) Area:2 Z=41  NB-93     bl:523   ln:1041 
    347) Area:2 Z=41  NB-94     bl:18    ln:24   
    348) Area:2 Z=41  NB-95     bl:18    ln:26   
    349) Area:2 Z=41  NB-99     bl:1     ln:1    
    350) Area:2 Z=41  NB-CMP    bl:6     ln:7    
    351) Area:2 Z=42  MO-0      bl:202   ln:419  
    352) Area:2 Z=42  MO-100    bl:172   ln:307  
    353) Area:2 Z=42  MO-101    bl:4     ln:4    
    354) Area:2 Z=42  MO-102    bl:1     ln:1    
    355) Area:2 Z=42  MO-103    bl:1     ln:1    
    356) Area:2 Z=42  MO-104    bl:1     ln:1    
    357) Area:2 Z=42  MO-105    bl:1     ln:1    
    358) Area:2 Z=42  MO-91     bl:2     ln:4    
    359) Area:2 Z=42  MO-92     bl:181   ln:369  
    360) Area:2 Z=42  MO-93     bl:2     ln:2    
    361) Area:2 Z=42  MO-94     bl:91    ln:165  
    362) Area:2 Z=42  MO-95     bl:141   ln:280  
    363) Area:2 Z=42  MO-96     bl:119   ln:207  
    364) Area:2 Z=42  MO-97     bl:136   ln:269  
    365) Area:2 Z=42  MO-98     bl:195   ln:352  
    366) Area:2 Z=42  MO-99     bl:18    ln:23   
    367) Area:2 Z=43  TC-100    bl:4     ln:5    
    368) Area:2 Z=43  TC-106    bl:1     ln:1    
    369) Area:2 Z=43  TC-107    bl:1     ln:1    
    370) Area:2 Z=43  TC-97     bl:1     ln:1    
    371) Area:2 Z=43  TC-98     bl:2     ln:2    
    372) Area:2 Z=43  TC-99     bl:135   ln:305  
    373) Area:2 Z=44  RU-0      bl:12    ln:20   
    374) Area:2 Z=44  RU-100    bl:28    ln:44   
    375) Area:2 Z=44  RU-101    bl:81    ln:140  
    376) Area:2 Z=44  RU-102    bl:88    ln:169  
    377) Area:2 Z=44  RU-103    bl:33    ln:47   
    378) Area:2 Z=44  RU-104    bl:87    ln:172  
    379) Area:2 Z=44  RU-105    bl:9     ln:11   
    380) Area:2 Z=44  RU-106    bl:28    ln:45   
    381) Area:2 Z=44  RU-108    bl:1     ln:1    
    382) Area:2 Z=44  RU-96     bl:39    ln:68   
    383) Area:2 Z=44  RU-98     bl:13    ln:20   
    384) Area:2 Z=44  RU-99     bl:28    ln:47   
    385) Area:2 Z=45  RH-102    bl:1     ln:1    
    386) Area:2 Z=45  RH-103    bl:250   ln:525  
    387) Area:2 Z=45  RH-104    bl:11    ln:14   
    388) Area:2 Z=45  RH-105    bl:13    ln:17   
    389) Area:2 Z=46  PD-0      bl:26    ln:52   
    390) Area:2 Z=46  PD-102    bl:38    ln:57   
    391) Area:2 Z=46  PD-103    bl:2     ln:2    
    392) Area:2 Z=46  PD-104    bl:53    ln:83   
    393) Area:2 Z=46  PD-105    bl:105   ln:202  
    394) Area:2 Z=46  PD-106    bl:79    ln:127  
    395) Area:2 Z=46  PD-107    bl:81    ln:127  
    396) Area:2 Z=46  PD-108    bl:112   ln:192  
    397) Area:2 Z=46  PD-109    bl:9     ln:13   
    398) Area:2 Z=46  PD-110    bl:71    ln:119  
    399) Area:2 Z=46  PD-111    bl:2     ln:2    
    400) Area:2 Z=46  PD-112    bl:2     ln:3    
    401) Area:2 Z=46  PD-CMP    bl:1     ln:1    
    402) Area:2 Z=47  AG-0      bl:141   ln:309  
    403) Area:2 Z=47  AG-103    bl:1     ln:1    
    404) Area:2 Z=47  AG-106    bl:1     ln:2    
    405) Area:2 Z=47  AG-107    bl:163   ln:329  
    406) Area:2 Z=47  AG-108    bl:7     ln:9    
    407) Area:2 Z=47  AG-109    bl:205   ln:422  
    408) Area:2 Z=47  AG-110    bl:12    ln:14   
    409) Area:2 Z=47  AG-110-M1 bl:2     ln:2    
    410) Area:2 Z=47  AG-111    bl:7     ln:8    
    411) Area:2 Z=47  AG-112    bl:1     ln:1    
    412) Area:2 Z=47  AG-CMP    bl:4     ln:5    
    413) Area:2 Z=48  CD-0      bl:115   ln:253  
    414) Area:2 Z=48  CD-103    bl:1     ln:1    
    415) Area:2 Z=48  CD-106    bl:34    ln:51   
    416) Area:2 Z=48  CD-108    bl:16    ln:24   
    417) Area:2 Z=48  CD-109    bl:1     ln:2    
    418) Area:2 Z=48  CD-110    bl:41    ln:70   
    419) Area:2 Z=48  CD-111    bl:57    ln:88   
    420) Area:2 Z=48  CD-112    bl:50    ln:77   
    421) Area:2 Z=48  CD-113    bl:79    ln:141  
    422) Area:2 Z=48  CD-114    bl:50    ln:78   
    423) Area:2 Z=48  CD-115    bl:9     ln:11   
    424) Area:2 Z=48  CD-115-M1 bl:1     ln:1    
    425) Area:2 Z=48  CD-116    bl:40    ln:65   
    426) Area:2 Z=48  CD-117    bl:1     ln:1    
    427) Area:2 Z=49  IN-0      bl:83    ln:207  
    428) Area:2 Z=49  IN-112    bl:3     ln:5    
    429) Area:2 Z=49  IN-113    bl:70    ln:134  
    430) Area:2 Z=49  IN-114    bl:7     ln:8    
    431) Area:2 Z=49  IN-115    bl:243   ln:518  
    432) Area:2 Z=49  IN-116    bl:4     ln:4    
    433) Area:2 Z=49  IN-124    bl:1     ln:1    
    434) Area:2 Z=50  SN-0      bl:83    ln:174  
    435) Area:2 Z=50  SN-112    bl:47    ln:74   
    436) Area:2 Z=50  SN-113    bl:4     ln:4    
    437) Area:2 Z=50  SN-114    bl:26    ln:35   
    438) Area:2 Z=50  SN-115    bl:23    ln:31   
    439) Area:2 Z=50  SN-116    bl:63    ln:101  
    440) Area:2 Z=50  SN-117    bl:59    ln:86   
    441) Area:2 Z=50  SN-118    bl:73    ln:118  
    442) Area:2 Z=50  SN-119    bl:47    ln:78   
    443) Area:2 Z=50  SN-120    bl:71    ln:117  
    444) Area:2 Z=50  SN-121    bl:9     ln:11   
    445) Area:2 Z=50  SN-122    bl:42    ln:76   
    446) Area:2 Z=50  SN-123    bl:17    ln:21   
    447) Area:2 Z=50  SN-124    bl:52    ln:82   
    448) Area:2 Z=50  SN-125    bl:8     ln:10   
    449) Area:2 Z=50  SN-126    bl:11    ln:14   
    450) Area:2 Z=50  SN-130    bl:1     ln:1    
    451) Area:2 Z=50  SN-131    bl:1     ln:1    
    452) Area:2 Z=50  SN-132    bl:1     ln:1    
    453) Area:2 Z=50  SN-CMP    bl:4     ln:6    
    454) Area:2 Z=51  SB-0      bl:76    ln:156  
    455) Area:2 Z=51  SB-120    bl:5     ln:9    
    456) Area:2 Z=51  SB-121    bl:94    ln:162  
    457) Area:2 Z=51  SB-122    bl:10    ln:13   
    458) Area:2 Z=51  SB-123    bl:85    ln:150  
    459) Area:2 Z=51  SB-124    bl:15    ln:21   
    460) Area:2 Z=51  SB-125    bl:14    ln:17   
    461) Area:2 Z=51  SB-126    bl:7     ln:9    
    462) Area:2 Z=51  SB-127    bl:3     ln:5    
    463) Area:2 Z=51  SB-128    bl:2     ln:3    
    464) Area:2 Z=51  SB-130    bl:1     ln:1    
    465) Area:2 Z=51  SB-131    bl:1     ln:1    
    466) Area:2 Z=51  SB-132    bl:1     ln:1    
    467) Area:2 Z=51  SB-133    bl:1     ln:1    
    468) Area:2 Z=51  SB-CMP    bl:1     ln:1    
    469) Area:2 Z=52  TE-0      bl:42    ln:86   
    470) Area:2 Z=52  TE-116    bl:1     ln:1    
    471) Area:2 Z=52  TE-117    bl:1     ln:1    
    472) Area:2 Z=52  TE-118    bl:1     ln:1    
    473) Area:2 Z=52  TE-119    bl:2     ln:2    
    474) Area:2 Z=52  TE-120    bl:16    ln:22   
    475) Area:2 Z=52  TE-121    bl:2     ln:2    
    476) Area:2 Z=52  TE-122    bl:44    ln:79   
    477) Area:2 Z=52  TE-123    bl:45    ln:89   
    478) Area:2 Z=52  TE-124    bl:39    ln:71   
    479) Area:2 Z=52  TE-125    bl:39    ln:68   
    480) Area:2 Z=52  TE-126    bl:45    ln:80   
    481) Area:2 Z=52  TE-127    bl:14    ln:18   
    482) Area:2 Z=52  TE-127-M1 bl:2     ln:2    
    483) Area:2 Z=52  TE-128    bl:68    ln:126  
    484) Area:2 Z=52  TE-129    bl:13    ln:17   
    485) Area:2 Z=52  TE-129-M1 bl:2     ln:2    
    486) Area:2 Z=52  TE-130    bl:59    ln:107  
    487) Area:2 Z=52  TE-131    bl:8     ln:10   
    488) Area:2 Z=52  TE-132    bl:8     ln:10   
    489) Area:2 Z=52  TE-133    bl:2     ln:2    
    490) Area:2 Z=52  TE-134    bl:1     ln:1    
    491) Area:2 Z=52  TE-135    bl:1     ln:1    
    492) Area:2 Z=53  I-125     bl:3     ln:5    
    493) Area:2 Z=53  I-126     bl:1     ln:1    
    494) Area:2 Z=53  I-127     bl:252   ln:525  
    495) Area:2 Z=53  I-128     bl:6     ln:6    
    496) Area:2 Z=53  I-129     bl:90    ln:167  
    497) Area:2 Z=53  I-130     bl:12    ln:14   
    498) Area:2 Z=53  I-131     bl:15    ln:20   
    499) Area:2 Z=53  I-132     bl:1     ln:1    
    500) Area:2 Z=53  I-133     bl:6     ln:8    
    501) Area:2 Z=53  I-134     bl:1     ln:1    
    502) Area:2 Z=53  I-135     bl:12    ln:14   
    503) Area:2 Z=53  I-136     bl:1     ln:1    
    504) Area:2 Z=53  I-137     bl:1     ln:1    
    505) Area:2 Z=53  I-138     bl:1     ln:1    
    506) Area:2 Z=54  XE-0      bl:18    ln:38   
    507) Area:2 Z=54  XE-124    bl:21    ln:31   
    508) Area:2 Z=54  XE-125    bl:2     ln:3    
    509) Area:2 Z=54  XE-126    bl:24    ln:32   
    510) Area:2 Z=54  XE-127    bl:2     ln:4    
    511) Area:2 Z=54  XE-128    bl:28    ln:44   
    512) Area:2 Z=54  XE-129    bl:31    ln:50   
    513) Area:2 Z=54  XE-130    bl:28    ln:42   
    514) Area:2 Z=54  XE-131    bl:59    ln:103  
    515) Area:2 Z=54  XE-132    bl:46    ln:76   
    516) Area:2 Z=54  XE-133    bl:14    ln:18   
    517) Area:2 Z=54  XE-134    bl:34    ln:57   
    518) Area:2 Z=54  XE-135    bl:33    ln:40   
    519) Area:2 Z=54  XE-136    bl:32    ln:52   
    520) Area:2 Z=54  XE-137    bl:1     ln:1    
    521) Area:2 Z=54  XE-138    bl:1     ln:1    
    522) Area:2 Z=54  XE-139    bl:1     ln:1    
    523) Area:2 Z=54  XE-140    bl:1     ln:1    
    524) Area:2 Z=55  CS-132    bl:2     ln:4    
    525) Area:2 Z=55  CS-133    bl:208   ln:414  
    526) Area:2 Z=55  CS-134    bl:25    ln:32   
    527) Area:2 Z=55  CS-135    bl:59    ln:104  
    528) Area:2 Z=55  CS-136    bl:13    ln:17   
    529) Area:2 Z=55  CS-137    bl:49    ln:93   
    530) Area:2 Z=55  CS-139    bl:1     ln:1    
    531) Area:2 Z=55  CS-140    bl:1     ln:1    
    532) Area:2 Z=55  CS-141    bl:1     ln:1    
    533) Area:2 Z=55  CS-142    bl:1     ln:1    
    534) Area:2 Z=55  CS-143    bl:1     ln:1    
    535) Area:2 Z=55  CS-CMP    bl:23    ln:36   
    536) Area:2 Z=56  BA-0      bl:42    ln:92   
    537) Area:2 Z=56  BA-130    bl:35    ln:59   
    538) Area:2 Z=56  BA-131    bl:3     ln:3    
    539) Area:2 Z=56  BA-132    bl:34    ln:59   
    540) Area:2 Z=56  BA-133    bl:1     ln:1    
    541) Area:2 Z=56  BA-134    bl:57    ln:119  
    542) Area:2 Z=56  BA-135    bl:58    ln:121  
    543) Area:2 Z=56  BA-136    bl:78    ln:165  
    544) Area:2 Z=56  BA-137    bl:80    ln:148  
    545) Area:2 Z=56  BA-138    bl:112   ln:234  
    546) Area:2 Z=56  BA-139    bl:4     ln:4    
    547) Area:2 Z=56  BA-140    bl:14    ln:18   
    548) Area:2 Z=56  BA-141    bl:1     ln:1    
    549) Area:2 Z=56  BA-142    bl:1     ln:1    
    550) Area:2 Z=56  BA-143    bl:1     ln:1    
    551) Area:2 Z=56  BA-144    bl:1     ln:1    
    552) Area:2 Z=56  BA-145    bl:1     ln:1    
    553) Area:2 Z=56  BA-146    bl:1     ln:1    
    554) Area:2 Z=56  BA-CMP    bl:1     ln:1    
    555) Area:2 Z=57  LA-0      bl:2     ln:4    
    556) Area:2 Z=57  LA-138    bl:14    ln:23   
    557) Area:2 Z=57  LA-139    bl:198   ln:393  
    558) Area:2 Z=57  LA-140    bl:12    ln:13   
    559) Area:2 Z=57  LA-144    bl:2     ln:2    
    560) Area:2 Z=57  LA-145    bl:1     ln:1    
    561) Area:2 Z=57  LA-CMP    bl:2     ln:5    
    562) Area:2 Z=58  CE-0      bl:43    ln:101  
    563) Area:2 Z=58  CE-136    bl:13    ln:20   
    564) Area:2 Z=58  CE-137    bl:2     ln:2    
    565) Area:2 Z=58  CE-138    bl:11    ln:19   
    566) Area:2 Z=58  CE-140    bl:124   ln:235  
    567) Area:2 Z=58  CE-141    bl:16    ln:21   
    568) Area:2 Z=58  CE-142    bl:90    ln:177  
    569) Area:2 Z=58  CE-143    bl:10    ln:11   
    570) Area:2 Z=58  CE-144    bl:25    ln:42   
    571) Area:2 Z=58  CE-CMP    bl:4     ln:5    
    572) Area:2 Z=59  PR-139    bl:1     ln:1    
    573) Area:2 Z=59  PR-141    bl:176   ln:388  
    574) Area:2 Z=59  PR-142    bl:11    ln:12   
    575) Area:2 Z=59  PR-143    bl:13    ln:18   
    576) Area:2 Z=59  PR-145    bl:3     ln:4    
    577) Area:2 Z=59  PR-CMP    bl:1     ln:1    
    578) Area:2 Z=60  ND-0      bl:38    ln:73   
    579) Area:2 Z=60  ND-139    bl:1     ln:1    
    580) Area:2 Z=60  ND-140    bl:1     ln:1    
    581) Area:2 Z=60  ND-141    bl:1     ln:1    
    582) Area:2 Z=60  ND-142    bl:78    ln:167  
    583) Area:2 Z=60  ND-143    bl:130   ln:276  
    584) Area:2 Z=60  ND-144    bl:87    ln:179  
    585) Area:2 Z=60  ND-145    bl:109   ln:210  
    586) Area:2 Z=60  ND-146    bl:107   ln:220  
    587) Area:2 Z=60  ND-147    bl:35    ln:47   
    588) Area:2 Z=60  ND-148    bl:100   ln:205  
    589) Area:2 Z=60  ND-149    bl:3     ln:3    
    590) Area:2 Z=60  ND-150    bl:93    ln:187  
    591) Area:2 Z=60  ND-151    bl:5     ln:5    
    592) Area:2 Z=60  ND-CMP    bl:2     ln:2    
    593) Area:2 Z=61  PM-147    bl:85    ln:156  
    594) Area:2 Z=61  PM-148    bl:32    ln:46   
    595) Area:2 Z=61  PM-148-M1 bl:1     ln:1    
    596) Area:2 Z=61  PM-149    bl:17    ln:23   
    597) Area:2 Z=61  PM-151    bl:8     ln:10   
    598) Area:2 Z=62  SM-0      bl:49    ln:108  
    599) Area:2 Z=62  SM-143    bl:2     ln:3    
    600) Area:2 Z=62  SM-144    bl:42    ln:68   
    601) Area:2 Z=62  SM-145    bl:1     ln:2    
    602) Area:2 Z=62  SM-147    bl:101   ln:203  
    603) Area:2 Z=62  SM-148    bl:87    ln:165  
    604) Area:2 Z=62  SM-149    bl:142   ln:278  
    605) Area:2 Z=62  SM-150    bl:94    ln:167  
    606) Area:2 Z=62  SM-151    bl:83    ln:133  
    607) Area:2 Z=62  SM-152    bl:131   ln:243  
    608) Area:2 Z=62  SM-153    bl:21    ln:26   
    609) Area:2 Z=62  SM-154    bl:97    ln:181  
    610) Area:2 Z=62  SM-155    bl:6     ln:6    
    611) Area:2 Z=62  SM-156    bl:3     ln:4    
    612) Area:2 Z=63  EU-0      bl:40    ln:80   
    613) Area:2 Z=63  EU-151    bl:132   ln:238  
    614) Area:2 Z=63  EU-152    bl:26    ln:35   
    615) Area:2 Z=63  EU-153    bl:122   ln:214  
    616) Area:2 Z=63  EU-154    bl:41    ln:49   
    617) Area:2 Z=63  EU-155    bl:46    ln:76   
    618) Area:2 Z=63  EU-156    bl:15    ln:20   
    619) Area:2 Z=63  EU-157    bl:7     ln:9    
    620) Area:2 Z=63  EU-158    bl:1     ln:1    
    621) Area:2 Z=63  EU-CMP    bl:1     ln:1    
    622) Area:2 Z=64  GD-0      bl:51    ln:119  
    623) Area:2 Z=64  GD-152    bl:35    ln:50   
    624) Area:2 Z=64  GD-153    bl:11    ln:13   
    625) Area:2 Z=64  GD-154    bl:40    ln:72   
    626) Area:2 Z=64  GD-155    bl:81    ln:160  
    627) Area:2 Z=64  GD-156    bl:85    ln:161  
    628) Area:2 Z=64  GD-157    bl:91    ln:182  
    629) Area:2 Z=64  GD-158    bl:67    ln:119  
    630) Area:2 Z=64  GD-159    bl:10    ln:11   
    631) Area:2 Z=64  GD-160    bl:56    ln:101  
    632) Area:2 Z=64  GD-161    bl:5     ln:5    
    633) Area:2 Z=65  TB-159    bl:144   ln:302  
    634) Area:2 Z=65  TB-160    bl:16    ln:17   
    635) Area:2 Z=65  TB-161    bl:3     ln:4    
    636) Area:2 Z=65  TB-CMP    bl:3     ln:4    
    637) Area:2 Z=66  DY-0      bl:35    ln:89   
    638) Area:2 Z=66  DY-156    bl:16    ln:24   
    639) Area:2 Z=66  DY-157    bl:3     ln:3    
    640) Area:2 Z=66  DY-158    bl:16    ln:25   
    641) Area:2 Z=66  DY-159    bl:2     ln:2    
    642) Area:2 Z=66  DY-160    bl:32    ln:61   
    643) Area:2 Z=66  DY-161    bl:46    ln:86   
    644) Area:2 Z=66  DY-162    bl:54    ln:99   
    645) Area:2 Z=66  DY-163    bl:58    ln:104  
    646) Area:2 Z=66  DY-164    bl:92    ln:157  
    647) Area:2 Z=66  DY-165    bl:12    ln:17   
    648) Area:2 Z=66  DY-CMP    bl:1     ln:1    
    649) Area:2 Z=67  HO-163    bl:1     ln:1    
    650) Area:2 Z=67  HO-164    bl:1     ln:2    
    651) Area:2 Z=67  HO-165    bl:167   ln:346  
    652) Area:2 Z=67  HO-166    bl:13    ln:23   
    653) Area:2 Z=67  HO-CMP    bl:1     ln:2    
    654) Area:2 Z=68  ER-0      bl:30    ln:72   
    655) Area:2 Z=68  ER-162    bl:21    ln:37   
    656) Area:2 Z=68  ER-163    bl:4     ln:4    
    657) Area:2 Z=68  ER-164    bl:25    ln:40   
    658) Area:2 Z=68  ER-165    bl:5     ln:6    
    659) Area:2 Z=68  ER-166    bl:41    ln:78   
    660) Area:2 Z=68  ER-167    bl:59    ln:108  
    661) Area:2 Z=68  ER-168    bl:50    ln:73   
    662) Area:2 Z=68  ER-169    bl:5     ln:5    
    663) Area:2 Z=68  ER-170    bl:49    ln:90   
    664) Area:2 Z=68  ER-171    bl:3     ln:3    
    665) Area:2 Z=68  ER-CMP    bl:5     ln:8    
    666) Area:2 Z=69  TM-169    bl:113   ln:259  
    667) Area:2 Z=69  TM-170    bl:12    ln:12   
    668) Area:2 Z=69  TM-171    bl:1     ln:1    
    669) Area:2 Z=70  YB-0      bl:25    ln:59   
    670) Area:2 Z=70  YB-168    bl:19    ln:45   
    671) Area:2 Z=70  YB-169    bl:2     ln:2    
    672) Area:2 Z=70  YB-170    bl:24    ln:74   
    673) Area:2 Z=70  YB-171    bl:24    ln:53   
    674) Area:2 Z=70  YB-172    bl:21    ln:49   
    675) Area:2 Z=70  YB-173    bl:26    ln:57   
    676) Area:2 Z=70  YB-174    bl:38    ln:79   
    677) Area:2 Z=70  YB-175    bl:5     ln:5    
    678) Area:2 Z=70  YB-176    bl:44    ln:89   
    679) Area:2 Z=70  YB-177    bl:4     ln:4    
    680) Area:2 Z=71  LU-0      bl:27    ln:50   
    681) Area:2 Z=71  LU-175    bl:91    ln:175  
    682) Area:2 Z=71  LU-176    bl:57    ln:97   
    683) Area:2 Z=71  LU-177    bl:7     ln:7    
    684) Area:2 Z=71  LU-177-M1 bl:1     ln:1    
    685) Area:2 Z=71  LU-178    bl:3     ln:3    
    686) Area:2 Z=72  HF-0      bl:55    ln:133  
    687) Area:2 Z=72  HF-174    bl:27    ln:48   
    688) Area:2 Z=72  HF-175    bl:5     ln:5    
    689) Area:2 Z=72  HF-176    bl:29    ln:62   
    690) Area:2 Z=72  HF-177    bl:50    ln:112  
    691) Area:2 Z=72  HF-178    bl:63    ln:106  
    692) Area:2 Z=72  HF-179    bl:63    ln:112  
    693) Area:2 Z=72  HF-180    bl:65    ln:109  
    694) Area:2 Z=72  HF-181    bl:7     ln:7    
    695) Area:2 Z=72  HF-182    bl:1     ln:1    
    696) Area:2 Z=72  HF-CMP    bl:2     ln:3    
    697) Area:2 Z=73  TA-0      bl:10    ln:40   
    698) Area:2 Z=73  TA-179    bl:1     ln:1    
    699) Area:2 Z=73  TA-180    bl:6     ln:6    
    700) Area:2 Z=73  TA-180-M1 bl:1     ln:1    
    701) Area:2 Z=73  TA-181    bl:296   ln:593  
    702) Area:2 Z=73  TA-182    bl:14    ln:17   
    703) Area:2 Z=73  TA-CMP    bl:5     ln:8    
    704) Area:2 Z=74  W-0       bl:115   ln:276  
    705) Area:2 Z=74  W-180     bl:12    ln:14   
    706) Area:2 Z=74  W-181     bl:2     ln:2    
    707) Area:2 Z=74  W-182     bl:88    ln:179  
    708) Area:2 Z=74  W-183     bl:79    ln:180  
    709) Area:2 Z=74  W-184     bl:104   ln:208  
    710) Area:2 Z=74  W-185     bl:9     ln:10   
    711) Area:2 Z=74  W-186     bl:146   ln:274  
    712) Area:2 Z=74  W-187     bl:6     ln:6    
    713) Area:2 Z=74  W-CMP     bl:1     ln:1    
    714) Area:2 Z=75  RE-0      bl:15    ln:41   
    715) Area:2 Z=75  RE-185    bl:36    ln:56   
    716) Area:2 Z=75  RE-186    bl:6     ln:6    
    717) Area:2 Z=75  RE-187    bl:57    ln:82   
    718) Area:2 Z=75  RE-188    bl:5     ln:6    
    719) Area:2 Z=76  OS-0      bl:10    ln:11   
    720) Area:2 Z=76  OS-184    bl:12    ln:19   
    721) Area:2 Z=76  OS-186    bl:8     ln:9    
    722) Area:2 Z=76  OS-187    bl:17    ln:17   
    723) Area:2 Z=76  OS-188    bl:22    ln:28   
    724) Area:2 Z=76  OS-189    bl:22    ln:34   
    725) Area:2 Z=76  OS-190    bl:40    ln:70   
    726) Area:2 Z=76  OS-191    bl:3     ln:3    
    727) Area:2 Z=76  OS-192    bl:33    ln:61   
    728) Area:2 Z=76  OS-193    bl:1     ln:3    
    729) Area:2 Z=77  IR-0      bl:28    ln:52   
    730) Area:2 Z=77  IR-189    bl:1     ln:1    
    731) Area:2 Z=77  IR-190    bl:1     ln:1    
    732) Area:2 Z=77  IR-191    bl:68    ln:106  
    733) Area:2 Z=77  IR-192    bl:7     ln:7    
    734) Area:2 Z=77  IR-193    bl:49    ln:78   
    735) Area:2 Z=77  IR-194    bl:5     ln:6    
    736) Area:2 Z=78  PT-0      bl:37    ln:96   
    737) Area:2 Z=78  PT-190    bl:5     ln:6    
    738) Area:2 Z=78  PT-192    bl:16    ln:37   
    739) Area:2 Z=78  PT-193    bl:3     ln:3    
    740) Area:2 Z=78  PT-194    bl:30    ln:59   
    741) Area:2 Z=78  PT-195    bl:23    ln:78   
    742) Area:2 Z=78  PT-196    bl:29    ln:56   
    743) Area:2 Z=78  PT-198    bl:38    ln:82   
    744) Area:2 Z=78  PT-199    bl:1     ln:1    
    745) Area:2 Z=78  PT-CMP    bl:2     ln:2    
    746) Area:2 Z=79  AU-193    bl:1     ln:1    
    747) Area:2 Z=79  AU-194    bl:1     ln:1    
    748) Area:2 Z=79  AU-195    bl:1     ln:1    
    749) Area:2 Z=79  AU-196    bl:1     ln:1    
    750) Area:2 Z=79  AU-197    bl:408   ln:881  
    751) Area:2 Z=79  AU-198    bl:18    ln:24   
    752) Area:2 Z=79  AU-199    bl:1     ln:1    
    753) Area:2 Z=79  AU-CMP    bl:2     ln:3    
    754) Area:2 Z=80  HG-0      bl:67    ln:150  
    755) Area:2 Z=80  HG-194    bl:2     ln:2    
    756) Area:2 Z=80  HG-195    bl:4     ln:4    
    757) Area:2 Z=80  HG-196    bl:40    ln:51   
    758) Area:2 Z=80  HG-197    bl:4     ln:4    
    759) Area:2 Z=80  HG-198    bl:48    ln:81   
    760) Area:2 Z=80  HG-199    bl:65    ln:118  
    761) Area:2 Z=80  HG-200    bl:43    ln:50   
    762) Area:2 Z=80  HG-201    bl:43    ln:74   
    763) Area:2 Z=80  HG-202    bl:45    ln:58   
    764) Area:2 Z=80  HG-203    bl:2     ln:2    
    765) Area:2 Z=80  HG-204    bl:35    ln:46   
    766) Area:2 Z=81  TL-0      bl:42    ln:85   
    767) Area:2 Z=81  TL-203    bl:44    ln:81   
    768) Area:2 Z=81  TL-204    bl:6     ln:6    
    769) Area:2 Z=81  TL-205    bl:37    ln:64   
    770) Area:2 Z=81  TL-206    bl:3     ln:3    
    771) Area:2 Z=81  TL-CMP    bl:2     ln:2    
    772) Area:2 Z=82  PB-0      bl:278   ln:611  
    773) Area:2 Z=82  PB-194    bl:1     ln:1    
    774) Area:2 Z=82  PB-198    bl:1     ln:1    
    775) Area:2 Z=82  PB-202    bl:1     ln:1    
    776) Area:2 Z=82  PB-204    bl:72    ln:138  
    777) Area:2 Z=82  PB-205    bl:6     ln:6    
    778) Area:2 Z=82  PB-206    bl:89    ln:163  
    779) Area:2 Z=82  PB-207    bl:91    ln:174  
    780) Area:2 Z=82  PB-208    bl:192   ln:308  
    781) Area:2 Z=82  PB-209    bl:4     ln:4    
    782) Area:2 Z=82  PB-CMP    bl:1     ln:1    
    783) Area:2 Z=83  BI-208    bl:5     ln:5    
    784) Area:2 Z=83  BI-209    bl:355   ln:755  
    785) Area:2 Z=83  BI-210    bl:4     ln:5    
    786) Area:2 Z=83  BI-CMP    bl:1     ln:1    
    787) Area:2 Z=84  PO-204    bl:1     ln:1    
    788) Area:2 Z=84  PO-210    bl:7     ln:8    
    789) Area:2 Z=84  PO-212    bl:1     ln:1    
    790) Area:2 Z=86  RN-206    bl:1     ln:1    
    791) Area:2 Z=86  RN-214    bl:1     ln:1    
    792) Area:2 Z=88  RA-223    bl:11    ln:15   
    793) Area:2 Z=88  RA-224    bl:9     ln:13   
    794) Area:2 Z=88  RA-225    bl:8     ln:12   
    795) Area:2 Z=88  RA-226    bl:38    ln:68   
    796) Area:2 Z=88  RA-227    bl:1     ln:1    
    797) Area:2 Z=88  RA-228    bl:2     ln:2    
    798) Area:2 Z=89  AC-223    bl:1     ln:1    
    799) Area:2 Z=89  AC-225    bl:10    ln:14   
    800) Area:2 Z=89  AC-226    bl:9     ln:13   
    801) Area:2 Z=89  AC-227    bl:30    ln:46   
    802) Area:2 Z=89  AC-229    bl:1     ln:1    
    803) Area:2 Z=89  AC-231    bl:1     ln:1    
    804) Area:2 Z=90  TH-224    bl:2     ln:4    
    805) Area:2 Z=90  TH-226    bl:2     ln:4    
    806) Area:2 Z=90  TH-227    bl:21    ln:43   
    807) Area:2 Z=90  TH-228    bl:32    ln:47   
    808) Area:2 Z=90  TH-229    bl:69    ln:106  
    809) Area:2 Z=90  TH-230    bl:99    ln:140  
    810) Area:2 Z=90  TH-231    bl:12    ln:13   
    811) Area:2 Z=90  TH-232    bl:628   ln:1349 
    812) Area:2 Z=90  TH-233    bl:34    ln:42   
    813) Area:2 Z=90  TH-234    bl:19    ln:27   
    814) Area:2 Z=90  TH-236    bl:1     ln:3    
    815) Area:2 Z=90  TH-CMP    bl:2     ln:3    
    816) Area:2 Z=91  PA-223    bl:1     ln:1    
    817) Area:2 Z=91  PA-225    bl:1     ln:1    
    818) Area:2 Z=91  PA-227    bl:1     ln:1    
    819) Area:2 Z=91  PA-229    bl:2     ln:2    
    820) Area:2 Z=91  PA-230    bl:4     ln:4    
    821) Area:2 Z=91  PA-231    bl:97    ln:169  
    822) Area:2 Z=91  PA-232    bl:23    ln:29   
    823) Area:2 Z=91  PA-233    bl:42    ln:67   
    824) Area:2 Z=91  PA-234    bl:3     ln:3    
    825) Area:2 Z=91  PA-235    bl:1     ln:1    
    826) Area:2 Z=91  PA-237    bl:1     ln:1    
    827) Area:2 Z=91  PA-238    bl:1     ln:1    
    828) Area:2 Z=92  U-0       bl:147   ln:229  
    829) Area:2 Z=92  U-230     bl:1     ln:1    
    830) Area:2 Z=92  U-231     bl:4     ln:4    
    831) Area:2 Z=92  U-232     bl:70    ln:130  
    832) Area:2 Z=92  U-233     bl:490   ln:996  
    833) Area:2 Z=92  U-234     bl:139   ln:220  
    834) Area:2 Z=92  U-235     bl:1454  ln:3132 
    835) Area:2 Z=92  U-236     bl:165   ln:323  
    836) Area:2 Z=92  U-237     bl:47    ln:65   
    837) Area:2 Z=92  U-238     bl:1079  ln:2347 
    838) Area:2 Z=92  U-239     bl:20    ln:25   
    839) Area:2 Z=92  U-240     bl:2     ln:4    
    840) Area:2 Z=92  U-242     bl:1     ln:3    
    841) Area:2 Z=92  U-244     bl:1     ln:3    
    842) Area:2 Z=92  U-246     bl:1     ln:3    
    843) Area:2 Z=92  U-248     bl:1     ln:3    
    844) Area:2 Z=92  U-CMP     bl:5     ln:6    
    845) Area:2 Z=92  U-OXI     bl:8     ln:11   
    846) Area:2 Z=93  NP-231    bl:1     ln:1    
    847) Area:2 Z=93  NP-233    bl:6     ln:6    
    848) Area:2 Z=93  NP-234    bl:4     ln:4    
    849) Area:2 Z=93  NP-235    bl:8     ln:10   
    850) Area:2 Z=93  NP-236    bl:17    ln:20   
    851) Area:2 Z=93  NP-237    bl:326   ln:660  
    852) Area:2 Z=93  NP-238    bl:58    ln:78   
    853) Area:2 Z=93  NP-239    bl:14    ln:25   
    854) Area:2 Z=93  NP-240    bl:1     ln:1    
    855) Area:2 Z=93  NP-241    bl:1     ln:1    
    856) Area:2 Z=93  NP-243    bl:1     ln:1    
    857) Area:2 Z=94  PU-232    bl:1     ln:3    
    858) Area:2 Z=94  PU-233    bl:1     ln:1    
    859) Area:2 Z=94  PU-234    bl:3     ln:5    
    860) Area:2 Z=94  PU-235    bl:2     ln:2    
    861) Area:2 Z=94  PU-236    bl:46    ln:74   
    862) Area:2 Z=94  PU-237    bl:23    ln:25   
    863) Area:2 Z=94  PU-238    bl:153   ln:237  
    864) Area:2 Z=94  PU-239    bl:950   ln:2071 
    865) Area:2 Z=94  PU-240    bl:399   ln:777  
    866) Area:2 Z=94  PU-241    bl:385   ln:765  
    867) Area:2 Z=94  PU-242    bl:235   ln:406  
    868) Area:2 Z=94  PU-243    bl:23    ln:24   
    869) Area:2 Z=94  PU-244    bl:66    ln:96   
    870) Area:2 Z=94  PU-245    bl:2     ln:2    
    871) Area:2 Z=94  PU-246    bl:6     ln:10   
    872) Area:2 Z=94  PU-248    bl:1     ln:3    
    873) Area:2 Z=95  AM-237    bl:3     ln:3    
    874) Area:2 Z=95  AM-238    bl:3     ln:3    
    875) Area:2 Z=95  AM-239    bl:5     ln:5    
    876) Area:2 Z=95  AM-240    bl:6     ln:7    
    877) Area:2 Z=95  AM-241    bl:271   ln:512  
    878) Area:2 Z=95  AM-242    bl:120   ln:174  
    879) Area:2 Z=95  AM-242-M1 bl:4     ln:4    
    880) Area:2 Z=95  AM-243    bl:144   ln:239  
    881) Area:2 Z=95  AM-244    bl:33    ln:42   
    882) Area:2 Z=95  AM-244-M1 bl:3     ln:3    
    883) Area:2 Z=95  AM-245    bl:2     ln:2    
    884) Area:2 Z=95  AM-247    bl:1     ln:1    
    885) Area:2 Z=96  CM-238    bl:1     ln:3    
    886) Area:2 Z=96  CM-240    bl:7     ln:11   
    887) Area:2 Z=96  CM-241    bl:22    ln:28   
    888) Area:2 Z=96  CM-242    bl:75    ln:105  
    889) Area:2 Z=96  CM-243    bl:67    ln:90   
    890) Area:2 Z=96  CM-244    bl:107   ln:160  
    891) Area:2 Z=96  CM-245    bl:90    ln:124  
    892) Area:2 Z=96  CM-246    bl:73    ln:91   
    893) Area:2 Z=96  CM-247    bl:68    ln:90   
    894) Area:2 Z=96  CM-248    bl:69    ln:86   
    895) Area:2 Z=96  CM-249    bl:29    ln:35   
    896) Area:2 Z=96  CM-250    bl:21    ln:27   
    897) Area:2 Z=96  CM-252    bl:1     ln:3    
    898) Area:2 Z=96  CM-254    bl:3     ln:5    
    899) Area:2 Z=97  BK-243    bl:2     ln:2    
    900) Area:2 Z=97  BK-244    bl:2     ln:2    
    901) Area:2 Z=97  BK-245    bl:3     ln:3    
    902) Area:2 Z=97  BK-246    bl:2     ln:2    
    903) Area:2 Z=97  BK-247    bl:12    ln:14   
    904) Area:2 Z=97  BK-248    bl:1     ln:1    
    905) Area:2 Z=97  BK-249    bl:35    ln:41   
    906) Area:2 Z=97  BK-250    bl:20    ln:27   
    907) Area:2 Z=97  BK-251    bl:1     ln:1    
    908) Area:2 Z=98  CF-242    bl:1     ln:3    
    909) Area:2 Z=98  CF-244    bl:1     ln:3    
    910) Area:2 Z=98  CF-246    bl:6     ln:8    
    911) Area:2 Z=98  CF-248    bl:5     ln:7    
    912) Area:2 Z=98  CF-249    bl:70    ln:111  
    913) Area:2 Z=98  CF-250    bl:48    ln:67   
    914) Area:2 Z=98  CF-251    bl:63    ln:101  
    915) Area:2 Z=98  CF-252    bl:327   ln:547  
    916) Area:2 Z=98  CF-253    bl:10    ln:10   
    917) Area:2 Z=98  CF-254    bl:24    ln:30   
    918) Area:2 Z=98  CF-256    bl:1     ln:1    
    919) Area:2 Z=99  ES-251    bl:2     ln:2    
    920) Area:2 Z=99  ES-252    bl:2     ln:2    
    921) Area:2 Z=99  ES-253    bl:15    ln:15   
    922) Area:2 Z=99  ES-254    bl:26    ln:30   
    923) Area:2 Z=99  ES-254-M1 bl:1     ln:1    
    924) Area:2 Z=99  ES-255    bl:14    ln:18   
    925) Area:2 Z=100 FM-242    bl:1     ln:3    
    926) Area:2 Z=100 FM-244    bl:3     ln:5    
    927) Area:2 Z=100 FM-246    bl:3     ln:5    
    928) Area:2 Z=100 FM-248    bl:2     ln:4    
    929) Area:2 Z=100 FM-250    bl:1     ln:3    
    930) Area:2 Z=100 FM-252    bl:3     ln:5    
    931) Area:2 Z=100 FM-254    bl:10    ln:13   
    932) Area:2 Z=100 FM-255    bl:18    ln:23   
    933) Area:2 Z=100 FM-256    bl:10    ln:13   
    934) Area:2 Z=100 FM-257    bl:9     ln:10   
    935) Area:2 Z=100 FM-258    bl:9     ln:12   
    936) Area:2 Z=100 FM-259    bl:4     ln:4    
    937) Area:2 Z=101 MD-256    bl:1     ln:1    
    938) Area:2 Z=101 MD-257    bl:1     ln:1    
    939) Area:2 Z=101 MD-259    bl:3     ln:3    
    940) Area:2 Z=101 MD-260    bl:4     ln:5    
    941) Area:2 Z=102 NO-250    bl:1     ln:3    
    942) Area:2 Z=102 NO-252    bl:4     ln:6    
    943) Area:2 Z=102 NO-254    bl:1     ln:3    
    944) Area:2 Z=102 NO-256    bl:4     ln:6    
    945) Area:2 Z=102 NO-258    bl:5     ln:7    
    946) Area:2 Z=102 NO-260    bl:4     ln:6    
    947) Area:2 Z=102 NO-262    bl:3     ln:5    
    948) Area:2 Z=102 NO-263    bl:1     ln:1    
    949) Area:2 Z=102 NO-264    bl:1     ln:3    
    950) Area:2 Z=102 NO-266    bl:1     ln:3    
    951) Area:2 Z=103 LR-261    bl:1     ln:1    
    952) Area:2 Z=104 RF-254    bl:1     ln:3    
    953) Area:2 Z=104 RF-256    bl:3     ln:5    
    954) Area:2 Z=104 RF-258    bl:3     ln:5    
    955) Area:2 Z=104 RF-260    bl:5     ln:7    
    956) Area:2 Z=104 RF-262    bl:2     ln:4    
    957) Area:2 Z=104 RF-264    bl:2     ln:4    
    958) Area:2 Z=104 RF-266    bl:1     ln:1    
    959) Area:2 Z=105 DB-263    bl:1     ln:1    
    960) Area:2 Z=999 FPROD     bl:47    ln:59   
    961) Area:2 Z=999 MANY      bl:739   ln:988  
